<?xml version="1.0"?>
<link_info>
   <banner>TMS320C55x Linker PC v4.4.1</banner>
   <copyright>Copyright (c) 1996-2012 Texas Instruments Incorporated</copyright>
   <link_time>0x63983bf9</link_time>
   <output_file>CORDIC.out</output_file>
   <entry_point>
      <name>_c_int00</name>
      <address>0x49cc</address>
   </entry_point>
   <input_file_list>
      <input_file id="fl-2">
         <path>.\</path>
         <kind>object</kind>
         <file>cordic.obj</file>
         <name>cordic.obj</name>
      </input_file>
      <input_file id="fl-3">
         <path>.\</path>
         <kind>object</kind>
         <file>main.obj</file>
         <name>main.obj</name>
      </input_file>
      <input_file id="fl-1a">
         <path>C:\ti\ccs1210\ccs\tools\compiler\c5500_4.4.1\lib\</path>
         <kind>archive</kind>
         <file>rts55x.lib</file>
         <name>boot.obj</name>
      </input_file>
      <input_file id="fl-1b">
         <path>C:\ti\ccs1210\ccs\tools\compiler\c5500_4.4.1\lib\</path>
         <kind>archive</kind>
         <file>rts55x.lib</file>
         <name>divd.obj</name>
      </input_file>
      <input_file id="fl-1c">
         <path>C:\ti\ccs1210\ccs\tools\compiler\c5500_4.4.1\lib\</path>
         <kind>archive</kind>
         <file>rts55x.lib</file>
         <name>exit.obj</name>
      </input_file>
      <input_file id="fl-1d">
         <path>C:\ti\ccs1210\ccs\tools\compiler\c5500_4.4.1\lib\</path>
         <kind>archive</kind>
         <file>rts55x.lib</file>
         <name>fixdi.obj</name>
      </input_file>
      <input_file id="fl-1e">
         <path>C:\ti\ccs1210\ccs\tools\compiler\c5500_4.4.1\lib\</path>
         <kind>archive</kind>
         <file>rts55x.lib</file>
         <name>fixdli.obj</name>
      </input_file>
      <input_file id="fl-1f">
         <path>C:\ti\ccs1210\ccs\tools\compiler\c5500_4.4.1\lib\</path>
         <kind>archive</kind>
         <file>rts55x.lib</file>
         <name>fltid.obj</name>
      </input_file>
      <input_file id="fl-20">
         <path>C:\ti\ccs1210\ccs\tools\compiler\c5500_4.4.1\lib\</path>
         <kind>archive</kind>
         <file>rts55x.lib</file>
         <name>fltlid.obj</name>
      </input_file>
      <input_file id="fl-21">
         <path>C:\ti\ccs1210\ccs\tools\compiler\c5500_4.4.1\lib\</path>
         <kind>archive</kind>
         <file>rts55x.lib</file>
         <name>frcmpyd_div.obj</name>
      </input_file>
      <input_file id="fl-22">
         <path>C:\ti\ccs1210\ccs\tools\compiler\c5500_4.4.1\lib\</path>
         <kind>archive</kind>
         <file>rts55x.lib</file>
         <name>lmpy.obj</name>
      </input_file>
      <input_file id="fl-23">
         <path>C:\ti\ccs1210\ccs\tools\compiler\c5500_4.4.1\lib\</path>
         <kind>archive</kind>
         <file>rts55x.lib</file>
         <name>mpyd.obj</name>
      </input_file>
      <input_file id="fl-24">
         <path>C:\ti\ccs1210\ccs\tools\compiler\c5500_4.4.1\lib\</path>
         <kind>archive</kind>
         <file>rts55x.lib</file>
         <name>printf.obj</name>
      </input_file>
      <input_file id="fl-25">
         <path>C:\ti\ccs1210\ccs\tools\compiler\c5500_4.4.1\lib\</path>
         <kind>archive</kind>
         <file>rts55x.lib</file>
         <name>vectors.obj</name>
      </input_file>
      <input_file id="fl-26">
         <path>C:\ti\ccs1210\ccs\tools\compiler\c5500_4.4.1\lib\</path>
         <kind>archive</kind>
         <file>rts55x.lib</file>
         <name>_lock.obj</name>
      </input_file>
      <input_file id="fl-27">
         <path>C:\ti\ccs1210\ccs\tools\compiler\c5500_4.4.1\lib\</path>
         <kind>archive</kind>
         <file>rts55x.lib</file>
         <name>_printfi.obj</name>
      </input_file>
      <input_file id="fl-28">
         <path>C:\ti\ccs1210\ccs\tools\compiler\c5500_4.4.1\lib\</path>
         <kind>archive</kind>
         <file>rts55x.lib</file>
         <name>args_main.obj</name>
      </input_file>
      <input_file id="fl-29">
         <path>C:\ti\ccs1210\ccs\tools\compiler\c5500_4.4.1\lib\</path>
         <kind>archive</kind>
         <file>rts55x.lib</file>
         <name>atoi.obj</name>
      </input_file>
      <input_file id="fl-2a">
         <path>C:\ti\ccs1210\ccs\tools\compiler\c5500_4.4.1\lib\</path>
         <kind>archive</kind>
         <file>rts55x.lib</file>
         <name>autoinit.obj</name>
      </input_file>
      <input_file id="fl-2b">
         <path>C:\ti\ccs1210\ccs\tools\compiler\c5500_4.4.1\lib\</path>
         <kind>archive</kind>
         <file>rts55x.lib</file>
         <name>cmpd.obj</name>
      </input_file>
      <input_file id="fl-2c">
         <path>C:\ti\ccs1210\ccs\tools\compiler\c5500_4.4.1\lib\</path>
         <kind>archive</kind>
         <file>rts55x.lib</file>
         <name>ctype.obj</name>
      </input_file>
      <input_file id="fl-2d">
         <path>C:\ti\ccs1210\ccs\tools\compiler\c5500_4.4.1\lib\</path>
         <kind>archive</kind>
         <file>rts55x.lib</file>
         <name>defs.obj</name>
      </input_file>
      <input_file id="fl-2e">
         <path>C:\ti\ccs1210\ccs\tools\compiler\c5500_4.4.1\lib\</path>
         <kind>archive</kind>
         <file>rts55x.lib</file>
         <name>divul.obj</name>
      </input_file>
      <input_file id="fl-2f">
         <path>C:\ti\ccs1210\ccs\tools\compiler\c5500_4.4.1\lib\</path>
         <kind>archive</kind>
         <file>rts55x.lib</file>
         <name>fputc.obj</name>
      </input_file>
      <input_file id="fl-30">
         <path>C:\ti\ccs1210\ccs\tools\compiler\c5500_4.4.1\lib\</path>
         <kind>archive</kind>
         <file>rts55x.lib</file>
         <name>fputs.obj</name>
      </input_file>
      <input_file id="fl-31">
         <path>C:\ti\ccs1210\ccs\tools\compiler\c5500_4.4.1\lib\</path>
         <kind>archive</kind>
         <file>rts55x.lib</file>
         <name>frcmpyd.obj</name>
      </input_file>
      <input_file id="fl-32">
         <path>C:\ti\ccs1210\ccs\tools\compiler\c5500_4.4.1\lib\</path>
         <kind>archive</kind>
         <file>rts55x.lib</file>
         <name>isinf.obj</name>
      </input_file>
      <input_file id="fl-33">
         <path>C:\ti\ccs1210\ccs\tools\compiler\c5500_4.4.1\lib\</path>
         <kind>archive</kind>
         <file>rts55x.lib</file>
         <name>llmpy.obj</name>
      </input_file>
      <input_file id="fl-34">
         <path>C:\ti\ccs1210\ccs\tools\compiler\c5500_4.4.1\lib\</path>
         <kind>archive</kind>
         <file>rts55x.lib</file>
         <name>lowlev.obj</name>
      </input_file>
      <input_file id="fl-35">
         <path>C:\ti\ccs1210\ccs\tools\compiler\c5500_4.4.1\lib\</path>
         <kind>archive</kind>
         <file>rts55x.lib</file>
         <name>ltoa.obj</name>
      </input_file>
      <input_file id="fl-36">
         <path>C:\ti\ccs1210\ccs\tools\compiler\c5500_4.4.1\lib\</path>
         <kind>archive</kind>
         <file>rts55x.lib</file>
         <name>memccpy.obj</name>
      </input_file>
      <input_file id="fl-37">
         <path>C:\ti\ccs1210\ccs\tools\compiler\c5500_4.4.1\lib\</path>
         <kind>archive</kind>
         <file>rts55x.lib</file>
         <name>memcpy.obj</name>
      </input_file>
      <input_file id="fl-38">
         <path>C:\ti\ccs1210\ccs\tools\compiler\c5500_4.4.1\lib\</path>
         <kind>archive</kind>
         <file>rts55x.lib</file>
         <name>negd.obj</name>
      </input_file>
      <input_file id="fl-39">
         <path>C:\ti\ccs1210\ccs\tools\compiler\c5500_4.4.1\lib\</path>
         <kind>archive</kind>
         <file>rts55x.lib</file>
         <name>remli.obj</name>
      </input_file>
      <input_file id="fl-3a">
         <path>C:\ti\ccs1210\ccs\tools\compiler\c5500_4.4.1\lib\</path>
         <kind>archive</kind>
         <file>rts55x.lib</file>
         <name>remul.obj</name>
      </input_file>
      <input_file id="fl-3b">
         <path>C:\ti\ccs1210\ccs\tools\compiler\c5500_4.4.1\lib\</path>
         <kind>archive</kind>
         <file>rts55x.lib</file>
         <name>subd.obj</name>
      </input_file>
      <input_file id="fl-3c">
         <path>C:\ti\ccs1210\ccs\tools\compiler\c5500_4.4.1\lib\</path>
         <kind>archive</kind>
         <file>rts55x.lib</file>
         <name>trgdrv.obj</name>
      </input_file>
      <input_file id="fl-3d">
         <path>C:\ti\ccs1210\ccs\tools\compiler\c5500_4.4.1\lib\</path>
         <kind>archive</kind>
         <file>rts55x.lib</file>
         <name>trgmsg.obj</name>
      </input_file>
      <input_file id="fl-3e">
         <path>C:\ti\ccs1210\ccs\tools\compiler\c5500_4.4.1\lib\</path>
         <kind>archive</kind>
         <file>rts55x.lib</file>
         <name>udiv.obj</name>
      </input_file>
      <input_file id="fl-3f">
         <path>C:\ti\ccs1210\ccs\tools\compiler\c5500_4.4.1\lib\</path>
         <kind>archive</kind>
         <file>rts55x.lib</file>
         <name>_io_perm.obj</name>
      </input_file>
      <input_file id="fl-40">
         <path>C:\ti\ccs1210\ccs\tools\compiler\c5500_4.4.1\lib\</path>
         <kind>archive</kind>
         <file>rts55x.lib</file>
         <name>addd.obj</name>
      </input_file>
      <input_file id="fl-41">
         <path>C:\ti\ccs1210\ccs\tools\compiler\c5500_4.4.1\lib\</path>
         <kind>archive</kind>
         <file>rts55x.lib</file>
         <name>divli.obj</name>
      </input_file>
      <input_file id="fl-42">
         <path>C:\ti\ccs1210\ccs\tools\compiler\c5500_4.4.1\lib\</path>
         <kind>archive</kind>
         <file>rts55x.lib</file>
         <name>fflush.obj</name>
      </input_file>
      <input_file id="fl-43">
         <path>C:\ti\ccs1210\ccs\tools\compiler\c5500_4.4.1\lib\</path>
         <kind>archive</kind>
         <file>rts55x.lib</file>
         <name>fseek.obj</name>
      </input_file>
      <input_file id="fl-44">
         <path>C:\ti\ccs1210\ccs\tools\compiler\c5500_4.4.1\lib\</path>
         <kind>archive</kind>
         <file>rts55x.lib</file>
         <name>setvbuf.obj</name>
      </input_file>
      <input_file id="fl-45">
         <path>C:\ti\ccs1210\ccs\tools\compiler\c5500_4.4.1\lib\</path>
         <kind>archive</kind>
         <file>rts55x.lib</file>
         <name>fopen.obj</name>
      </input_file>
      <input_file id="fl-46">
         <path>C:\ti\ccs1210\ccs\tools\compiler\c5500_4.4.1\lib\</path>
         <kind>archive</kind>
         <file>rts55x.lib</file>
         <name>memory.obj</name>
      </input_file>
      <input_file id="fl-47">
         <path>C:\ti\ccs1210\ccs\tools\compiler\c5500_4.4.1\lib\</path>
         <kind>archive</kind>
         <file>rts55x.lib</file>
         <name>fclose.obj</name>
      </input_file>
      <input_file id="fl-48">
         <path>C:\ti\ccs1210\ccs\tools\compiler\c5500_4.4.1\lib\</path>
         <kind>archive</kind>
         <file>rts55x.lib</file>
         <name>remove.obj</name>
      </input_file>
   </input_file_list>
   <object_component_list>
      <object_component id="oc-5a">
         <name>.text</name>
         <load_address>0x300</load_address>
         <run_address>0x300</run_address>
         <size>0x15a4</size>
         <input_file_ref idref="fl-27"/>
      </object_component>
      <object_component id="oc-8f">
         <name>.text</name>
         <load_address>0x18a4</load_address>
         <run_address>0x18a4</run_address>
         <size>0x543</size>
         <input_file_ref idref="fl-34"/>
      </object_component>
      <object_component id="oc-b1">
         <name>.text</name>
         <load_address>0x1de7</load_address>
         <run_address>0x1de7</run_address>
         <size>0x528</size>
         <input_file_ref idref="fl-3c"/>
      </object_component>
      <object_component id="oc-de">
         <name>.text</name>
         <load_address>0x230f</load_address>
         <run_address>0x230f</run_address>
         <size>0x4b5</size>
         <input_file_ref idref="fl-46"/>
      </object_component>
      <object_component id="oc-14">
         <name>.text</name>
         <load_address>0x27c4</load_address>
         <run_address>0x27c4</run_address>
         <size>0x469</size>
         <input_file_ref idref="fl-2"/>
      </object_component>
      <object_component id="oc-24">
         <name>.text</name>
         <load_address>0x2c2d</load_address>
         <run_address>0x2c2d</run_address>
         <size>0x3cc</size>
         <input_file_ref idref="fl-1b"/>
      </object_component>
      <object_component id="oc-1a">
         <name>.text</name>
         <load_address>0x2ff9</load_address>
         <run_address>0x2ff9</run_address>
         <size>0x328</size>
         <input_file_ref idref="fl-3"/>
      </object_component>
      <object_component id="oc-d8">
         <name>.text</name>
         <load_address>0x3321</load_address>
         <run_address>0x3321</run_address>
         <size>0x27f</size>
         <input_file_ref idref="fl-45"/>
      </object_component>
      <object_component id="oc-8b">
         <name>.text</name>
         <load_address>0x35a0</load_address>
         <run_address>0x35a0</run_address>
         <size>0x25e</size>
         <input_file_ref idref="fl-33"/>
      </object_component>
      <object_component id="oc-c4">
         <name>.text</name>
         <load_address>0x37fe</load_address>
         <run_address>0x37fe</run_address>
         <size>0x25a</size>
         <input_file_ref idref="fl-40"/>
      </object_component>
      <object_component id="oc-6c">
         <name>.text</name>
         <load_address>0x3a58</load_address>
         <run_address>0x3a58</run_address>
         <size>0x1ea</size>
         <input_file_ref idref="fl-2b"/>
      </object_component>
      <object_component id="oc-7e">
         <name>.text</name>
         <load_address>0x3c42</load_address>
         <run_address>0x3c42</run_address>
         <size>0x163</size>
         <input_file_ref idref="fl-30"/>
      </object_component>
      <object_component id="oc-48">
         <name>.text</name>
         <load_address>0x3da5</load_address>
         <run_address>0x3da5</run_address>
         <size>0x14c</size>
         <input_file_ref idref="fl-23"/>
      </object_component>
      <object_component id="oc-d4">
         <name>.text</name>
         <load_address>0x3ef1</load_address>
         <run_address>0x3ef1</run_address>
         <size>0xe6</size>
         <input_file_ref idref="fl-44"/>
      </object_component>
      <object_component id="oc-c0">
         <name>.text</name>
         <load_address>0x3fd7</load_address>
         <run_address>0x3fd7</run_address>
         <size>0xdd</size>
         <input_file_ref idref="fl-3f"/>
      </object_component>
      <object_component id="oc-cc">
         <name>.text</name>
         <load_address>0x40b4</load_address>
         <run_address>0x40b4</run_address>
         <size>0xc2</size>
         <input_file_ref idref="fl-42"/>
      </object_component>
      <object_component id="oc-b9">
         <name>.text:CIO_breakpoint</name>
         <load_address>0x4176</load_address>
         <run_address>0x4176</run_address>
         <size>0xba</size>
         <input_file_ref idref="fl-3d"/>
      </object_component>
      <object_component id="oc-7a">
         <name>.text</name>
         <load_address>0x4230</load_address>
         <run_address>0x4230</run_address>
         <size>0xa6</size>
         <input_file_ref idref="fl-2f"/>
      </object_component>
      <object_component id="oc-76">
         <name>.text</name>
         <load_address>0x42d6</load_address>
         <run_address>0x42d6</run_address>
         <size>0xa1</size>
         <input_file_ref idref="fl-2e"/>
      </object_component>
      <object_component id="oc-95">
         <name>.text</name>
         <load_address>0x4377</load_address>
         <run_address>0x4377</run_address>
         <size>0x7d</size>
         <input_file_ref idref="fl-35"/>
      </object_component>
      <object_component id="oc-e5">
         <name>.text</name>
         <load_address>0x43f4</load_address>
         <run_address>0x43f4</run_address>
         <size>0x7b</size>
         <input_file_ref idref="fl-47"/>
      </object_component>
      <object_component id="oc-83">
         <name>.text</name>
         <load_address>0x446f</load_address>
         <run_address>0x446f</run_address>
         <size>0x76</size>
         <input_file_ref idref="fl-31"/>
      </object_component>
      <object_component id="oc-40">
         <name>.text</name>
         <load_address>0x44e5</load_address>
         <run_address>0x44e5</run_address>
         <size>0x73</size>
         <input_file_ref idref="fl-21"/>
      </object_component>
      <object_component id="oc-a9">
         <name>.text</name>
         <load_address>0x4558</load_address>
         <run_address>0x4558</run_address>
         <size>0x72</size>
         <input_file_ref idref="fl-3a"/>
      </object_component>
      <object_component id="oc-33">
         <name>.text</name>
         <load_address>0x45ca</load_address>
         <run_address>0x45ca</run_address>
         <size>0x6f</size>
         <input_file_ref idref="fl-1e"/>
      </object_component>
      <object_component id="oc-b6">
         <name>.text</name>
         <load_address>0x4639</load_address>
         <run_address>0x4639</run_address>
         <size>0x6d</size>
         <input_file_ref idref="fl-3d"/>
      </object_component>
      <object_component id="oc-d0">
         <name>.text</name>
         <load_address>0x46a6</load_address>
         <run_address>0x46a6</run_address>
         <size>0x6b</size>
         <input_file_ref idref="fl-43"/>
      </object_component>
      <object_component id="oc-3b">
         <name>.text</name>
         <load_address>0x4711</load_address>
         <run_address>0x4711</run_address>
         <size>0x67</size>
         <input_file_ref idref="fl-20"/>
      </object_component>
      <object_component id="oc-64">
         <name>.text</name>
         <load_address>0x4778</load_address>
         <run_address>0x4778</run_address>
         <size>0x5c</size>
         <input_file_ref idref="fl-29"/>
      </object_component>
      <object_component id="oc-4c">
         <name>.text</name>
         <load_address>0x47d4</load_address>
         <run_address>0x47d4</run_address>
         <size>0x50</size>
         <input_file_ref idref="fl-24"/>
      </object_component>
      <object_component id="oc-68">
         <name>.text</name>
         <load_address>0x4824</load_address>
         <run_address>0x4824</run_address>
         <size>0x4d</size>
         <input_file_ref idref="fl-2a"/>
      </object_component>
      <object_component id="oc-60">
         <name>.text</name>
         <load_address>0x4871</load_address>
         <run_address>0x4871</run_address>
         <size>0x4b</size>
         <input_file_ref idref="fl-28"/>
      </object_component>
      <object_component id="oc-a5">
         <name>.text</name>
         <load_address>0x48bc</load_address>
         <run_address>0x48bc</run_address>
         <size>0x4b</size>
         <input_file_ref idref="fl-39"/>
      </object_component>
      <object_component id="oc-c8">
         <name>.text</name>
         <load_address>0x4907</load_address>
         <run_address>0x4907</run_address>
         <size>0x48</size>
         <input_file_ref idref="fl-41"/>
      </object_component>
      <object_component id="oc-9d">
         <name>.text</name>
         <load_address>0x494f</load_address>
         <run_address>0x494f</run_address>
         <size>0x3f</size>
         <input_file_ref idref="fl-37"/>
      </object_component>
      <object_component id="oc-28">
         <name>.text</name>
         <load_address>0x498e</load_address>
         <run_address>0x498e</run_address>
         <size>0x3e</size>
         <input_file_ref idref="fl-1c"/>
      </object_component>
      <object_component id="oc-12">
         <name>.text</name>
         <load_address>0x49cc</load_address>
         <run_address>0x49cc</run_address>
         <size>0x34</size>
         <input_file_ref idref="fl-1a"/>
      </object_component>
      <object_component id="oc-2f">
         <name>.text</name>
         <load_address>0x4a00</load_address>
         <run_address>0x4a00</run_address>
         <size>0x2a</size>
         <input_file_ref idref="fl-1d"/>
      </object_component>
      <object_component id="oc-bc">
         <name>.text</name>
         <load_address>0x4a2a</load_address>
         <run_address>0x4a2a</run_address>
         <size>0x2a</size>
         <input_file_ref idref="fl-3e"/>
      </object_component>
      <object_component id="oc-99">
         <name>.text</name>
         <load_address>0x4a54</load_address>
         <run_address>0x4a54</run_address>
         <size>0x23</size>
         <input_file_ref idref="fl-36"/>
      </object_component>
      <object_component id="oc-87">
         <name>.text</name>
         <load_address>0x4a77</load_address>
         <run_address>0x4a77</run_address>
         <size>0x1a</size>
         <input_file_ref idref="fl-32"/>
      </object_component>
      <object_component id="oc-ad">
         <name>.text</name>
         <load_address>0x4a91</load_address>
         <run_address>0x4a91</run_address>
         <size>0x14</size>
         <input_file_ref idref="fl-3b"/>
      </object_component>
      <object_component id="oc-44">
         <name>.text</name>
         <load_address>0x4aa5</load_address>
         <run_address>0x4aa5</run_address>
         <size>0x13</size>
         <input_file_ref idref="fl-22"/>
      </object_component>
      <object_component id="oc-54">
         <name>.text</name>
         <load_address>0x4ab8</load_address>
         <run_address>0x4ab8</run_address>
         <size>0x12</size>
         <input_file_ref idref="fl-26"/>
      </object_component>
      <object_component id="oc-a1">
         <name>.text</name>
         <load_address>0x4aca</load_address>
         <run_address>0x4aca</run_address>
         <size>0x10</size>
         <input_file_ref idref="fl-38"/>
      </object_component>
      <object_component id="oc-37">
         <name>.text</name>
         <load_address>0x4ada</load_address>
         <run_address>0x4ada</run_address>
         <size>0xc</size>
         <input_file_ref idref="fl-1f"/>
      </object_component>
      <object_component id="oc-e9">
         <name>.text</name>
         <load_address>0x4ae6</load_address>
         <run_address>0x4ae6</run_address>
         <size>0xa</size>
         <input_file_ref idref="fl-48"/>
      </object_component>
      <object_component id="oc-2c">
         <name>.text:CIO_breakpoint</name>
         <load_address>0x4af0</load_address>
         <run_address>0x4af0</run_address>
         <size>0x7</size>
         <input_file_ref idref="fl-1c"/>
      </object_component>
      <object_component id="oc-50">
         <name>.text</name>
         <load_address>0x4af7</load_address>
         <run_address>0x4af7</run_address>
         <size>0x2</size>
         <input_file_ref idref="fl-25"/>
      </object_component>
      <object_component id="oc-20">
         <name>.stack</name>
         <load_address>0x4b00</load_address>
         <run_address>0x4b00</run_address>
         <size>0x0</size>
         <input_file_ref idref="fl-1a"/>
      </object_component>
      <object_component id="oc-10f">
         <name>.stack</name>
         <load_address>0x4b00</load_address>
         <run_address>0x4b00</run_address>
         <size>0x0</size>
      </object_component>
      <object_component id="oc-ed">
         <name>.sysstack</name>
         <load_address>0x8b00</load_address>
         <run_address>0x8b00</run_address>
         <size>0x0</size>
         <input_file_ref idref="fl-1a"/>
      </object_component>
      <object_component id="oc-111">
         <name>.sysstack</name>
         <load_address>0x8b00</load_address>
         <run_address>0x8b00</run_address>
         <size>0x0</size>
      </object_component>
      <object_component id="oc-72">
         <name>.bss</name>
         <load_address>0xa500</load_address>
         <run_address>0xa500</run_address>
         <size>0x232</size>
         <input_file_ref idref="fl-2d"/>
      </object_component>
      <object_component id="oc-b2">
         <name>.bss</name>
         <load_address>0xa732</load_address>
         <run_address>0xa732</run_address>
         <size>0x1a0</size>
         <input_file_ref idref="fl-3c"/>
      </object_component>
      <object_component id="oc-d9">
         <name>.bss</name>
         <load_address>0xa8d2</load_address>
         <run_address>0xa8d2</run_address>
         <size>0x2</size>
         <input_file_ref idref="fl-45"/>
      </object_component>
      <object_component id="oc-90">
         <name>.bss</name>
         <load_address>0xa8d4</load_address>
         <run_address>0xa8d4</run_address>
         <size>0xe2</size>
         <input_file_ref idref="fl-34"/>
      </object_component>
      <object_component id="oc-df">
         <name>.bss</name>
         <load_address>0xa9b8</load_address>
         <run_address>0xa9b8</run_address>
         <size>0xc</size>
         <input_file_ref idref="fl-46"/>
      </object_component>
      <object_component id="oc-55">
         <name>.bss</name>
         <load_address>0xa9c4</load_address>
         <run_address>0xa9c4</run_address>
         <size>0x8</size>
         <input_file_ref idref="fl-26"/>
      </object_component>
      <object_component id="oc-29">
         <name>.bss</name>
         <load_address>0xa9cc</load_address>
         <run_address>0xa9cc</run_address>
         <size>0x8</size>
         <input_file_ref idref="fl-1c"/>
      </object_component>
      <object_component id="oc-1c">
         <name>.const:.string</name>
         <load_address>0x9b00</load_address>
         <run_address>0x9b00</run_address>
         <size>0x614</size>
         <input_file_ref idref="fl-3"/>
      </object_component>
      <object_component id="oc-f6">
         <name>.const:__ctypes_</name>
         <load_address>0xa114</load_address>
         <run_address>0xa114</run_address>
         <size>0x202</size>
         <input_file_ref idref="fl-2c"/>
      </object_component>
      <object_component id="oc-5d">
         <name>.const:.string</name>
         <load_address>0xa318</load_address>
         <run_address>0xa318</run_address>
         <size>0x48</size>
         <input_file_ref idref="fl-27"/>
      </object_component>
      <object_component id="oc-f4">
         <name>.const:_MULTIPLY_DIVIDE</name>
         <load_address>0xa360</load_address>
         <run_address>0xa360</run_address>
         <size>0x48</size>
         <input_file_ref idref="fl-3"/>
      </object_component>
      <object_component id="oc-f3">
         <name>.const:_POLAR_RECT</name>
         <load_address>0xa3a8</load_address>
         <run_address>0xa3a8</run_address>
         <size>0x48</size>
         <input_file_ref idref="fl-3"/>
      </object_component>
      <object_component id="oc-f2">
         <name>.const:_ANGLES</name>
         <load_address>0xa3f0</load_address>
         <run_address>0xa3f0</run_address>
         <size>0x24</size>
         <input_file_ref idref="fl-3"/>
      </object_component>
      <object_component id="oc-f0">
         <name>.const:_CORDIC_CTAB_CIRCULAR</name>
         <load_address>0xa414</load_address>
         <run_address>0xa414</run_address>
         <size>0x20</size>
         <input_file_ref idref="fl-2"/>
      </object_component>
      <object_component id="oc-ef">
         <name>.const:_CORDIC_CTAB_HYPERBOLIC</name>
         <load_address>0xa434</load_address>
         <run_address>0xa434</run_address>
         <size>0x20</size>
         <input_file_ref idref="fl-2"/>
      </object_component>
      <object_component id="oc-f1">
         <name>.const:_CORDIC_CTAB_LINEAR</name>
         <load_address>0xa454</load_address>
         <run_address>0xa454</run_address>
         <size>0x20</size>
         <input_file_ref idref="fl-2"/>
      </object_component>
      <object_component id="oc-ee">
         <name>.const:_CORDIC_HYPERBOLIC_STEPS</name>
         <load_address>0xa474</load_address>
         <run_address>0xa474</run_address>
         <size>0x20</size>
         <input_file_ref idref="fl-2"/>
      </object_component>
      <object_component id="oc-16">
         <name>.const</name>
         <load_address>0xa494</load_address>
         <run_address>0xa494</run_address>
         <size>0x20</size>
         <input_file_ref idref="fl-2"/>
      </object_component>
      <object_component id="oc-5c">
         <name>.const</name>
         <load_address>0xa4b4</load_address>
         <run_address>0xa4b4</run_address>
         <size>0x18</size>
         <input_file_ref idref="fl-27"/>
      </object_component>
      <object_component id="oc-f5">
         <name>.const:_initial_approx$1</name>
         <load_address>0xa4cc</load_address>
         <run_address>0xa4cc</run_address>
         <size>0x10</size>
         <input_file_ref idref="fl-1b"/>
      </object_component>
      <object_component id="oc-80">
         <name>.const:.string</name>
         <load_address>0xa4dc</load_address>
         <run_address>0xa4dc</run_address>
         <size>0x4</size>
         <input_file_ref idref="fl-30"/>
      </object_component>
      <object_component id="oc-3d">
         <name>.const</name>
         <load_address>0xa4e0</load_address>
         <run_address>0xa4e0</run_address>
         <size>0x4</size>
         <input_file_ref idref="fl-20"/>
      </object_component>
      <object_component id="oc-e2">
         <name>.sysmem</name>
         <uninitialized>true</uninitialized>
         <run_address>0x6b00</run_address>
         <size>0x0</size>
         <input_file_ref idref="fl-46"/>
      </object_component>
      <object_component id="oc-110">
         <name>.sysmem</name>
         <uninitialized>true</uninitialized>
         <run_address>0x6b00</run_address>
         <size>0x0</size>
      </object_component>
      <object_component id="oc-92">
         <name>.cinit</name>
         <load_address>0xac20</load_address>
         <run_address>0xac20</run_address>
         <size>0x5a</size>
         <input_file_ref idref="fl-34"/>
      </object_component>
      <object_component id="oc-74">
         <name>.cinit</name>
         <load_address>0xac7a</load_address>
         <run_address>0xac7a</run_address>
         <size>0x54</size>
         <input_file_ref idref="fl-2d"/>
      </object_component>
      <object_component id="oc-57">
         <name>.cinit</name>
         <load_address>0xacce</load_address>
         <run_address>0xacce</run_address>
         <size>0x14</size>
         <input_file_ref idref="fl-26"/>
      </object_component>
      <object_component id="oc-2b">
         <name>.cinit</name>
         <load_address>0xace2</load_address>
         <run_address>0xace2</run_address>
         <size>0x14</size>
         <input_file_ref idref="fl-1c"/>
      </object_component>
      <object_component id="oc-db">
         <name>.cinit</name>
         <load_address>0xacf6</load_address>
         <run_address>0xacf6</run_address>
         <size>0x8</size>
         <input_file_ref idref="fl-45"/>
      </object_component>
      <object_component id="oc-e1">
         <name>.cinit</name>
         <load_address>0xacfe</load_address>
         <run_address>0xacfe</run_address>
         <size>0x8</size>
         <input_file_ref idref="fl-46"/>
      </object_component>
      <object_component id="oc-b8">
         <name>.cio</name>
         <load_address>0xa9e0</load_address>
         <run_address>0xa9e0</run_address>
         <size>0x240</size>
         <input_file_ref idref="fl-3d"/>
      </object_component>
      <object_component id="oc-13">
         <name>vectors</name>
         <load_address>0xfe00</load_address>
         <run_address>0xfe00</run_address>
         <size>0x100</size>
         <input_file_ref idref="fl-25"/>
      </object_component>
      <object_component id="oc-15">
         <name>.debug_info</name>
         <load_address>0x0</load_address>
         <run_address>0x0</run_address>
         <size>0x1329</size>
         <input_file_ref idref="fl-2"/>
      </object_component>
      <object_component id="oc-1b">
         <name>.debug_info</name>
         <load_address>0x1329</load_address>
         <run_address>0x1329</run_address>
         <size>0xa0e</size>
         <input_file_ref idref="fl-3"/>
      </object_component>
      <object_component id="oc-21">
         <name>.debug_info</name>
         <load_address>0x1d37</load_address>
         <run_address>0x1d37</run_address>
         <size>0xe8</size>
         <input_file_ref idref="fl-1a"/>
      </object_component>
      <object_component id="oc-25">
         <name>.debug_info</name>
         <load_address>0x1e1f</load_address>
         <run_address>0x1e1f</run_address>
         <size>0x7e8</size>
         <input_file_ref idref="fl-1b"/>
      </object_component>
      <object_component id="oc-2a">
         <name>.debug_info</name>
         <load_address>0x2607</load_address>
         <run_address>0x2607</run_address>
         <size>0x5fb</size>
         <input_file_ref idref="fl-1c"/>
      </object_component>
      <object_component id="oc-30">
         <name>.debug_info</name>
         <load_address>0x2c02</load_address>
         <run_address>0x2c02</run_address>
         <size>0x4cf</size>
         <input_file_ref idref="fl-1d"/>
      </object_component>
      <object_component id="oc-34">
         <name>.debug_info</name>
         <load_address>0x30d1</load_address>
         <run_address>0x30d1</run_address>
         <size>0x534</size>
         <input_file_ref idref="fl-1e"/>
      </object_component>
      <object_component id="oc-38">
         <name>.debug_info</name>
         <load_address>0x3605</load_address>
         <run_address>0x3605</run_address>
         <size>0x4cf</size>
         <input_file_ref idref="fl-1f"/>
      </object_component>
      <object_component id="oc-3c">
         <name>.debug_info</name>
         <load_address>0x3ad4</load_address>
         <run_address>0x3ad4</run_address>
         <size>0x549</size>
         <input_file_ref idref="fl-20"/>
      </object_component>
      <object_component id="oc-41">
         <name>.debug_info</name>
         <load_address>0x401d</load_address>
         <run_address>0x401d</run_address>
         <size>0x53e</size>
         <input_file_ref idref="fl-21"/>
      </object_component>
      <object_component id="oc-45">
         <name>.debug_info</name>
         <load_address>0x455b</load_address>
         <run_address>0x455b</run_address>
         <size>0xbd</size>
         <input_file_ref idref="fl-22"/>
      </object_component>
      <object_component id="oc-49">
         <name>.debug_info</name>
         <load_address>0x4618</load_address>
         <run_address>0x4618</run_address>
         <size>0x55b</size>
         <input_file_ref idref="fl-23"/>
      </object_component>
      <object_component id="oc-4d">
         <name>.debug_info</name>
         <load_address>0x4b73</load_address>
         <run_address>0x4b73</run_address>
         <size>0x76c</size>
         <input_file_ref idref="fl-24"/>
      </object_component>
      <object_component id="oc-51">
         <name>.debug_info</name>
         <load_address>0x52df</load_address>
         <run_address>0x52df</run_address>
         <size>0xbc</size>
         <input_file_ref idref="fl-25"/>
      </object_component>
      <object_component id="oc-56">
         <name>.debug_info</name>
         <load_address>0x539b</load_address>
         <run_address>0x539b</run_address>
         <size>0x5bc</size>
         <input_file_ref idref="fl-26"/>
      </object_component>
      <object_component id="oc-5b">
         <name>.debug_info</name>
         <load_address>0x5957</load_address>
         <run_address>0x5957</run_address>
         <size>0x27bd</size>
         <input_file_ref idref="fl-27"/>
      </object_component>
      <object_component id="oc-61">
         <name>.debug_info</name>
         <load_address>0x8114</load_address>
         <run_address>0x8114</run_address>
         <size>0x586</size>
         <input_file_ref idref="fl-28"/>
      </object_component>
      <object_component id="oc-65">
         <name>.debug_info</name>
         <load_address>0x869a</load_address>
         <run_address>0x869a</run_address>
         <size>0x5a4</size>
         <input_file_ref idref="fl-29"/>
      </object_component>
      <object_component id="oc-69">
         <name>.debug_info</name>
         <load_address>0x8c3e</load_address>
         <run_address>0x8c3e</run_address>
         <size>0xcd</size>
         <input_file_ref idref="fl-2a"/>
      </object_component>
      <object_component id="oc-6d">
         <name>.debug_info</name>
         <load_address>0x8d0b</load_address>
         <run_address>0x8d0b</run_address>
         <size>0x81f</size>
         <input_file_ref idref="fl-2b"/>
      </object_component>
      <object_component id="oc-70">
         <name>.debug_info</name>
         <load_address>0x952a</load_address>
         <run_address>0x952a</run_address>
         <size>0x498</size>
         <input_file_ref idref="fl-2c"/>
      </object_component>
      <object_component id="oc-73">
         <name>.debug_info</name>
         <load_address>0x99c2</load_address>
         <run_address>0x99c2</run_address>
         <size>0x57e</size>
         <input_file_ref idref="fl-2d"/>
      </object_component>
      <object_component id="oc-77">
         <name>.debug_info</name>
         <load_address>0x9f40</load_address>
         <run_address>0x9f40</run_address>
         <size>0x534</size>
         <input_file_ref idref="fl-2e"/>
      </object_component>
      <object_component id="oc-7b">
         <name>.debug_info</name>
         <load_address>0xa474</load_address>
         <run_address>0xa474</run_address>
         <size>0x6aa</size>
         <input_file_ref idref="fl-2f"/>
      </object_component>
      <object_component id="oc-7f">
         <name>.debug_info</name>
         <load_address>0xab1e</load_address>
         <run_address>0xab1e</run_address>
         <size>0x942</size>
         <input_file_ref idref="fl-30"/>
      </object_component>
      <object_component id="oc-84">
         <name>.debug_info</name>
         <load_address>0xb460</load_address>
         <run_address>0xb460</run_address>
         <size>0x4d2</size>
         <input_file_ref idref="fl-31"/>
      </object_component>
      <object_component id="oc-88">
         <name>.debug_info</name>
         <load_address>0xb932</load_address>
         <run_address>0xb932</run_address>
         <size>0x680</size>
         <input_file_ref idref="fl-32"/>
      </object_component>
      <object_component id="oc-8c">
         <name>.debug_info</name>
         <load_address>0xbfb2</load_address>
         <run_address>0xbfb2</run_address>
         <size>0x7d4</size>
         <input_file_ref idref="fl-33"/>
      </object_component>
      <object_component id="oc-91">
         <name>.debug_info</name>
         <load_address>0xc786</load_address>
         <run_address>0xc786</run_address>
         <size>0x144b</size>
         <input_file_ref idref="fl-34"/>
      </object_component>
      <object_component id="oc-96">
         <name>.debug_info</name>
         <load_address>0xdbd1</load_address>
         <run_address>0xdbd1</run_address>
         <size>0x5ad</size>
         <input_file_ref idref="fl-35"/>
      </object_component>
      <object_component id="oc-9a">
         <name>.debug_info</name>
         <load_address>0xe17e</load_address>
         <run_address>0xe17e</run_address>
         <size>0x574</size>
         <input_file_ref idref="fl-36"/>
      </object_component>
      <object_component id="oc-9e">
         <name>.debug_info</name>
         <load_address>0xe6f2</load_address>
         <run_address>0xe6f2</run_address>
         <size>0xd1</size>
         <input_file_ref idref="fl-37"/>
      </object_component>
      <object_component id="oc-a2">
         <name>.debug_info</name>
         <load_address>0xe7c3</load_address>
         <run_address>0xe7c3</run_address>
         <size>0x4b7</size>
         <input_file_ref idref="fl-38"/>
      </object_component>
      <object_component id="oc-a6">
         <name>.debug_info</name>
         <load_address>0xec7a</load_address>
         <run_address>0xec7a</run_address>
         <size>0x4f2</size>
         <input_file_ref idref="fl-39"/>
      </object_component>
      <object_component id="oc-aa">
         <name>.debug_info</name>
         <load_address>0xf16c</load_address>
         <run_address>0xf16c</run_address>
         <size>0x534</size>
         <input_file_ref idref="fl-3a"/>
      </object_component>
      <object_component id="oc-ae">
         <name>.debug_info</name>
         <load_address>0xf6a0</load_address>
         <run_address>0xf6a0</run_address>
         <size>0x4de</size>
         <input_file_ref idref="fl-3b"/>
      </object_component>
      <object_component id="oc-b3">
         <name>.debug_info</name>
         <load_address>0xfb7e</load_address>
         <run_address>0xfb7e</run_address>
         <size>0xed4</size>
         <input_file_ref idref="fl-3c"/>
      </object_component>
      <object_component id="oc-b7">
         <name>.debug_info</name>
         <load_address>0x10a52</load_address>
         <run_address>0x10a52</run_address>
         <size>0x744</size>
         <input_file_ref idref="fl-3d"/>
      </object_component>
      <object_component id="oc-bd">
         <name>.debug_info</name>
         <load_address>0x11196</load_address>
         <run_address>0x11196</run_address>
         <size>0xef</size>
         <input_file_ref idref="fl-3e"/>
      </object_component>
      <object_component id="oc-c1">
         <name>.debug_info</name>
         <load_address>0x11285</load_address>
         <run_address>0x11285</run_address>
         <size>0x662</size>
         <input_file_ref idref="fl-3f"/>
      </object_component>
      <object_component id="oc-c5">
         <name>.debug_info</name>
         <load_address>0x118e7</load_address>
         <run_address>0x118e7</run_address>
         <size>0x5ab</size>
         <input_file_ref idref="fl-40"/>
      </object_component>
      <object_component id="oc-c9">
         <name>.debug_info</name>
         <load_address>0x11e92</load_address>
         <run_address>0x11e92</run_address>
         <size>0x4f2</size>
         <input_file_ref idref="fl-41"/>
      </object_component>
      <object_component id="oc-cd">
         <name>.debug_info</name>
         <load_address>0x12384</load_address>
         <run_address>0x12384</run_address>
         <size>0x706</size>
         <input_file_ref idref="fl-42"/>
      </object_component>
      <object_component id="oc-d1">
         <name>.debug_info</name>
         <load_address>0x12a8a</load_address>
         <run_address>0x12a8a</run_address>
         <size>0x5f7</size>
         <input_file_ref idref="fl-43"/>
      </object_component>
      <object_component id="oc-d5">
         <name>.debug_info</name>
         <load_address>0x13081</load_address>
         <run_address>0x13081</run_address>
         <size>0x64a</size>
         <input_file_ref idref="fl-44"/>
      </object_component>
      <object_component id="oc-da">
         <name>.debug_info</name>
         <load_address>0x136cb</load_address>
         <run_address>0x136cb</run_address>
         <size>0xa1c</size>
         <input_file_ref idref="fl-45"/>
      </object_component>
      <object_component id="oc-e0">
         <name>.debug_info</name>
         <load_address>0x140e7</load_address>
         <run_address>0x140e7</run_address>
         <size>0xb97</size>
         <input_file_ref idref="fl-46"/>
      </object_component>
      <object_component id="oc-e6">
         <name>.debug_info</name>
         <load_address>0x14c7e</load_address>
         <run_address>0x14c7e</run_address>
         <size>0x64f</size>
         <input_file_ref idref="fl-47"/>
      </object_component>
      <object_component id="oc-ea">
         <name>.debug_info</name>
         <load_address>0x152cd</load_address>
         <run_address>0x152cd</run_address>
         <size>0x510</size>
         <input_file_ref idref="fl-48"/>
      </object_component>
      <object_component id="oc-113">
         <name>.debug_info</name>
         <load_address>0x157dd</load_address>
         <run_address>0x157dd</run_address>
         <size>0x6e</size>
      </object_component>
      <object_component id="oc-17">
         <name>.debug_frame</name>
         <load_address>0x0</load_address>
         <run_address>0x0</run_address>
         <size>0x238</size>
         <input_file_ref idref="fl-2"/>
      </object_component>
      <object_component id="oc-1d">
         <name>.debug_frame</name>
         <load_address>0x238</load_address>
         <run_address>0x238</run_address>
         <size>0xe6</size>
         <input_file_ref idref="fl-3"/>
      </object_component>
      <object_component id="oc-18">
         <name>.debug_line</name>
         <load_address>0x0</load_address>
         <run_address>0x0</run_address>
         <size>0x2b8</size>
         <input_file_ref idref="fl-2"/>
      </object_component>
      <object_component id="oc-1e">
         <name>.debug_line</name>
         <load_address>0x2b8</load_address>
         <run_address>0x2b8</run_address>
         <size>0x9a</size>
         <input_file_ref idref="fl-3"/>
      </object_component>
      <object_component id="oc-22">
         <name>.debug_line</name>
         <load_address>0x352</load_address>
         <run_address>0x352</run_address>
         <size>0x54</size>
         <input_file_ref idref="fl-1a"/>
      </object_component>
      <object_component id="oc-26">
         <name>.debug_line</name>
         <load_address>0x3a6</load_address>
         <run_address>0x3a6</run_address>
         <size>0x5b</size>
         <input_file_ref idref="fl-1b"/>
      </object_component>
      <object_component id="oc-2d">
         <name>.debug_line</name>
         <load_address>0x401</load_address>
         <run_address>0x401</run_address>
         <size>0x51</size>
         <input_file_ref idref="fl-1c"/>
      </object_component>
      <object_component id="oc-31">
         <name>.debug_line</name>
         <load_address>0x452</load_address>
         <run_address>0x452</run_address>
         <size>0x3d</size>
         <input_file_ref idref="fl-1d"/>
      </object_component>
      <object_component id="oc-35">
         <name>.debug_line</name>
         <load_address>0x48f</load_address>
         <run_address>0x48f</run_address>
         <size>0x3d</size>
         <input_file_ref idref="fl-1e"/>
      </object_component>
      <object_component id="oc-39">
         <name>.debug_line</name>
         <load_address>0x4cc</load_address>
         <run_address>0x4cc</run_address>
         <size>0x3d</size>
         <input_file_ref idref="fl-1f"/>
      </object_component>
      <object_component id="oc-3e">
         <name>.debug_line</name>
         <load_address>0x509</load_address>
         <run_address>0x509</run_address>
         <size>0x44</size>
         <input_file_ref idref="fl-20"/>
      </object_component>
      <object_component id="oc-42">
         <name>.debug_line</name>
         <load_address>0x54d</load_address>
         <run_address>0x54d</run_address>
         <size>0x40</size>
         <input_file_ref idref="fl-21"/>
      </object_component>
      <object_component id="oc-46">
         <name>.debug_line</name>
         <load_address>0x58d</load_address>
         <run_address>0x58d</run_address>
         <size>0x3c</size>
         <input_file_ref idref="fl-22"/>
      </object_component>
      <object_component id="oc-4a">
         <name>.debug_line</name>
         <load_address>0x5c9</load_address>
         <run_address>0x5c9</run_address>
         <size>0x3c</size>
         <input_file_ref idref="fl-23"/>
      </object_component>
      <object_component id="oc-4e">
         <name>.debug_line</name>
         <load_address>0x605</load_address>
         <run_address>0x605</run_address>
         <size>0x69</size>
         <input_file_ref idref="fl-24"/>
      </object_component>
      <object_component id="oc-52">
         <name>.debug_line</name>
         <load_address>0x66e</load_address>
         <run_address>0x66e</run_address>
         <size>0x37</size>
         <input_file_ref idref="fl-25"/>
      </object_component>
      <object_component id="oc-58">
         <name>.debug_line</name>
         <load_address>0x6a5</load_address>
         <run_address>0x6a5</run_address>
         <size>0x57</size>
         <input_file_ref idref="fl-26"/>
      </object_component>
      <object_component id="oc-5e">
         <name>.debug_line</name>
         <load_address>0x6fc</load_address>
         <run_address>0x6fc</run_address>
         <size>0x328</size>
         <input_file_ref idref="fl-27"/>
      </object_component>
      <object_component id="oc-62">
         <name>.debug_line</name>
         <load_address>0xa24</load_address>
         <run_address>0xa24</run_address>
         <size>0x41</size>
         <input_file_ref idref="fl-28"/>
      </object_component>
      <object_component id="oc-66">
         <name>.debug_line</name>
         <load_address>0xa65</load_address>
         <run_address>0xa65</run_address>
         <size>0x46</size>
         <input_file_ref idref="fl-29"/>
      </object_component>
      <object_component id="oc-6a">
         <name>.debug_line</name>
         <load_address>0xaab</load_address>
         <run_address>0xaab</run_address>
         <size>0x55</size>
         <input_file_ref idref="fl-2a"/>
      </object_component>
      <object_component id="oc-6e">
         <name>.debug_line</name>
         <load_address>0xb00</load_address>
         <run_address>0xb00</run_address>
         <size>0xad</size>
         <input_file_ref idref="fl-2b"/>
      </object_component>
      <object_component id="oc-78">
         <name>.debug_line</name>
         <load_address>0xbad</load_address>
         <run_address>0xbad</run_address>
         <size>0x44</size>
         <input_file_ref idref="fl-2e"/>
      </object_component>
      <object_component id="oc-7c">
         <name>.debug_line</name>
         <load_address>0xbf1</load_address>
         <run_address>0xbf1</run_address>
         <size>0x56</size>
         <input_file_ref idref="fl-2f"/>
      </object_component>
      <object_component id="oc-81">
         <name>.debug_line</name>
         <load_address>0xc47</load_address>
         <run_address>0xc47</run_address>
         <size>0xa8</size>
         <input_file_ref idref="fl-30"/>
      </object_component>
      <object_component id="oc-85">
         <name>.debug_line</name>
         <load_address>0xcef</load_address>
         <run_address>0xcef</run_address>
         <size>0x3a</size>
         <input_file_ref idref="fl-31"/>
      </object_component>
      <object_component id="oc-89">
         <name>.debug_line</name>
         <load_address>0xd29</load_address>
         <run_address>0xd29</run_address>
         <size>0x38</size>
         <input_file_ref idref="fl-32"/>
      </object_component>
      <object_component id="oc-8d">
         <name>.debug_line</name>
         <load_address>0xd61</load_address>
         <run_address>0xd61</run_address>
         <size>0xa8</size>
         <input_file_ref idref="fl-33"/>
      </object_component>
      <object_component id="oc-93">
         <name>.debug_line</name>
         <load_address>0xe09</load_address>
         <run_address>0xe09</run_address>
         <size>0x1b0</size>
         <input_file_ref idref="fl-34"/>
      </object_component>
      <object_component id="oc-97">
         <name>.debug_line</name>
         <load_address>0xfb9</load_address>
         <run_address>0xfb9</run_address>
         <size>0x40</size>
         <input_file_ref idref="fl-35"/>
      </object_component>
      <object_component id="oc-9b">
         <name>.debug_line</name>
         <load_address>0xff9</load_address>
         <run_address>0xff9</run_address>
         <size>0x3c</size>
         <input_file_ref idref="fl-36"/>
      </object_component>
      <object_component id="oc-9f">
         <name>.debug_line</name>
         <load_address>0x1035</load_address>
         <run_address>0x1035</run_address>
         <size>0x4d</size>
         <input_file_ref idref="fl-37"/>
      </object_component>
      <object_component id="oc-a3">
         <name>.debug_line</name>
         <load_address>0x1082</load_address>
         <run_address>0x1082</run_address>
         <size>0x37</size>
         <input_file_ref idref="fl-38"/>
      </object_component>
      <object_component id="oc-a7">
         <name>.debug_line</name>
         <load_address>0x10b9</load_address>
         <run_address>0x10b9</run_address>
         <size>0x3c</size>
         <input_file_ref idref="fl-39"/>
      </object_component>
      <object_component id="oc-ab">
         <name>.debug_line</name>
         <load_address>0x10f5</load_address>
         <run_address>0x10f5</run_address>
         <size>0x44</size>
         <input_file_ref idref="fl-3a"/>
      </object_component>
      <object_component id="oc-af">
         <name>.debug_line</name>
         <load_address>0x1139</load_address>
         <run_address>0x1139</run_address>
         <size>0x37</size>
         <input_file_ref idref="fl-3b"/>
      </object_component>
      <object_component id="oc-b4">
         <name>.debug_line</name>
         <load_address>0x1170</load_address>
         <run_address>0x1170</run_address>
         <size>0x15d</size>
         <input_file_ref idref="fl-3c"/>
      </object_component>
      <object_component id="oc-ba">
         <name>.debug_line</name>
         <load_address>0x12cd</load_address>
         <run_address>0x12cd</run_address>
         <size>0x6a</size>
         <input_file_ref idref="fl-3d"/>
      </object_component>
      <object_component id="oc-be">
         <name>.debug_line</name>
         <load_address>0x1337</load_address>
         <run_address>0x1337</run_address>
         <size>0x58</size>
         <input_file_ref idref="fl-3e"/>
      </object_component>
      <object_component id="oc-c2">
         <name>.debug_line</name>
         <load_address>0x138f</load_address>
         <run_address>0x138f</run_address>
         <size>0x57</size>
         <input_file_ref idref="fl-3f"/>
      </object_component>
      <object_component id="oc-c6">
         <name>.debug_line</name>
         <load_address>0x13e6</load_address>
         <run_address>0x13e6</run_address>
         <size>0x5c</size>
         <input_file_ref idref="fl-40"/>
      </object_component>
      <object_component id="oc-ca">
         <name>.debug_line</name>
         <load_address>0x1442</load_address>
         <run_address>0x1442</run_address>
         <size>0x3c</size>
         <input_file_ref idref="fl-41"/>
      </object_component>
      <object_component id="oc-ce">
         <name>.debug_line</name>
         <load_address>0x147e</load_address>
         <run_address>0x147e</run_address>
         <size>0x5b</size>
         <input_file_ref idref="fl-42"/>
      </object_component>
      <object_component id="oc-d2">
         <name>.debug_line</name>
         <load_address>0x14d9</load_address>
         <run_address>0x14d9</run_address>
         <size>0x3c</size>
         <input_file_ref idref="fl-43"/>
      </object_component>
      <object_component id="oc-d6">
         <name>.debug_line</name>
         <load_address>0x1515</load_address>
         <run_address>0x1515</run_address>
         <size>0x3f</size>
         <input_file_ref idref="fl-44"/>
      </object_component>
      <object_component id="oc-dc">
         <name>.debug_line</name>
         <load_address>0x1554</load_address>
         <run_address>0x1554</run_address>
         <size>0xd7</size>
         <input_file_ref idref="fl-45"/>
      </object_component>
      <object_component id="oc-e3">
         <name>.debug_line</name>
         <load_address>0x162b</load_address>
         <run_address>0x162b</run_address>
         <size>0x112</size>
         <input_file_ref idref="fl-46"/>
      </object_component>
      <object_component id="oc-e7">
         <name>.debug_line</name>
         <load_address>0x173d</load_address>
         <run_address>0x173d</run_address>
         <size>0x3d</size>
         <input_file_ref idref="fl-47"/>
      </object_component>
      <object_component id="oc-eb">
         <name>.debug_line</name>
         <load_address>0x177a</load_address>
         <run_address>0x177a</run_address>
         <size>0x39</size>
         <input_file_ref idref="fl-48"/>
      </object_component>
      <object_component id="oc-19">
         <name>.debug_abbrev</name>
         <load_address>0x0</load_address>
         <run_address>0x0</run_address>
         <size>0x159</size>
         <input_file_ref idref="fl-2"/>
      </object_component>
      <object_component id="oc-1f">
         <name>.debug_abbrev</name>
         <load_address>0x159</load_address>
         <run_address>0x159</run_address>
         <size>0xf9</size>
         <input_file_ref idref="fl-3"/>
      </object_component>
      <object_component id="oc-23">
         <name>.debug_abbrev</name>
         <load_address>0x252</load_address>
         <run_address>0x252</run_address>
         <size>0x3a</size>
         <input_file_ref idref="fl-1a"/>
      </object_component>
      <object_component id="oc-27">
         <name>.debug_abbrev</name>
         <load_address>0x28c</load_address>
         <run_address>0x28c</run_address>
         <size>0x112</size>
         <input_file_ref idref="fl-1b"/>
      </object_component>
      <object_component id="oc-2e">
         <name>.debug_abbrev</name>
         <load_address>0x39e</load_address>
         <run_address>0x39e</run_address>
         <size>0xf7</size>
         <input_file_ref idref="fl-1c"/>
      </object_component>
      <object_component id="oc-32">
         <name>.debug_abbrev</name>
         <load_address>0x495</load_address>
         <run_address>0x495</run_address>
         <size>0x8f</size>
         <input_file_ref idref="fl-1d"/>
      </object_component>
      <object_component id="oc-36">
         <name>.debug_abbrev</name>
         <load_address>0x524</load_address>
         <run_address>0x524</run_address>
         <size>0xb7</size>
         <input_file_ref idref="fl-1e"/>
      </object_component>
      <object_component id="oc-3a">
         <name>.debug_abbrev</name>
         <load_address>0x5db</load_address>
         <run_address>0x5db</run_address>
         <size>0x8f</size>
         <input_file_ref idref="fl-1f"/>
      </object_component>
      <object_component id="oc-3f">
         <name>.debug_abbrev</name>
         <load_address>0x66a</load_address>
         <run_address>0x66a</run_address>
         <size>0xc2</size>
         <input_file_ref idref="fl-20"/>
      </object_component>
      <object_component id="oc-43">
         <name>.debug_abbrev</name>
         <load_address>0x72c</load_address>
         <run_address>0x72c</run_address>
         <size>0x9a</size>
         <input_file_ref idref="fl-21"/>
      </object_component>
      <object_component id="oc-47">
         <name>.debug_abbrev</name>
         <load_address>0x7c6</load_address>
         <run_address>0x7c6</run_address>
         <size>0x38</size>
         <input_file_ref idref="fl-22"/>
      </object_component>
      <object_component id="oc-4b">
         <name>.debug_abbrev</name>
         <load_address>0x7fe</load_address>
         <run_address>0x7fe</run_address>
         <size>0xdc</size>
         <input_file_ref idref="fl-23"/>
      </object_component>
      <object_component id="oc-4f">
         <name>.debug_abbrev</name>
         <load_address>0x8da</load_address>
         <run_address>0x8da</run_address>
         <size>0x145</size>
         <input_file_ref idref="fl-24"/>
      </object_component>
      <object_component id="oc-53">
         <name>.debug_abbrev</name>
         <load_address>0xa1f</load_address>
         <run_address>0xa1f</run_address>
         <size>0x26</size>
         <input_file_ref idref="fl-25"/>
      </object_component>
      <object_component id="oc-59">
         <name>.debug_abbrev</name>
         <load_address>0xa45</load_address>
         <run_address>0xa45</run_address>
         <size>0x9f</size>
         <input_file_ref idref="fl-26"/>
      </object_component>
      <object_component id="oc-5f">
         <name>.debug_abbrev</name>
         <load_address>0xae4</load_address>
         <run_address>0xae4</run_address>
         <size>0x1f8</size>
         <input_file_ref idref="fl-27"/>
      </object_component>
      <object_component id="oc-63">
         <name>.debug_abbrev</name>
         <load_address>0xcdc</load_address>
         <run_address>0xcdc</run_address>
         <size>0xec</size>
         <input_file_ref idref="fl-28"/>
      </object_component>
      <object_component id="oc-67">
         <name>.debug_abbrev</name>
         <load_address>0xdc8</load_address>
         <run_address>0xdc8</run_address>
         <size>0xd5</size>
         <input_file_ref idref="fl-29"/>
      </object_component>
      <object_component id="oc-6b">
         <name>.debug_abbrev</name>
         <load_address>0xe9d</load_address>
         <run_address>0xe9d</run_address>
         <size>0x44</size>
         <input_file_ref idref="fl-2a"/>
      </object_component>
      <object_component id="oc-6f">
         <name>.debug_abbrev</name>
         <load_address>0xee1</load_address>
         <run_address>0xee1</run_address>
         <size>0xb7</size>
         <input_file_ref idref="fl-2b"/>
      </object_component>
      <object_component id="oc-71">
         <name>.debug_abbrev</name>
         <load_address>0xf98</load_address>
         <run_address>0xf98</run_address>
         <size>0x68</size>
         <input_file_ref idref="fl-2c"/>
      </object_component>
      <object_component id="oc-75">
         <name>.debug_abbrev</name>
         <load_address>0x1000</load_address>
         <run_address>0x1000</run_address>
         <size>0x83</size>
         <input_file_ref idref="fl-2d"/>
      </object_component>
      <object_component id="oc-79">
         <name>.debug_abbrev</name>
         <load_address>0x1083</load_address>
         <run_address>0x1083</run_address>
         <size>0xb5</size>
         <input_file_ref idref="fl-2e"/>
      </object_component>
      <object_component id="oc-7d">
         <name>.debug_abbrev</name>
         <load_address>0x1138</load_address>
         <run_address>0x1138</run_address>
         <size>0x103</size>
         <input_file_ref idref="fl-2f"/>
      </object_component>
      <object_component id="oc-82">
         <name>.debug_abbrev</name>
         <load_address>0x123b</load_address>
         <run_address>0x123b</run_address>
         <size>0x140</size>
         <input_file_ref idref="fl-30"/>
      </object_component>
      <object_component id="oc-86">
         <name>.debug_abbrev</name>
         <load_address>0x137b</load_address>
         <run_address>0x137b</run_address>
         <size>0x81</size>
         <input_file_ref idref="fl-31"/>
      </object_component>
      <object_component id="oc-8a">
         <name>.debug_abbrev</name>
         <load_address>0x13fc</load_address>
         <run_address>0x13fc</run_address>
         <size>0xd0</size>
         <input_file_ref idref="fl-32"/>
      </object_component>
      <object_component id="oc-8e">
         <name>.debug_abbrev</name>
         <load_address>0x14cc</load_address>
         <run_address>0x14cc</run_address>
         <size>0xb7</size>
         <input_file_ref idref="fl-33"/>
      </object_component>
      <object_component id="oc-94">
         <name>.debug_abbrev</name>
         <load_address>0x1583</load_address>
         <run_address>0x1583</run_address>
         <size>0x225</size>
         <input_file_ref idref="fl-34"/>
      </object_component>
      <object_component id="oc-98">
         <name>.debug_abbrev</name>
         <load_address>0x17a8</load_address>
         <run_address>0x17a8</run_address>
         <size>0xec</size>
         <input_file_ref idref="fl-35"/>
      </object_component>
      <object_component id="oc-9c">
         <name>.debug_abbrev</name>
         <load_address>0x1894</load_address>
         <run_address>0x1894</run_address>
         <size>0xb7</size>
         <input_file_ref idref="fl-36"/>
      </object_component>
      <object_component id="oc-a0">
         <name>.debug_abbrev</name>
         <load_address>0x194b</load_address>
         <run_address>0x194b</run_address>
         <size>0x38</size>
         <input_file_ref idref="fl-37"/>
      </object_component>
      <object_component id="oc-a4">
         <name>.debug_abbrev</name>
         <load_address>0x1983</load_address>
         <run_address>0x1983</run_address>
         <size>0x81</size>
         <input_file_ref idref="fl-38"/>
      </object_component>
      <object_component id="oc-a8">
         <name>.debug_abbrev</name>
         <load_address>0x1a04</load_address>
         <run_address>0x1a04</run_address>
         <size>0xa6</size>
         <input_file_ref idref="fl-39"/>
      </object_component>
      <object_component id="oc-ac">
         <name>.debug_abbrev</name>
         <load_address>0x1aaa</load_address>
         <run_address>0x1aaa</run_address>
         <size>0xb5</size>
         <input_file_ref idref="fl-3a"/>
      </object_component>
      <object_component id="oc-b0">
         <name>.debug_abbrev</name>
         <load_address>0x1b5f</load_address>
         <run_address>0x1b5f</run_address>
         <size>0x8f</size>
         <input_file_ref idref="fl-3b"/>
      </object_component>
      <object_component id="oc-b5">
         <name>.debug_abbrev</name>
         <load_address>0x1bee</load_address>
         <run_address>0x1bee</run_address>
         <size>0x15a</size>
         <input_file_ref idref="fl-3c"/>
      </object_component>
      <object_component id="oc-bb">
         <name>.debug_abbrev</name>
         <load_address>0x1d48</load_address>
         <run_address>0x1d48</run_address>
         <size>0xde</size>
         <input_file_ref idref="fl-3d"/>
      </object_component>
      <object_component id="oc-bf">
         <name>.debug_abbrev</name>
         <load_address>0x1e26</load_address>
         <run_address>0x1e26</run_address>
         <size>0x38</size>
         <input_file_ref idref="fl-3e"/>
      </object_component>
      <object_component id="oc-c3">
         <name>.debug_abbrev</name>
         <load_address>0x1e5e</load_address>
         <run_address>0x1e5e</run_address>
         <size>0xd1</size>
         <input_file_ref idref="fl-3f"/>
      </object_component>
      <object_component id="oc-c7">
         <name>.debug_abbrev</name>
         <load_address>0x1f2f</load_address>
         <run_address>0x1f2f</run_address>
         <size>0xd4</size>
         <input_file_ref idref="fl-40"/>
      </object_component>
      <object_component id="oc-cb">
         <name>.debug_abbrev</name>
         <load_address>0x2003</load_address>
         <run_address>0x2003</run_address>
         <size>0xa6</size>
         <input_file_ref idref="fl-41"/>
      </object_component>
      <object_component id="oc-cf">
         <name>.debug_abbrev</name>
         <load_address>0x20a9</load_address>
         <run_address>0x20a9</run_address>
         <size>0x136</size>
         <input_file_ref idref="fl-42"/>
      </object_component>
      <object_component id="oc-d3">
         <name>.debug_abbrev</name>
         <load_address>0x21df</load_address>
         <run_address>0x21df</run_address>
         <size>0xd1</size>
         <input_file_ref idref="fl-43"/>
      </object_component>
      <object_component id="oc-d7">
         <name>.debug_abbrev</name>
         <load_address>0x22b0</load_address>
         <run_address>0x22b0</run_address>
         <size>0x10b</size>
         <input_file_ref idref="fl-44"/>
      </object_component>
      <object_component id="oc-dd">
         <name>.debug_abbrev</name>
         <load_address>0x23bb</load_address>
         <run_address>0x23bb</run_address>
         <size>0x1a2</size>
         <input_file_ref idref="fl-45"/>
      </object_component>
      <object_component id="oc-e4">
         <name>.debug_abbrev</name>
         <load_address>0x255d</load_address>
         <run_address>0x255d</run_address>
         <size>0x1de</size>
         <input_file_ref idref="fl-46"/>
      </object_component>
      <object_component id="oc-e8">
         <name>.debug_abbrev</name>
         <load_address>0x273b</load_address>
         <run_address>0x273b</run_address>
         <size>0x118</size>
         <input_file_ref idref="fl-47"/>
      </object_component>
      <object_component id="oc-ec">
         <name>.debug_abbrev</name>
         <load_address>0x2853</load_address>
         <run_address>0x2853</run_address>
         <size>0xbf</size>
         <input_file_ref idref="fl-48"/>
      </object_component>
      <object_component id="oc-114">
         <name>.debug_abbrev</name>
         <load_address>0x2912</load_address>
         <run_address>0x2912</run_address>
         <size>0xd</size>
      </object_component>
   </object_component_list>
   <logical_group_list>
      <logical_group id="lg-2">
         <name>.text</name>
         <load_address>0x300</load_address>
         <run_address>0x300</run_address>
         <size>0x47fa</size>
         <contents>
            <object_component_ref idref="oc-5a"/>
            <object_component_ref idref="oc-8f"/>
            <object_component_ref idref="oc-b1"/>
            <object_component_ref idref="oc-de"/>
            <object_component_ref idref="oc-14"/>
            <object_component_ref idref="oc-24"/>
            <object_component_ref idref="oc-1a"/>
            <object_component_ref idref="oc-d8"/>
            <object_component_ref idref="oc-8b"/>
            <object_component_ref idref="oc-c4"/>
            <object_component_ref idref="oc-6c"/>
            <object_component_ref idref="oc-7e"/>
            <object_component_ref idref="oc-48"/>
            <object_component_ref idref="oc-d4"/>
            <object_component_ref idref="oc-c0"/>
            <object_component_ref idref="oc-cc"/>
            <object_component_ref idref="oc-b9"/>
            <object_component_ref idref="oc-7a"/>
            <object_component_ref idref="oc-76"/>
            <object_component_ref idref="oc-95"/>
            <object_component_ref idref="oc-e5"/>
            <object_component_ref idref="oc-83"/>
            <object_component_ref idref="oc-40"/>
            <object_component_ref idref="oc-a9"/>
            <object_component_ref idref="oc-33"/>
            <object_component_ref idref="oc-b6"/>
            <object_component_ref idref="oc-d0"/>
            <object_component_ref idref="oc-3b"/>
            <object_component_ref idref="oc-64"/>
            <object_component_ref idref="oc-4c"/>
            <object_component_ref idref="oc-68"/>
            <object_component_ref idref="oc-60"/>
            <object_component_ref idref="oc-a5"/>
            <object_component_ref idref="oc-c8"/>
            <object_component_ref idref="oc-9d"/>
            <object_component_ref idref="oc-28"/>
            <object_component_ref idref="oc-12"/>
            <object_component_ref idref="oc-2f"/>
            <object_component_ref idref="oc-bc"/>
            <object_component_ref idref="oc-99"/>
            <object_component_ref idref="oc-87"/>
            <object_component_ref idref="oc-ad"/>
            <object_component_ref idref="oc-44"/>
            <object_component_ref idref="oc-54"/>
            <object_component_ref idref="oc-a1"/>
            <object_component_ref idref="oc-37"/>
            <object_component_ref idref="oc-e9"/>
            <object_component_ref idref="oc-2c"/>
            <object_component_ref idref="oc-50"/>
         </contents>
      </logical_group>
      <logical_group id="lg-4">
         <name>.stack</name>
         <load_address>0x4b00</load_address>
         <run_address>0x4b00</run_address>
         <size>0x2000</size>
         <contents>
            <object_component_ref idref="oc-20"/>
            <object_component_ref idref="oc-10f"/>
         </contents>
      </logical_group>
      <logical_group id="lg-5">
         <name>.sysstack</name>
         <load_address>0x8b00</load_address>
         <run_address>0x8b00</run_address>
         <size>0x1000</size>
         <contents>
            <object_component_ref idref="oc-ed"/>
            <object_component_ref idref="oc-111"/>
         </contents>
      </logical_group>
      <logical_group id="lg-6">
         <name>.csldata</name>
         <load_address>0x300</load_address>
         <run_address>0x300</run_address>
         <size>0x0</size>
         <contents>
         </contents>
      </logical_group>
      <logical_group id="lg-7">
         <name>.data</name>
         <load_address>0x300</load_address>
         <run_address>0x300</run_address>
         <size>0x0</size>
         <contents>
         </contents>
      </logical_group>
      <logical_group id="lg-8">
         <name>.bss</name>
         <load_address>0xa500</load_address>
         <run_address>0xa500</run_address>
         <size>0x4d4</size>
         <contents>
            <object_component_ref idref="oc-72"/>
            <object_component_ref idref="oc-b2"/>
            <object_component_ref idref="oc-d9"/>
            <object_component_ref idref="oc-90"/>
            <object_component_ref idref="oc-df"/>
            <object_component_ref idref="oc-55"/>
            <object_component_ref idref="oc-29"/>
         </contents>
      </logical_group>
      <logical_group id="lg-9">
         <name>.const</name>
         <load_address>0x9b00</load_address>
         <run_address>0x9b00</run_address>
         <size>0x9e4</size>
         <contents>
            <object_component_ref idref="oc-1c"/>
            <object_component_ref idref="oc-f6"/>
            <object_component_ref idref="oc-5d"/>
            <object_component_ref idref="oc-f4"/>
            <object_component_ref idref="oc-f3"/>
            <object_component_ref idref="oc-f2"/>
            <object_component_ref idref="oc-f0"/>
            <object_component_ref idref="oc-ef"/>
            <object_component_ref idref="oc-f1"/>
            <object_component_ref idref="oc-ee"/>
            <object_component_ref idref="oc-16"/>
            <object_component_ref idref="oc-5c"/>
            <object_component_ref idref="oc-f5"/>
            <object_component_ref idref="oc-80"/>
            <object_component_ref idref="oc-3d"/>
         </contents>
      </logical_group>
      <logical_group id="lg-a">
         <name>.sysmem</name>
         <run_address>0x6b00</run_address>
         <size>0x2000</size>
         <contents>
            <object_component_ref idref="oc-e2"/>
            <object_component_ref idref="oc-110"/>
         </contents>
      </logical_group>
      <logical_group id="lg-b">
         <name>.switch</name>
         <run_address>0x0</run_address>
         <size>0x0</size>
         <contents>
         </contents>
      </logical_group>
      <logical_group id="lg-c">
         <name>.cinit</name>
         <load_address>0xac20</load_address>
         <run_address>0xac20</run_address>
         <size>0xe8</size>
         <contents>
            <object_component_ref idref="oc-92"/>
            <object_component_ref idref="oc-74"/>
            <object_component_ref idref="oc-57"/>
            <object_component_ref idref="oc-2b"/>
            <object_component_ref idref="oc-db"/>
            <object_component_ref idref="oc-e1"/>
         </contents>
      </logical_group>
      <logical_group id="lg-d">
         <name>.pinit</name>
         <load_address>0x300</load_address>
         <run_address>0x300</run_address>
         <size>0x0</size>
         <contents>
         </contents>
      </logical_group>
      <logical_group id="lg-e">
         <name>.cio</name>
         <load_address>0xa9e0</load_address>
         <run_address>0xa9e0</run_address>
         <size>0x240</size>
         <contents>
            <object_component_ref idref="oc-b8"/>
         </contents>
      </logical_group>
      <logical_group id="lg-f">
         <name>.args</name>
         <load_address>0x300</load_address>
         <run_address>0x300</run_address>
         <size>0x0</size>
         <contents>
         </contents>
      </logical_group>
      <logical_group id="lg-10">
         <name>vectors</name>
         <load_address>0xfe00</load_address>
         <run_address>0xfe00</run_address>
         <size>0x100</size>
         <contents>
            <object_component_ref idref="oc-13"/>
         </contents>
      </logical_group>
      <logical_group id="lg-11">
         <name>.ioport</name>
         <run_address>0x0</run_address>
         <size>0x0</size>
         <contents>
         </contents>
      </logical_group>
      <logical_group id="lg-106">
         <name>.debug_info</name>
         <load_address>0x0</load_address>
         <run_address>0x0</run_address>
         <size>0x1584b</size>
         <contents>
            <object_component_ref idref="oc-15"/>
            <object_component_ref idref="oc-1b"/>
            <object_component_ref idref="oc-21"/>
            <object_component_ref idref="oc-25"/>
            <object_component_ref idref="oc-2a"/>
            <object_component_ref idref="oc-30"/>
            <object_component_ref idref="oc-34"/>
            <object_component_ref idref="oc-38"/>
            <object_component_ref idref="oc-3c"/>
            <object_component_ref idref="oc-41"/>
            <object_component_ref idref="oc-45"/>
            <object_component_ref idref="oc-49"/>
            <object_component_ref idref="oc-4d"/>
            <object_component_ref idref="oc-51"/>
            <object_component_ref idref="oc-56"/>
            <object_component_ref idref="oc-5b"/>
            <object_component_ref idref="oc-61"/>
            <object_component_ref idref="oc-65"/>
            <object_component_ref idref="oc-69"/>
            <object_component_ref idref="oc-6d"/>
            <object_component_ref idref="oc-70"/>
            <object_component_ref idref="oc-73"/>
            <object_component_ref idref="oc-77"/>
            <object_component_ref idref="oc-7b"/>
            <object_component_ref idref="oc-7f"/>
            <object_component_ref idref="oc-84"/>
            <object_component_ref idref="oc-88"/>
            <object_component_ref idref="oc-8c"/>
            <object_component_ref idref="oc-91"/>
            <object_component_ref idref="oc-96"/>
            <object_component_ref idref="oc-9a"/>
            <object_component_ref idref="oc-9e"/>
            <object_component_ref idref="oc-a2"/>
            <object_component_ref idref="oc-a6"/>
            <object_component_ref idref="oc-aa"/>
            <object_component_ref idref="oc-ae"/>
            <object_component_ref idref="oc-b3"/>
            <object_component_ref idref="oc-b7"/>
            <object_component_ref idref="oc-bd"/>
            <object_component_ref idref="oc-c1"/>
            <object_component_ref idref="oc-c5"/>
            <object_component_ref idref="oc-c9"/>
            <object_component_ref idref="oc-cd"/>
            <object_component_ref idref="oc-d1"/>
            <object_component_ref idref="oc-d5"/>
            <object_component_ref idref="oc-da"/>
            <object_component_ref idref="oc-e0"/>
            <object_component_ref idref="oc-e6"/>
            <object_component_ref idref="oc-ea"/>
            <object_component_ref idref="oc-113"/>
         </contents>
[...]
      </symbol>
      <symbol id="sm-f">
         <name>___text__</name>
         <value>0x300</value>
      </symbol>
      <symbol id="sm-10">
         <name>etext</name>
         <value>0x4afa</value>
      </symbol>
      <symbol id="sm-11">
         <name>___etext__</name>
         <value>0x4afa</value>
      </symbol>
      <symbol id="sm-12">
         <name>.data</name>
         <value>0x300</value>
      </symbol>
      <symbol id="sm-13">
         <name>___data__</name>
         <value>0x300</value>
      </symbol>
      <symbol id="sm-14">
         <name>edata</name>
         <value>0x300</value>
      </symbol>
      <symbol id="sm-15">
         <name>___edata__</name>
         <value>0x300</value>
      </symbol>
      <symbol id="sm-16">
         <name>.bss</name>
         <value>0xa500</value>
      </symbol>
      <symbol id="sm-17">
         <name>___bss__</name>
         <value>0xa500</value>
      </symbol>
      <symbol id="sm-18">
         <name>end</name>
         <value>0xa9d4</value>
      </symbol>
      <symbol id="sm-19">
         <name>___end__</name>
         <value>0xa9d4</value>
      </symbol>
      <symbol id="sm-8a">
         <name>___decimal</name>
         <value>0x2bc2</value>
         <object_component_ref idref="oc-14"/>
      </symbol>
      <symbol id="sm-8b">
         <name>_cordic_cos</name>
         <value>0x2806</value>
         <object_component_ref idref="oc-14"/>
      </symbol>
      <symbol id="sm-8c">
         <name>___cordic</name>
         <value>0x2a17</value>
         <object_component_ref idref="oc-14"/>
      </symbol>
      <symbol id="sm-8d">
         <name>___int</name>
         <value>0x2bab</value>
         <object_component_ref idref="oc-14"/>
      </symbol>
      <symbol id="sm-8e">
         <name>___radians</name>
         <value>0x2bd8</value>
         <object_component_ref idref="oc-14"/>
      </symbol>
      <symbol id="sm-8f">
         <name>_cordic_cosh</name>
         <value>0x288a</value>
         <object_component_ref idref="oc-14"/>
      </symbol>
      <symbol id="sm-90">
         <name>_cordic_rec2pol</name>
         <value>0x292f</value>
         <object_component_ref idref="oc-14"/>
      </symbol>
      <symbol id="sm-91">
         <name>_cordic_sin</name>
         <value>0x27c4</value>
         <object_component_ref idref="oc-14"/>
      </symbol>
      <symbol id="sm-92">
         <name>___d</name>
         <value>0x2bf5</value>
         <object_component_ref idref="oc-14"/>
      </symbol>
      <symbol id="sm-93">
         <name>_cordic_sinh</name>
         <value>0x2848</value>
         <object_component_ref idref="oc-14"/>
      </symbol>
      <symbol id="sm-94">
         <name>_cordic_pol2rec</name>
         <value>0x28cc</value>
         <object_component_ref idref="oc-14"/>
      </symbol>
      <symbol id="sm-95">
         <name>_cordic_divide</name>
         <value>0x29de</value>
         <object_component_ref idref="oc-14"/>
      </symbol>
      <symbol id="sm-96">
         <name>_cordic_multiply</name>
         <value>0x29a5</value>
         <object_component_ref idref="oc-14"/>
      </symbol>
      <symbol id="sm-c4">
         <name>_main</name>
         <value>0x2ff9</value>
         <object_component_ref idref="oc-1a"/>
      </symbol>
      <symbol id="sm-d0">
         <name>__sysstack</name>
         <value>0x8b00</value>
         <object_component_ref idref="oc-ed"/>
      </symbol>
      <symbol id="sm-d1">
         <name>_c_int00</name>
         <value>0x49cc</value>
         <object_component_ref idref="oc-12"/>
      </symbol>
      <symbol id="sm-d2">
         <name>__stack</name>
         <value>0x4b00</value>
         <object_component_ref idref="oc-20"/>
      </symbol>
      <symbol id="sm-de">
         <name>__divd</name>
         <value>0x2c2d</value>
         <object_component_ref idref="oc-24"/>
      </symbol>
      <symbol id="sm-ee">
         <name>C$$EXIT</name>
         <value>0x4af1</value>
         <object_component_ref idref="oc-2c"/>
      </symbol>
      <symbol id="sm-ef">
         <name>_exit</name>
         <value>0x498e</value>
         <object_component_ref idref="oc-28"/>
      </symbol>
      <symbol id="sm-f0">
         <name>_abort</name>
         <value>0x4af0</value>
         <object_component_ref idref="oc-2c"/>
      </symbol>
      <symbol id="sm-f1">
         <name>__cleanup_ptr</name>
         <value>0xa9cc</value>
         <object_component_ref idref="oc-29"/>
      </symbol>
      <symbol id="sm-f2">
         <name>__dtors_ptr</name>
         <value>0xa9d0</value>
         <object_component_ref idref="oc-29"/>
      </symbol>
      <symbol id="sm-fc">
         <name>__fixdi</name>
         <value>0x4a00</value>
         <object_component_ref idref="oc-2f"/>
      </symbol>
      <symbol id="sm-106">
         <name>__fixdli</name>
         <value>0x45ca</value>
         <object_component_ref idref="oc-33"/>
      </symbol>
      <symbol id="sm-110">
         <name>__fltid</name>
         <value>0x4ada</value>
         <object_component_ref idref="oc-37"/>
      </symbol>
      <symbol id="sm-11c">
         <name>__fltlid</name>
         <value>0x4711</value>
         <object_component_ref idref="oc-3b"/>
      </symbol>
      <symbol id="sm-126">
         <name>__frcmpyd_div</name>
         <value>0x44e5</value>
         <object_component_ref idref="oc-40"/>
      </symbol>
      <symbol id="sm-12e">
         <name>__mpyli</name>
         <value>0x4aa5</value>
         <object_component_ref idref="oc-44"/>
      </symbol>
      <symbol id="sm-12f">
         <name>I$$LMPY</name>
         <value>0x4aa5</value>
         <object_component_ref idref="oc-44"/>
      </symbol>
      <symbol id="sm-139">
         <name>__mpyd</name>
         <value>0x3da5</value>
         <object_component_ref idref="oc-48"/>
      </symbol>
      <symbol id="sm-143">
         <name>_printf</name>
         <value>0x47d4</value>
         <object_component_ref idref="oc-4c"/>
      </symbol>
      <symbol id="sm-14d">
         <name>_Reset</name>
         <value>0xfe00</value>
         <object_component_ref idref="oc-13"/>
      </symbol>
      <symbol id="sm-15b">
         <name>__unlock</name>
         <value>0xa9c8</value>
         <object_component_ref idref="oc-55"/>
      </symbol>
      <symbol id="sm-15c">
         <name>__lock</name>
         <value>0xa9c4</value>
         <object_component_ref idref="oc-55"/>
      </symbol>
      <symbol id="sm-15d">
         <name>__register_lock</name>
         <value>0x4ac0</value>
         <object_component_ref idref="oc-54"/>
      </symbol>
      <symbol id="sm-15e">
         <name>__nop</name>
         <value>0x4ac8</value>
         <object_component_ref idref="oc-54"/>
      </symbol>
      <symbol id="sm-15f">
         <name>__register_unlock</name>
         <value>0x4ab8</value>
         <object_component_ref idref="oc-54"/>
      </symbol>
      <symbol id="sm-171">
         <name>__printfi</name>
         <value>0x1662</value>
         <object_component_ref idref="oc-5a"/>
      </symbol>
      <symbol id="sm-17b">
         <name>__args_main</name>
         <value>0x4871</value>
         <object_component_ref idref="oc-60"/>
      </symbol>
      <symbol id="sm-17c">
         <name>__TI_args_main</name>
         <value>0x1</value>
      </symbol>
      <symbol id="sm-186">
         <name>_atoi</name>
         <value>0x4778</value>
         <object_component_ref idref="oc-64"/>
      </symbol>
      <symbol id="sm-18e">
         <name>_auto_init</name>
         <value>0x4824</value>
         <object_component_ref idref="oc-68"/>
      </symbol>
      <symbol id="sm-198">
         <name>__eqld</name>
         <value>0x3bb6</value>
         <object_component_ref idref="oc-6c"/>
      </symbol>
      <symbol id="sm-199">
         <name>__cmpd</name>
         <value>0x3bea</value>
         <object_component_ref idref="oc-6c"/>
      </symbol>
      <symbol id="sm-19a">
         <name>__neqd</name>
         <value>0x3a58</value>
         <object_component_ref idref="oc-6c"/>
      </symbol>
      <symbol id="sm-19b">
         <name>__gtrd</name>
         <value>0x3b21</value>
         <object_component_ref idref="oc-6c"/>
      </symbol>
      <symbol id="sm-19c">
         <name>__geqd</name>
         <value>0x3b6c</value>
         <object_component_ref idref="oc-6c"/>
      </symbol>
      <symbol id="sm-19d">
         <name>__leqd</name>
         <value>0x3ad4</value>
         <object_component_ref idref="oc-6c"/>
      </symbol>
      <symbol id="sm-19e">
         <name>__lssd</name>
         <value>0x3a8c</value>
         <object_component_ref idref="oc-6c"/>
      </symbol>
      <symbol id="sm-1a6">
         <name>__ctypes_</name>
         <value>0xa114</value>
         <object_component_ref idref="oc-f6"/>
      </symbol>
      <symbol id="sm-1b0">
         <name>__tmpnams</name>
         <value>0xa5f0</value>
         <object_component_ref idref="oc-72"/>
      </symbol>
      <symbol id="sm-1b1">
         <name>__ft_end</name>
         <value>0xa730</value>
         <object_component_ref idref="oc-72"/>
      </symbol>
      <symbol id="sm-1b2">
         <name>__ftable</name>
         <value>0xa500</value>
         <object_component_ref idref="oc-72"/>
      </symbol>
      <symbol id="sm-1bd">
         <name>__divul</name>
         <value>0x42d6</value>
         <object_component_ref idref="oc-76"/>
      </symbol>
      <symbol id="sm-1c7">
         <name>_putchar</name>
         <value>0x42c7</value>
         <object_component_ref idref="oc-7a"/>
      </symbol>
      <symbol id="sm-1c8">
         <name>_putc</name>
         <value>0x4230</value>
         <object_component_ref idref="oc-7a"/>
      </symbol>
      <symbol id="sm-1c9">
         <name>_fputc</name>
         <value>0x4230</value>
         <object_component_ref idref="oc-7a"/>
      </symbol>
      <symbol id="sm-1d7">
         <name>_puts</name>
         <value>0x3d77</value>
         <object_component_ref idref="oc-7e"/>
      </symbol>
      <symbol id="sm-1d8">
         <name>_fputs</name>
         <value>0x3c42</value>
         <object_component_ref idref="oc-7e"/>
      </symbol>
      <symbol id="sm-1e2">
         <name>__frcmpyd</name>
         <value>0x446f</value>
         <object_component_ref idref="oc-83"/>
      </symbol>
      <symbol id="sm-1ec">
         <name>___isinf</name>
         <value>0x4a77</value>
         <object_component_ref idref="oc-87"/>
      </symbol>
      <symbol id="sm-1f6">
         <name>__divull</name>
         <value>0x36d5</value>
         <object_component_ref idref="oc-8b"/>
      </symbol>
      <symbol id="sm-1f7">
         <name>__mpylli</name>
         <value>0x361d</value>
         <object_component_ref idref="oc-8b"/>
      </symbol>
      <symbol id="sm-1f8">
         <name>__remlli</name>
         <value>0x35ee</value>
         <object_component_ref idref="oc-8b"/>
      </symbol>
      <symbol id="sm-1f9">
         <name>__divlli</name>
         <value>0x37c9</value>
         <object_component_ref idref="oc-8b"/>
      </symbol>
      <symbol id="sm-1fa">
         <name>__remull</name>
         <value>0x35a0</value>
         <object_component_ref idref="oc-8b"/>
      </symbol>
      <symbol id="sm-20c">
         <name>_add_device</name>
         <value>0x1cf7</value>
         <object_component_ref idref="oc-8f"/>
      </symbol>
      <symbol id="sm-20d">
         <name>_rename</name>
         <value>0x1a19</value>
         <object_component_ref idref="oc-8f"/>
      </symbol>
      <symbol id="sm-20e">
         <name>_read</name>
         <value>0x1aa8</value>
         <object_component_ref idref="oc-8f"/>
      </symbol>
      <symbol id="sm-20f">
         <name>_unlink</name>
         <value>0x19e6</value>
         <object_component_ref idref="oc-8f"/>
      </symbol>
      <symbol id="sm-210">
         <name>_remove_device</name>
         <value>0x1a72</value>
         <object_component_ref idref="oc-8f"/>
      </symbol>
      <symbol id="sm-211">
         <name>_open</name>
         <value>0x1b56</value>
         <object_component_ref idref="oc-8f"/>
      </symbol>
      <symbol id="sm-212">
         <name>_find_registered_device</name>
         <value>0x1c7b</value>
         <object_component_ref idref="oc-8f"/>
      </symbol>
      <symbol id="sm-213">
         <name>_lseek</name>
         <value>0x1c15</value>
         <object_component_ref idref="oc-8f"/>
      </symbol>
      <symbol id="sm-214">
         <name>_close</name>
         <value>0x1c84</value>
         <object_component_ref idref="oc-8f"/>
      </symbol>
      <symbol id="sm-215">
         <name>_write</name>
         <value>0x18a4</value>
         <object_component_ref idref="oc-8f"/>
      </symbol>
      <symbol id="sm-21f">
         <name>_ltoa</name>
         <value>0x4377</value>
         <object_component_ref idref="oc-95"/>
      </symbol>
      <symbol id="sm-22a">
         <name>_memccpy</name>
         <value>0x4a54</value>
         <object_component_ref idref="oc-99"/>
      </symbol>
      <symbol id="sm-232">
         <name>_memcpy</name>
         <value>0x494f</value>
         <object_component_ref idref="oc-9d"/>
      </symbol>
      <symbol id="sm-23c">
         <name>__negd</name>
         <value>0x4aca</value>
         <object_component_ref idref="oc-a1"/>
      </symbol>
      <symbol id="sm-246">
         <name>__remli</name>
         <value>0x48bc</value>
         <object_component_ref idref="oc-a5"/>
      </symbol>
      <symbol id="sm-251">
         <name>__remul</name>
         <value>0x4558</value>
         <object_component_ref idref="oc-a9"/>
      </symbol>
      <symbol id="sm-25b">
         <name>__subd</name>
         <value>0x4a91</value>
         <object_component_ref idref="oc-ad"/>
      </symbol>
      <symbol id="sm-267">
         <name>_HOSTopen</name>
         <value>0x20f2</value>
         <object_component_ref idref="oc-b1"/>
      </symbol>
      <symbol id="sm-268">
         <name>_HOSTread</name>
         <value>0x2065</value>
         <object_component_ref idref="oc-b1"/>
      </symbol>
      <symbol id="sm-269">
         <name>_HOSTtime</name>
         <value>0x1f59</value>
         <object_component_ref idref="oc-b1"/>
      </symbol>
      <symbol id="sm-26a">
         <name>_getenv</name>
         <value>0x1de7</value>
         <object_component_ref idref="oc-b1"/>
      </symbol>
      <symbol id="sm-26b">
         <name>_HOSTrename</name>
         <value>0x1fb7</value>
         <object_component_ref idref="oc-b1"/>
      </symbol>
      <symbol id="sm-26c">
         <name>_HOSTclock</name>
         <value>0x22b1</value>
         <object_component_ref idref="oc-b1"/>
      </symbol>
      <symbol id="sm-26d">
         <name>_HOSTwrite</name>
         <value>0x1e62</value>
         <object_component_ref idref="oc-b1"/>
      </symbol>
      <symbol id="sm-26e">
         <name>_HOSTlseek</name>
         <value>0x2191</value>
         <object_component_ref idref="oc-b1"/>
      </symbol>
      <symbol id="sm-26f">
         <name>_HOSTunlink</name>
         <value>0x1eef</value>
         <object_component_ref idref="oc-b1"/>
      </symbol>
      <symbol id="sm-270">
         <name>_HOSTclose</name>
         <value>0x2246</value>
         <object_component_ref idref="oc-b1"/>
      </symbol>
      <symbol id="sm-282">
         <name>C$$IO$$</name>
         <value>0x422b</value>
         <object_component_ref idref="oc-b9"/>
      </symbol>
      <symbol id="sm-283">
         <name>__CIOBUF_</name>
         <value>0xa9e0</value>
         <object_component_ref idref="oc-b8"/>
      </symbol>
      <symbol id="sm-284">
         <name>_readmsg</name>
         <value>0x4639</value>
         <object_component_ref idref="oc-b6"/>
      </symbol>
      <symbol id="sm-285">
         <name>_writemsg</name>
         <value>0x4176</value>
         <object_component_ref idref="oc-b9"/>
      </symbol>
      <symbol id="sm-28d">
         <name>__remu</name>
         <value>0x4a3f</value>
         <object_component_ref idref="oc-bc"/>
      </symbol>
      <symbol id="sm-28e">
         <name>__divu</name>
         <value>0x4a2a</value>
         <object_component_ref idref="oc-bc"/>
      </symbol>
      <symbol id="sm-28f">
         <name>I$$UMOD</name>
         <value>0x4a3f</value>
         <object_component_ref idref="oc-bc"/>
      </symbol>
      <symbol id="sm-290">
         <name>I$$UDIV</name>
         <value>0x4a2a</value>
         <object_component_ref idref="oc-bc"/>
      </symbol>
      <symbol id="sm-29a">
         <name>__rd_ok</name>
         <value>0x4057</value>
         <object_component_ref idref="oc-c0"/>
      </symbol>
      <symbol id="sm-29b">
         <name>__wrt_ok</name>
         <value>0x3fd7</value>
         <object_component_ref idref="oc-c0"/>
      </symbol>
      <symbol id="sm-2a5">
         <name>__addd</name>
         <value>0x37fe</value>
         <object_component_ref idref="oc-c4"/>
      </symbol>
      <symbol id="sm-2af">
         <name>__divli</name>
         <value>0x4907</value>
         <object_component_ref idref="oc-c8"/>
      </symbol>
      <symbol id="sm-2b9">
         <name>__doflush</name>
         <value>0x40b4</value>
         <object_component_ref idref="oc-cc"/>
      </symbol>
      <symbol id="sm-2ba">
         <name>_fflush</name>
         <value>0x411d</value>
         <object_component_ref idref="oc-cc"/>
      </symbol>
      <symbol id="sm-2c4">
         <name>_fseek</name>
         <value>0x46a6</value>
         <object_component_ref idref="oc-d0"/>
      </symbol>
      <symbol id="sm-2ce">
         <name>_setvbuf</name>
         <value>0x3ef1</value>
         <object_component_ref idref="oc-d4"/>
      </symbol>
      <symbol id="sm-2dd">
         <name>__cleanup</name>
         <value>0x3442</value>
         <object_component_ref idref="oc-d8"/>
      </symbol>
      <symbol id="sm-2de">
         <name>_fopen</name>
         <value>0x3565</value>
         <object_component_ref idref="oc-d8"/>
      </symbol>
      <symbol id="sm-2df">
         <name>_freopen</name>
         <value>0x349c</value>
         <object_component_ref idref="oc-d8"/>
      </symbol>
      <symbol id="sm-2ef">
         <name>__sys_memory</name>
         <value>0x6b00</value>
         <object_component_ref idref="oc-e2"/>
      </symbol>
      <symbol id="sm-2f0">
         <name>_chkheap</name>
         <value>0x2796</value>
         <object_component_ref idref="oc-de"/>
      </symbol>
      <symbol id="sm-2f1">
         <name>_realloc</name>
         <value>0x2535</value>
         <object_component_ref idref="oc-de"/>
      </symbol>
      <symbol id="sm-2f2">
         <name>_free_memory</name>
         <value>0x2740</value>
         <object_component_ref idref="oc-de"/>
      </symbol>
      <symbol id="sm-2f3">
         <name>_max_free</name>
         <value>0x26e6</value>
         <object_component_ref idref="oc-de"/>
      </symbol>
      <symbol id="sm-2f4">
         <name>_free</name>
         <value>0x230f</value>
         <object_component_ref idref="oc-de"/>
      </symbol>
      <symbol id="sm-2f5">
         <name>_calloc</name>
         <value>0x279e</value>
         <object_component_ref idref="oc-de"/>
      </symbol>
      <symbol id="sm-2f6">
         <name>_malloc</name>
         <value>0x2440</value>
         <object_component_ref idref="oc-de"/>
      </symbol>
      <symbol id="sm-2f7">
         <name>_minit</name>
         <value>0x23db</value>
         <object_component_ref idref="oc-de"/>
      </symbol>
      <symbol id="sm-301">
         <name>_fclose</name>
         <value>0x43f4</value>
         <object_component_ref idref="oc-e5"/>
      </symbol>
      <symbol id="sm-30b">
         <name>_remove</name>
         <value>0x4ae6</value>
         <object_component_ref idref="oc-e9"/>
      </symbol>
   </symbol_table>
</link_info>
