******************************************************************************
              TMS320C55x Linker PC v4.4.1                      
******************************************************************************
>> Linked Mon Dec 12 17:34:37 2022

OUTPUT FILE NAME:   <CORDIC.out>
ENTRY POINT SYMBOL: "_c_int00"  address: 000056b9


MEMORY CONFIGURATION

         name            origin    length      used     unused   attr    fill
                        (bytes)   (bytes)    (bytes)   (bytes)
----------------------  --------  ---------  --------  --------  ----  --------
PAGE 0:
  MMR                   00000000   000000c0  00000000  000000c0  RWIX
  BTRSVD                000000c0   00000240  00000000  00000240  RWIX
  DARAM                 00000300   0000fb00  0000b4f4  0000460c  RWIX
  VECS                  0000fe00   00000200  00000100  00000100  RWIX
  CE0                   00010000   003f0000  00000000  003f0000  RWIX
  CE1                   00400000   00400000  00000000  00400000  RWIX
  CE2                   00800000   00400000  00000000  00400000  RWIX
  CE3                   00c00000   003f8000  00000000  003f8000  RWIX
  PDROM                 00ff8000   00008000  00000000  00008000  R IX

PAGE 2:
  IOPORT                00000000   00020000  00000000  00020000  RWI 


SECTION ALLOCATION MAP
(Addresses surrounded by []'s are displayed for convenience only!)

output                                                          attributes/
section   page  orgn(bytes) orgn(words) len(bytes) len(words)   input sections
--------  ----  ----------- ----------- ---------- ----------   --------------
.text        0     00000300  [ 00000180 ] 000054e8          *   
                   00000300  [ 00000180 ] 000015a4          *   rts55x.lib : _printfi.obj (.text)
                   000018a4  [ 00000c52 ] 00000617          *   cordic.obj (.text)
                   00001ebb  [ 00000f5d+] 00000543          *   rts55x.lib : lowlev.obj (.text)
                   000023fe  [ 000011ff ] 00000528          *              : trgdrv.obj (.text)
                   00002926  [ 00001493 ] 000004b5          *              : memory.obj (.text)
                   00002ddb  [ 000016ed+] 000003cc          *              : divd.obj (.text)
                   000031a7  [ 000018d3+] 0000027f          *              : fopen.obj (.text)
                   00003426  [ 00001a13 ] 0000025e          *              : llmpy.obj (.text)
                   00003684  [ 00001b42 ] 0000025a          *              : addd.obj (.text)
                   000038de  [ 00001c6f ] 00000218          *              : cos.obj (.text)
                   00003af6  [ 00001d7b ] 000001f2          *              : sin.obj (.text)
                   00003ce8  [ 00001e74 ] 000001ea          *              : cmpd.obj (.text)
                   00003ed2  [ 00001f69 ] 000001b6          *              : exp.obj (.text)
                   00004088  [ 00002044 ] 00000163          *              : fputs.obj (.text)
                   000041eb  [ 000020f5+] 00000160          *              : sinh.obj (.text)
                   0000434b  [ 000021a5+] 00000150          *   main.obj (.text)
                   0000449b  [ 0000224d+] 0000014c          *   rts55x.lib : mpyd.obj (.text)
                   000045e7  [ 000022f3+] 00000116          *              : sqrt.obj (.text)
                   000046fd  [ 0000237e+] 000000f2          *              : ldexp.obj (.text)
                   000047ef  [ 000023f7+] 000000e6          *              : setvbuf.obj (.text)
                   000048d5  [ 0000246a+] 000000e4          *              : atan.obj (.text)
                   000049b9  [ 000024dc+] 000000e0          *              : cosh.obj (.text)
                   00004a99  [ 0000254c+] 000000dd          *              : _io_perm.obj (.text)
                   00004b76  [ 000025bb ] 000000cc          *              : frexp.obj (.text)
                   00004c42  [ 00002621 ] 000000c2          *              : fflush.obj (.text)
                   00004d04  [ 00002682 ] 000000bf          *              : modf.obj (.text)
                   00004dc3  [ 000026e1+] 000000ba          *              : trgmsg.obj (.text:CIO_breakpoint)
                   00004e7d  [ 0000273e+] 000000a6          *              : fputc.obj (.text)
                   00004f23  [ 00002791+] 000000a1          *              : divul.obj (.text)
                   00004fc4  [ 000027e2 ] 0000007d          *              : ltoa.obj (.text)
                   00005041  [ 00002820+] 0000007b          *              : fclose.obj (.text)
                   000050bc  [ 0000285e ] 00000076          *              : frcmpyd.obj (.text)
                   00005132  [ 00002899 ] 00000073          *              : frcmpyd_div.obj (.text)
                   000051a5  [ 000028d2+] 00000072          *              : remul.obj (.text)
                   00005217  [ 0000290b+] 0000006f          *              : fixdli.obj (.text)
                   00005286  [ 00002943 ] 0000006d          *              : trgmsg.obj (.text)
                   000052f3  [ 00002979+] 0000006b          *              : fseek.obj (.text)
                   0000535e  [ 000029af ] 00000067          *              : fltlid.obj (.text)
                   000053c5  [ 000029e2+] 0000005f          *              : round.obj (.text)
                   00005424  [ 00002a12 ] 0000005c          *              : atoi.obj (.text)
                   00005480  [ 00002a40 ] 00000050          *              : printf.obj (.text)
                   000054d0  [ 00002a68 ] 0000004d          *              : autoinit.obj (.text)
                   0000551d  [ 00002a8e+] 0000004b          *              : args_main.obj (.text)
                   00005568  [ 00002ab4 ] 0000004b          *              : remli.obj (.text)
                   000055b3  [ 00002ad9+] 00000048          *              : divli.obj (.text)
                   000055fb  [ 00002afd+] 00000041          *              : trunc.obj (.text)
                   0000563c  [ 00002b1e ] 0000003f          *              : memcpy.obj (.text)
                   0000567b  [ 00002b3d+] 0000003e          *              : exit.obj (.text)
                   000056b9  [ 00002b5c+] 00000034          *              : boot.obj (.text)
                   000056ed  [ 00002b76+] 0000002a          *              : fixdi.obj (.text)
                   00005717  [ 00002b8b+] 0000002a          *              : udiv.obj (.text)
                   00005741  [ 00002ba0+] 00000023          *              : memccpy.obj (.text)
                   00005764  [ 00002bb2 ] 0000001a          *              : isinf.obj (.text)
                   0000577e  [ 00002bbf ] 00000014          *              : subd.obj (.text)
                   00005792  [ 00002bc9 ] 00000013          *              : lmpy.obj (.text)
                   000057a5  [ 00002bd2+] 00000012          *              : _lock.obj (.text)
                   000057b7  [ 00002bdb+] 00000010          *              : negd.obj (.text)
                   000057c7  [ 00002be3+] 0000000c          *              : fltid.obj (.text)
                   000057d3  [ 00002be9+] 0000000a          *              : remove.obj (.text)
                   000057dd  [ 00002bee+] 00000007          *              : exit.obj (.text:CIO_breakpoint)
                   000057e4  [ 00002bf2 ] 00000002          *              : vectors.obj (.text)
                   000057e6  [ 00002bf3 ] 00000002          *   --HOLE-- [fill = 20]

.data        0   [ 00000300 ]  00000180          *   00000000   

.pinit       0   [ 00000300 ]  00000180          *   00000000   

.stack       0   [ 00005800 ]  00002c00          *   00001000   
                 [ 00005800 ]  00002c00          *   00001000   --HOLE-- [fill = 00]

.sysmem      0   [ 00007800 ]  00003c00          *   00001000   UNINITIALIZED
                 [ 00007800 ]  00003c00          *   00001000   --HOLE--

.sysstack 
*            0   [ 00009800 ]  00004c00          *   00000800   
                 [ 00009800 ]  00004c00          *   00000800   --HOLE-- [fill = 00]

.const       0   [ 0000a800 ]  00005400          *   0000038a   
                 [ 0000a800 ]  00005400          *   00000101   rts55x.lib : ctype.obj (.const:__ctypes_)
                 [ 0000aa02 ]  00005501          *   00000001   --HOLE-- [fill = 00]
                 [ 0000aa04 ]  00005502          *   000000c2   cordic.obj (.const:.string)
                 [ 0000ab88 ]  000055c4          *   00000091   main.obj (.const:.string)
                 [ 0000acaa ]  00005655          *   00000001   --HOLE-- [fill = 00]
                 [ 0000acac ]  00005656          *   00000024   rts55x.lib : _printfi.obj (.const:.string)
                 [ 0000acf4 ]  0000567a          *   00000016              : cos.obj (.const)
                 [ 0000ad20 ]  00005690          *   00000014   main.obj (.const)
                 [ 0000ad48 ]  000056a4          *   00000014   rts55x.lib : sin.obj (.const)
                 [ 0000ad70 ]  000056b8          *   00000014              : sinh.obj (.const)
                 [ 0000ad98 ]  000056cc          *   00000012              : cosh.obj (.const)
                 [ 0000adbc ]  000056de          *   00000012              : exp.obj (.const)
                 [ 0000ade0 ]  000056f0          *   00000010   cordic.obj (.const:_CORDIC_CTAB_CIRCULAR)
                 [ 0000ae00 ]  00005700          *   00000010   cordic.obj (.const:_CORDIC_CTAB_HYPERBOLIC)
                 [ 0000ae20 ]  00005710          *   00000010   cordic.obj (.const:_CORDIC_CTAB_LINEAR)
                 [ 0000ae40 ]  00005720          *   00000010   cordic.obj (.const:_CORDIC_HYPERBOLIC_STEPS)
                 [ 0000ae60 ]  00005730          *   0000000e   cordic.obj (.const)
                 [ 0000ae7c ]  0000573e          *   0000000c   rts55x.lib : _printfi.obj (.const)
                 [ 0000ae94 ]  0000574a          *   0000000a              : ldexp.obj (.const)
                 [ 0000aea8 ]  00005754          *   0000000a              : sqrt.obj (.const)
                 [ 0000aebc ]  0000575e          *   00000008              : divd.obj (.const:_initial_approx$1)
                 [ 0000aecc ]  00005766          *   00000008              : frexp.obj (.const)
                 [ 0000aedc ]  0000576e          *   00000008              : round.obj (.const)
                 [ 0000aeec ]  00005776          *   00000006              : atan.obj (.const)
                 [ 0000aef8 ]  0000577c          *   00000006              : modf.obj (.const)
                 [ 0000af04 ]  00005782          *   00000004              : trunc.obj (.const)
                 [ 0000af0c ]  00005786          *   00000002              : fputs.obj (.const:.string)
                 [ 0000af10 ]  00005788          *   00000002              : fltlid.obj (.const)

.bss         0   [ 0000af20 ]  00005790          *   0000029e   
                 [ 0000af20 ]  00005790          *   00000119   rts55x.lib : defs.obj (.bss) [fill = 00]
                 [ 0000b152 ]  000058a9          *   000000d0              : trgdrv.obj (.bss) [fill = 00]
                 [ 0000b2f2 ]  00005979          *   00000001              : errno.obj (.bss) [fill = 00]
                 [ 0000b2f4 ]  0000597a          *   00000071              : lowlev.obj (.bss) [fill = 00]
                 [ 0000b3d6 ]  000059eb          *   00000001              : fopen.obj (.bss) [fill = 00]
                 [ 0000b3d8 ]  000059ec          *   00000010              : atan.obj (.bss) [fill = 00]
                 [ 0000b3f8 ]  000059fc          *   0000000e              : exp.obj (.bss) [fill = 00]
                 [ 0000b414 ]  00005a0a          *   00000008              : cos.obj (.bss) [fill = 00]
                 [ 0000b424 ]  00005a12          *   00000008              : sin.obj (.bss) [fill = 00]
                 [ 0000b434 ]  00005a1a          *   00000006              : memory.obj (.bss) [fill = 00]
                 [ 0000b440 ]  00005a20          *   00000006              : sinh.obj (.bss) [fill = 00]
                 [ 0000b44c ]  00005a26          *   00000004              : _lock.obj (.bss) [fill = 00]
                 [ 0000b454 ]  00005a2a          *   00000004              : exit.obj (.bss) [fill = 00]

.cio         0   [ 0000b460 ]  00005a30          *   00000120   
                 [ 0000b460 ]  00005a30          *   00000120   rts55x.lib : trgmsg.obj (.cio) [fill = 00]

.cinit       0   [ 0000b6a0 ]  00005b50          *   000000be   
                 [ 0000b6a0 ]  00005b50          *   0000002d   rts55x.lib : lowlev.obj (.cinit)
                 [ 0000b6fa ]  00005b7d          *   0000002a              : defs.obj (.cinit)
                 [ 0000b74e ]  00005ba7          *   00000013              : atan.obj (.cinit)
                 [ 0000b774 ]  00005bba          *   00000011              : exp.obj (.cinit)
                 [ 0000b796 ]  00005bcb          *   0000000c              : sinh.obj (.cinit)
                 [ 0000b7ae ]  00005bd7          *   0000000b              : cos.obj (.cinit)
                 [ 0000b7c4 ]  00005be2          *   0000000b              : sin.obj (.cinit)
                 [ 0000b7da ]  00005bed          *   0000000a              : _lock.obj (.cinit)
                 [ 0000b7ee ]  00005bf7          *   0000000a              : exit.obj (.cinit)
                 [ 0000b802 ]  00005c01          *   00000004              : errno.obj (.cinit)
                 [ 0000b80a ]  00005c05          *   00000004              : fopen.obj (.cinit)
                 [ 0000b812 ]  00005c09          *   00000004              : memory.obj (.cinit)
                 [ 0000b81a ]  00005c0d          *   00000001   --HOLE-- [fill = 0]

vectors      0     0000fe00  [ 00007f00 ] 00000100          *   
                   0000fe00  [ 00007f00 ] 00000100          *   rts55x.lib : vectors.obj (vectors)


GLOBAL SYMBOLS: SORTED ALPHABETICALLY BY Name 

abs. value/
byte addr   word addr   name
---------   ---------   ----
00000002                $TI_capability$C5500$CallingConvention
00000002                $TI_capability$C5500$MemoryModel
00000001                $TI_capability_requires_rev2
            00005790    .bss
            00000180    .data
00000300                .text
000057de                C$$EXIT
00004e78                C$$IO$$
00005792                I$$LMPY
00005717                I$$UDIV
0000572c                I$$UMOD
000028c8                _HOSTclock
0000285d                _HOSTclose
000027a8                _HOSTlseek
00002709                _HOSTopen
0000267c                _HOSTread
000025ce                _HOSTrename
00002570                _HOSTtime
00002506                _HOSTunlink
00002479                _HOSTwrite
0000fe00                _Reset
            00005a30    __CIOBUF_
            00003c00    __STACK_END
00002000                __STACK_SIZE
00002000                __SYSMEM_SIZE
00001000                __SYSSTACK_SIZE
00000001                __TI_args_main
ffffffff                ___binit__
            00005790    ___bss__
ffffffff                ___c_args__
            00005b50    ___cinit__
00001ca5                ___cordic
00001e83                ___d
            00000180    ___data__
00001e50                ___decimal
            00000180    ___edata__
            00005a2e    ___end__
000057e8                ___etext__
00001e39                ___int
00005764                ___isinf
ffffffff                ___pinit__
00001e66                ___radians
00000300                ___text__
00003684                __addd
0000551d                __args_main
000032c8                __cleanup
            00005a2a    __cleanup_ptr
00003e7a                __cmpd
            00005400    __ctypes_
00002ddb                __divd
000055b3                __divli
0000364f                __divlli
00005717                __divu
00004f23                __divul
0000355b                __divull
00004c42                __doflush
            00005a2c    __dtors_ptr
00003e46                __eqld
000056ed                __fixdi
00005217                __fixdli
000057c7                __fltid
0000535e                __fltlid
000050bc                __frcmpyd
00005132                __frcmpyd_div
            000058a8    __ft_end
            00005790    __ftable
00003dfc                __geqd
00003db1                __gtrd
00003d64                __leqd
            00005a26    __lock
00003d1c                __lssd
0000449b                __mpyd
00005792                __mpyli
000034a3                __mpylli
000057b7                __negd
00003ce8                __neqd
000057b5                __nop
000053c5                __nround
00001662                __printfi
00004b19                __rd_ok
000057ad                __register_lock
000057a5                __register_unlock
00005568                __remli
00003474                __remlli
0000572c                __remu
000051a5                __remul
00003426                __remull
            00002c00    __stack
0000577e                __subd
            00003c00    __sys_memory
            00004c00    __sysstack
            00005808    __tmpnams
000055fb                __trunc
            00005a28    __unlock
00004a99                __wrt_ok
000057dd                _abort
0000230e                _add_device
000048d5                _atan
00005424                _atoi
000054d0                _auto_init
000056b9                _c_int00
00002db5                _calloc
00002dad                _chkheap
0000229b                _close
00001911                _cordic_cos
000019eb                _cordic_cosh
00001c38                _cordic_divide
00001bcb                _cordic_multiply
00001a58                _cordic_pol2rec
00001b07                _cordic_rec2pol
000018a4                _cordic_sin
0000197e                _cordic_sinh
000038de                _cos
000049b9                _cosh
            00005979    _errno
0000567b                _exit
00003ed2                _exp
00005041                _fclose
00004cab                _fflush
00002292                _find_registered_device
000033eb                _fopen
00004e7d                _fputc
00004088                _fputs
00002926                _free
00002d57                _free_memory
00003322                _freopen
00004b76                _frexp
000052f3                _fseek
000023fe                _getenv
000046fd                _ldexp
0000222c                _lseek
00004fc4                _ltoa
0000434b                _main
00002a57                _malloc
00002cfd                _max_free
00005741                _memccpy
0000563c                _memcpy
000029f2                _minit
00004d04                _modf
0000216d                _open
00005480                _printf
00004e7d                _putc
00004f14                _putchar
000041bd                _puts
000020bf                _read
00005286                _readmsg
00002b4c                _realloc
000057d3                _remove
00002089                _remove_device
00002030                _rename
000047ef                _setvbuf
00003af6                _sin
000041eb                _sinh
000045e7                _sqrt
00001ffd                _unlink
00001ebb                _write
00004dc3                _writemsg
ffffffff                binit
            00005b50    cinit
            00000180    edata
            00005a2e    end
000057e8                etext
ffffffff                pinit


GLOBAL SYMBOLS: SORTED BY Symbol Address 

abs. value/
byte addr   word addr   name
---------   ---------   ----
00000001                $TI_capability_requires_rev2
00000001                __TI_args_main
00000002                $TI_capability$C5500$CallingConvention
00000002                $TI_capability$C5500$MemoryModel
            00000180    .data
00000300                .text
            00000180    ___data__
            00000180    ___edata__
00000300                ___text__
            00000180    edata
00001000                __SYSSTACK_SIZE
00001662                __printfi
000018a4                _cordic_sin
00001911                _cordic_cos
0000197e                _cordic_sinh
000019eb                _cordic_cosh
00001a58                _cordic_pol2rec
00001b07                _cordic_rec2pol
00001bcb                _cordic_multiply
00001c38                _cordic_divide
00001ca5                ___cordic
00001e39                ___int
00001e50                ___decimal
00001e66                ___radians
00001e83                ___d
00001ebb                _write
00001ffd                _unlink
00002000                __STACK_SIZE
00002000                __SYSMEM_SIZE
00002030                _rename
00002089                _remove_device
000020bf                _read
0000216d                _open
0000222c                _lseek
00002292                _find_registered_device
0000229b                _close
0000230e                _add_device
000023fe                _getenv
00002479                _HOSTwrite
00002506                _HOSTunlink
00002570                _HOSTtime
000025ce                _HOSTrename
0000267c                _HOSTread
00002709                _HOSTopen
000027a8                _HOSTlseek
0000285d                _HOSTclose
000028c8                _HOSTclock
00002926                _free
000029f2                _minit
00002a57                _malloc
00002b4c                _realloc
00002cfd                _max_free
00002d57                _free_memory
00002dad                _chkheap
00002db5                _calloc
00002ddb                __divd
000032c8                __cleanup
00003322                _freopen
000033eb                _fopen
00003426                __remull
00003474                __remlli
000034a3                __mpylli
0000355b                __divull
0000364f                __divlli
00003684                __addd
000038de                _cos
00003af6                _sin
00003ce8                __neqd
00003d1c                __lssd
00003d64                __leqd
00003db1                __gtrd
00003dfc                __geqd
00003e46                __eqld
00003e7a                __cmpd
00003ed2                _exp
00004088                _fputs
000041bd                _puts
000041eb                _sinh
0000434b                _main
0000449b                __mpyd
000045e7                _sqrt
000046fd                _ldexp
000047ef                _setvbuf
000048d5                _atan
000049b9                _cosh
00004a99                __wrt_ok
00004b19                __rd_ok
00004b76                _frexp
00004c42                __doflush
00004cab                _fflush
00004d04                _modf
00004dc3                _writemsg
00004e78                C$$IO$$
00004e7d                _fputc
00004e7d                _putc
00004f14                _putchar
00004f23                __divul
00004fc4                _ltoa
00005041                _fclose
000050bc                __frcmpyd
00005132                __frcmpyd_div
000051a5                __remul
00005217                __fixdli
00005286                _readmsg
000052f3                _fseek
0000535e                __fltlid
000053c5                __nround
00005424                _atoi
00005480                _printf
000054d0                _auto_init
0000551d                __args_main
00005568                __remli
000055b3                __divli
000055fb                __trunc
0000563c                _memcpy
0000567b                _exit
000056b9                _c_int00
000056ed                __fixdi
00005717                I$$UDIV
00005717                __divu
0000572c                I$$UMOD
0000572c                __remu
00005741                _memccpy
00005764                ___isinf
0000577e                __subd
00005792                I$$LMPY
00005792                __mpyli
000057a5                __register_unlock
000057ad                __register_lock
000057b5                __nop
000057b7                __negd
000057c7                __fltid
000057d3                _remove
000057dd                _abort
000057de                C$$EXIT
000057e8                ___etext__
000057e8                etext
            00002c00    __stack
            00003c00    __STACK_END
            00003c00    __sys_memory
            00004c00    __sysstack
            00005400    __ctypes_
            00005790    .bss
            00005790    ___bss__
            00005790    __ftable
            00005808    __tmpnams
            000058a8    __ft_end
            00005979    _errno
            00005a26    __lock
            00005a28    __unlock
            00005a2a    __cleanup_ptr
            00005a2c    __dtors_ptr
            00005a2e    ___end__
            00005a2e    end
            00005a30    __CIOBUF_
            00005b50    ___cinit__
            00005b50    cinit
0000fe00                _Reset
ffffffff                ___binit__
ffffffff                ___c_args__
ffffffff                ___pinit__
ffffffff                binit
ffffffff                pinit

[163 symbols]
