<?xml version="1.0"?>
<link_info>
   <banner>TMS320C55x Linker PC v4.4.1</banner>
   <copyright>Copyright (c) 1996-2012 Texas Instruments Incorporated</copyright>
   <link_time>0x6397905d</link_time>
   <output_file>CORDIC.out</output_file>
   <entry_point>
      <name>_c_int00</name>
      <address>0x56b9</address>
   </entry_point>
   <input_file_list>
      <input_file id="fl-2">
         <path>.\</path>
         <kind>object</kind>
         <file>cordic.obj</file>
         <name>cordic.obj</name>
      </input_file>
      <input_file id="fl-3">
         <path>.\</path>
         <kind>object</kind>
         <file>main.obj</file>
         <name>main.obj</name>
      </input_file>
      <input_file id="fl-1a">
         <path>C:\ti\ccs1210\ccs\tools\compiler\c5500_4.4.1\lib\</path>
         <kind>archive</kind>
         <file>rts55x.lib</file>
         <name>addd.obj</name>
      </input_file>
      <input_file id="fl-1b">
         <path>C:\ti\ccs1210\ccs\tools\compiler\c5500_4.4.1\lib\</path>
         <kind>archive</kind>
         <file>rts55x.lib</file>
         <name>atan.obj</name>
      </input_file>
      <input_file id="fl-1c">
         <path>C:\ti\ccs1210\ccs\tools\compiler\c5500_4.4.1\lib\</path>
         <kind>archive</kind>
         <file>rts55x.lib</file>
         <name>boot.obj</name>
      </input_file>
      <input_file id="fl-1d">
         <path>C:\ti\ccs1210\ccs\tools\compiler\c5500_4.4.1\lib\</path>
         <kind>archive</kind>
         <file>rts55x.lib</file>
         <name>cmpd.obj</name>
      </input_file>
      <input_file id="fl-1e">
         <path>C:\ti\ccs1210\ccs\tools\compiler\c5500_4.4.1\lib\</path>
         <kind>archive</kind>
         <file>rts55x.lib</file>
         <name>cos.obj</name>
      </input_file>
      <input_file id="fl-1f">
         <path>C:\ti\ccs1210\ccs\tools\compiler\c5500_4.4.1\lib\</path>
         <kind>archive</kind>
         <file>rts55x.lib</file>
         <name>cosh.obj</name>
      </input_file>
      <input_file id="fl-20">
         <path>C:\ti\ccs1210\ccs\tools\compiler\c5500_4.4.1\lib\</path>
         <kind>archive</kind>
         <file>rts55x.lib</file>
         <name>divd.obj</name>
      </input_file>
      <input_file id="fl-21">
         <path>C:\ti\ccs1210\ccs\tools\compiler\c5500_4.4.1\lib\</path>
         <kind>archive</kind>
         <file>rts55x.lib</file>
         <name>errno.obj</name>
      </input_file>
      <input_file id="fl-22">
         <path>C:\ti\ccs1210\ccs\tools\compiler\c5500_4.4.1\lib\</path>
         <kind>archive</kind>
         <file>rts55x.lib</file>
         <name>exit.obj</name>
      </input_file>
      <input_file id="fl-23">
         <path>C:\ti\ccs1210\ccs\tools\compiler\c5500_4.4.1\lib\</path>
         <kind>archive</kind>
         <file>rts55x.lib</file>
         <name>exp.obj</name>
      </input_file>
      <input_file id="fl-24">
         <path>C:\ti\ccs1210\ccs\tools\compiler\c5500_4.4.1\lib\</path>
         <kind>archive</kind>
         <file>rts55x.lib</file>
         <name>fixdi.obj</name>
      </input_file>
      <input_file id="fl-25">
         <path>C:\ti\ccs1210\ccs\tools\compiler\c5500_4.4.1\lib\</path>
         <kind>archive</kind>
         <file>rts55x.lib</file>
         <name>fixdli.obj</name>
      </input_file>
      <input_file id="fl-26">
         <path>C:\ti\ccs1210\ccs\tools\compiler\c5500_4.4.1\lib\</path>
         <kind>archive</kind>
         <file>rts55x.lib</file>
         <name>fltid.obj</name>
      </input_file>
      <input_file id="fl-27">
         <path>C:\ti\ccs1210\ccs\tools\compiler\c5500_4.4.1\lib\</path>
         <kind>archive</kind>
         <file>rts55x.lib</file>
         <name>fltlid.obj</name>
      </input_file>
      <input_file id="fl-28">
         <path>C:\ti\ccs1210\ccs\tools\compiler\c5500_4.4.1\lib\</path>
         <kind>archive</kind>
         <file>rts55x.lib</file>
         <name>frcmpyd_div.obj</name>
      </input_file>
      <input_file id="fl-29">
         <path>C:\ti\ccs1210\ccs\tools\compiler\c5500_4.4.1\lib\</path>
         <kind>archive</kind>
         <file>rts55x.lib</file>
         <name>ldexp.obj</name>
      </input_file>
      <input_file id="fl-2a">
         <path>C:\ti\ccs1210\ccs\tools\compiler\c5500_4.4.1\lib\</path>
         <kind>archive</kind>
         <file>rts55x.lib</file>
         <name>lmpy.obj</name>
      </input_file>
      <input_file id="fl-2b">
         <path>C:\ti\ccs1210\ccs\tools\compiler\c5500_4.4.1\lib\</path>
         <kind>archive</kind>
         <file>rts55x.lib</file>
         <name>modf.obj</name>
      </input_file>
      <input_file id="fl-2c">
         <path>C:\ti\ccs1210\ccs\tools\compiler\c5500_4.4.1\lib\</path>
         <kind>archive</kind>
         <file>rts55x.lib</file>
         <name>mpyd.obj</name>
      </input_file>
      <input_file id="fl-2d">
         <path>C:\ti\ccs1210\ccs\tools\compiler\c5500_4.4.1\lib\</path>
         <kind>archive</kind>
         <file>rts55x.lib</file>
         <name>negd.obj</name>
      </input_file>
      <input_file id="fl-2e">
         <path>C:\ti\ccs1210\ccs\tools\compiler\c5500_4.4.1\lib\</path>
         <kind>archive</kind>
         <file>rts55x.lib</file>
         <name>printf.obj</name>
      </input_file>
      <input_file id="fl-2f">
         <path>C:\ti\ccs1210\ccs\tools\compiler\c5500_4.4.1\lib\</path>
         <kind>archive</kind>
         <file>rts55x.lib</file>
         <name>round.obj</name>
      </input_file>
      <input_file id="fl-30">
         <path>C:\ti\ccs1210\ccs\tools\compiler\c5500_4.4.1\lib\</path>
         <kind>archive</kind>
         <file>rts55x.lib</file>
         <name>sin.obj</name>
      </input_file>
      <input_file id="fl-31">
         <path>C:\ti\ccs1210\ccs\tools\compiler\c5500_4.4.1\lib\</path>
         <kind>archive</kind>
         <file>rts55x.lib</file>
         <name>sinh.obj</name>
      </input_file>
      <input_file id="fl-32">
         <path>C:\ti\ccs1210\ccs\tools\compiler\c5500_4.4.1\lib\</path>
         <kind>archive</kind>
         <file>rts55x.lib</file>
         <name>sqrt.obj</name>
      </input_file>
      <input_file id="fl-33">
         <path>C:\ti\ccs1210\ccs\tools\compiler\c5500_4.4.1\lib\</path>
         <kind>archive</kind>
         <file>rts55x.lib</file>
         <name>subd.obj</name>
      </input_file>
      <input_file id="fl-34">
         <path>C:\ti\ccs1210\ccs\tools\compiler\c5500_4.4.1\lib\</path>
         <kind>archive</kind>
         <file>rts55x.lib</file>
         <name>trunc.obj</name>
      </input_file>
      <input_file id="fl-35">
         <path>C:\ti\ccs1210\ccs\tools\compiler\c5500_4.4.1\lib\</path>
         <kind>archive</kind>
         <file>rts55x.lib</file>
         <name>vectors.obj</name>
      </input_file>
      <input_file id="fl-36">
         <path>C:\ti\ccs1210\ccs\tools\compiler\c5500_4.4.1\lib\</path>
         <kind>archive</kind>
         <file>rts55x.lib</file>
         <name>_lock.obj</name>
      </input_file>
      <input_file id="fl-37">
         <path>C:\ti\ccs1210\ccs\tools\compiler\c5500_4.4.1\lib\</path>
         <kind>archive</kind>
         <file>rts55x.lib</file>
         <name>_printfi.obj</name>
      </input_file>
      <input_file id="fl-38">
         <path>C:\ti\ccs1210\ccs\tools\compiler\c5500_4.4.1\lib\</path>
         <kind>archive</kind>
         <file>rts55x.lib</file>
         <name>args_main.obj</name>
      </input_file>
      <input_file id="fl-39">
         <path>C:\ti\ccs1210\ccs\tools\compiler\c5500_4.4.1\lib\</path>
         <kind>archive</kind>
         <file>rts55x.lib</file>
         <name>atoi.obj</name>
      </input_file>
      <input_file id="fl-3a">
         <path>C:\ti\ccs1210\ccs\tools\compiler\c5500_4.4.1\lib\</path>
         <kind>archive</kind>
         <file>rts55x.lib</file>
         <name>autoinit.obj</name>
      </input_file>
      <input_file id="fl-3b">
         <path>C:\ti\ccs1210\ccs\tools\compiler\c5500_4.4.1\lib\</path>
         <kind>archive</kind>
         <file>rts55x.lib</file>
         <name>ctype.obj</name>
      </input_file>
      <input_file id="fl-3c">
         <path>C:\ti\ccs1210\ccs\tools\compiler\c5500_4.4.1\lib\</path>
         <kind>archive</kind>
         <file>rts55x.lib</file>
         <name>defs.obj</name>
      </input_file>
      <input_file id="fl-3d">
         <path>C:\ti\ccs1210\ccs\tools\compiler\c5500_4.4.1\lib\</path>
         <kind>archive</kind>
         <file>rts55x.lib</file>
         <name>divul.obj</name>
      </input_file>
      <input_file id="fl-3e">
         <path>C:\ti\ccs1210\ccs\tools\compiler\c5500_4.4.1\lib\</path>
         <kind>archive</kind>
         <file>rts55x.lib</file>
         <name>fputc.obj</name>
      </input_file>
      <input_file id="fl-3f">
         <path>C:\ti\ccs1210\ccs\tools\compiler\c5500_4.4.1\lib\</path>
         <kind>archive</kind>
         <file>rts55x.lib</file>
         <name>fputs.obj</name>
      </input_file>
      <input_file id="fl-40">
         <path>C:\ti\ccs1210\ccs\tools\compiler\c5500_4.4.1\lib\</path>
         <kind>archive</kind>
         <file>rts55x.lib</file>
         <name>frcmpyd.obj</name>
      </input_file>
      <input_file id="fl-41">
         <path>C:\ti\ccs1210\ccs\tools\compiler\c5500_4.4.1\lib\</path>
         <kind>archive</kind>
         <file>rts55x.lib</file>
         <name>frexp.obj</name>
      </input_file>
      <input_file id="fl-42">
         <path>C:\ti\ccs1210\ccs\tools\compiler\c5500_4.4.1\lib\</path>
         <kind>archive</kind>
         <file>rts55x.lib</file>
         <name>isinf.obj</name>
      </input_file>
      <input_file id="fl-43">
         <path>C:\ti\ccs1210\ccs\tools\compiler\c5500_4.4.1\lib\</path>
         <kind>archive</kind>
         <file>rts55x.lib</file>
         <name>llmpy.obj</name>
      </input_file>
      <input_file id="fl-44">
         <path>C:\ti\ccs1210\ccs\tools\compiler\c5500_4.4.1\lib\</path>
         <kind>archive</kind>
         <file>rts55x.lib</file>
         <name>lowlev.obj</name>
      </input_file>
      <input_file id="fl-45">
         <path>C:\ti\ccs1210\ccs\tools\compiler\c5500_4.4.1\lib\</path>
         <kind>archive</kind>
         <file>rts55x.lib</file>
         <name>ltoa.obj</name>
      </input_file>
      <input_file id="fl-46">
         <path>C:\ti\ccs1210\ccs\tools\compiler\c5500_4.4.1\lib\</path>
         <kind>archive</kind>
         <file>rts55x.lib</file>
         <name>memccpy.obj</name>
      </input_file>
      <input_file id="fl-47">
         <path>C:\ti\ccs1210\ccs\tools\compiler\c5500_4.4.1\lib\</path>
         <kind>archive</kind>
         <file>rts55x.lib</file>
         <name>memcpy.obj</name>
      </input_file>
      <input_file id="fl-48">
         <path>C:\ti\ccs1210\ccs\tools\compiler\c5500_4.4.1\lib\</path>
         <kind>archive</kind>
         <file>rts55x.lib</file>
         <name>remli.obj</name>
      </input_file>
      <input_file id="fl-49">
         <path>C:\ti\ccs1210\ccs\tools\compiler\c5500_4.4.1\lib\</path>
         <kind>archive</kind>
         <file>rts55x.lib</file>
         <name>remul.obj</name>
      </input_file>
      <input_file id="fl-4a">
         <path>C:\ti\ccs1210\ccs\tools\compiler\c5500_4.4.1\lib\</path>
         <kind>archive</kind>
         <file>rts55x.lib</file>
         <name>trgdrv.obj</name>
      </input_file>
      <input_file id="fl-4b">
         <path>C:\ti\ccs1210\ccs\tools\compiler\c5500_4.4.1\lib\</path>
         <kind>archive</kind>
         <file>rts55x.lib</file>
         <name>trgmsg.obj</name>
      </input_file>
      <input_file id="fl-4c">
         <path>C:\ti\ccs1210\ccs\tools\compiler\c5500_4.4.1\lib\</path>
         <kind>archive</kind>
         <file>rts55x.lib</file>
         <name>udiv.obj</name>
      </input_file>
      <input_file id="fl-4d">
         <path>C:\ti\ccs1210\ccs\tools\compiler\c5500_4.4.1\lib\</path>
         <kind>archive</kind>
         <file>rts55x.lib</file>
         <name>_io_perm.obj</name>
      </input_file>
      <input_file id="fl-4e">
         <path>C:\ti\ccs1210\ccs\tools\compiler\c5500_4.4.1\lib\</path>
         <kind>archive</kind>
         <file>rts55x.lib</file>
         <name>divli.obj</name>
      </input_file>
      <input_file id="fl-4f">
         <path>C:\ti\ccs1210\ccs\tools\compiler\c5500_4.4.1\lib\</path>
         <kind>archive</kind>
         <file>rts55x.lib</file>
         <name>fflush.obj</name>
      </input_file>
      <input_file id="fl-50">
         <path>C:\ti\ccs1210\ccs\tools\compiler\c5500_4.4.1\lib\</path>
         <kind>archive</kind>
         <file>rts55x.lib</file>
         <name>fseek.obj</name>
      </input_file>
      <input_file id="fl-51">
         <path>C:\ti\ccs1210\ccs\tools\compiler\c5500_4.4.1\lib\</path>
         <kind>archive</kind>
         <file>rts55x.lib</file>
         <name>setvbuf.obj</name>
      </input_file>
      <input_file id="fl-52">
         <path>C:\ti\ccs1210\ccs\tools\compiler\c5500_4.4.1\lib\</path>
         <kind>archive</kind>
         <file>rts55x.lib</file>
         <name>fopen.obj</name>
      </input_file>
      <input_file id="fl-53">
         <path>C:\ti\ccs1210\ccs\tools\compiler\c5500_4.4.1\lib\</path>
         <kind>archive</kind>
         <file>rts55x.lib</file>
         <name>memory.obj</name>
      </input_file>
      <input_file id="fl-54">
         <path>C:\ti\ccs1210\ccs\tools\compiler\c5500_4.4.1\lib\</path>
         <kind>archive</kind>
         <file>rts55x.lib</file>
         <name>fclose.obj</name>
      </input_file>
      <input_file id="fl-55">
         <path>C:\ti\ccs1210\ccs\tools\compiler\c5500_4.4.1\lib\</path>
         <kind>archive</kind>
         <file>rts55x.lib</file>
         <name>remove.obj</name>
      </input_file>
   </input_file_list>
   <object_component_list>
      <object_component id="oc-b1">
         <name>.text</name>
         <load_address>0x300</load_address>
         <run_address>0x300</run_address>
         <size>0x15a4</size>
         <input_file_ref idref="fl-37"/>
      </object_component>
      <object_component id="oc-14">
         <name>.text</name>
         <load_address>0x18a4</load_address>
         <run_address>0x18a4</run_address>
         <size>0x617</size>
         <input_file_ref idref="fl-2"/>
      </object_component>
      <object_component id="oc-e7">
         <name>.text</name>
         <load_address>0x1ebb</load_address>
         <run_address>0x1ebb</run_address>
         <size>0x543</size>
         <input_file_ref idref="fl-44"/>
      </object_component>
      <object_component id="oc-101">
         <name>.text</name>
         <load_address>0x23fe</load_address>
         <run_address>0x23fe</run_address>
         <size>0x528</size>
         <input_file_ref idref="fl-4a"/>
      </object_component>
      <object_component id="oc-12a">
         <name>.text</name>
         <load_address>0x2926</load_address>
         <run_address>0x2926</run_address>
         <size>0x4b5</size>
         <input_file_ref idref="fl-53"/>
      </object_component>
      <object_component id="oc-41">
         <name>.text</name>
         <load_address>0x2ddb</load_address>
         <run_address>0x2ddb</run_address>
         <size>0x3cc</size>
         <input_file_ref idref="fl-20"/>
      </object_component>
      <object_component id="oc-124">
         <name>.text</name>
         <load_address>0x31a7</load_address>
         <run_address>0x31a7</run_address>
         <size>0x27f</size>
         <input_file_ref idref="fl-52"/>
      </object_component>
      <object_component id="oc-e3">
         <name>.text</name>
         <load_address>0x3426</load_address>
         <run_address>0x3426</run_address>
         <size>0x25e</size>
         <input_file_ref idref="fl-43"/>
      </object_component>
      <object_component id="oc-22">
         <name>.text</name>
         <load_address>0x3684</load_address>
         <run_address>0x3684</run_address>
         <size>0x25a</size>
         <input_file_ref idref="fl-1a"/>
      </object_component>
      <object_component id="oc-35">
         <name>.text</name>
         <load_address>0x38de</load_address>
         <run_address>0x38de</run_address>
         <size>0x218</size>
         <input_file_ref idref="fl-1e"/>
      </object_component>
      <object_component id="oc-8b">
         <name>.text</name>
         <load_address>0x3af6</load_address>
         <run_address>0x3af6</run_address>
         <size>0x1f2</size>
         <input_file_ref idref="fl-30"/>
      </object_component>
      <object_component id="oc-31">
         <name>.text</name>
         <load_address>0x3ce8</load_address>
         <run_address>0x3ce8</run_address>
         <size>0x1ea</size>
         <input_file_ref idref="fl-1d"/>
      </object_component>
      <object_component id="oc-50">
         <name>.text</name>
         <load_address>0x3ed2</load_address>
         <run_address>0x3ed2</run_address>
         <size>0x1b6</size>
         <input_file_ref idref="fl-23"/>
      </object_component>
      <object_component id="oc-d1">
         <name>.text</name>
         <load_address>0x4088</load_address>
         <run_address>0x4088</run_address>
         <size>0x163</size>
         <input_file_ref idref="fl-3f"/>
      </object_component>
      <object_component id="oc-92">
         <name>.text</name>
         <load_address>0x41eb</load_address>
         <run_address>0x41eb</run_address>
         <size>0x160</size>
         <input_file_ref idref="fl-31"/>
      </object_component>
      <object_component id="oc-1b">
         <name>.text</name>
         <load_address>0x434b</load_address>
         <run_address>0x434b</run_address>
         <size>0x150</size>
         <input_file_ref idref="fl-3"/>
      </object_component>
      <object_component id="oc-7a">
         <name>.text</name>
         <load_address>0x449b</load_address>
         <run_address>0x449b</run_address>
         <size>0x14c</size>
         <input_file_ref idref="fl-2c"/>
      </object_component>
      <object_component id="oc-99">
         <name>.text</name>
         <load_address>0x45e7</load_address>
         <run_address>0x45e7</run_address>
         <size>0x116</size>
         <input_file_ref idref="fl-32"/>
      </object_component>
      <object_component id="oc-6c">
         <name>.text</name>
         <load_address>0x46fd</load_address>
         <run_address>0x46fd</run_address>
         <size>0xf2</size>
         <input_file_ref idref="fl-29"/>
      </object_component>
      <object_component id="oc-120">
         <name>.text</name>
         <load_address>0x47ef</load_address>
         <run_address>0x47ef</run_address>
         <size>0xe6</size>
         <input_file_ref idref="fl-51"/>
      </object_component>
      <object_component id="oc-26">
         <name>.text</name>
         <load_address>0x48d5</load_address>
         <run_address>0x48d5</run_address>
         <size>0xe4</size>
         <input_file_ref idref="fl-1b"/>
      </object_component>
      <object_component id="oc-3c">
         <name>.text</name>
         <load_address>0x49b9</load_address>
         <run_address>0x49b9</run_address>
         <size>0xe0</size>
         <input_file_ref idref="fl-1f"/>
      </object_component>
      <object_component id="oc-110">
         <name>.text</name>
         <load_address>0x4a99</load_address>
         <run_address>0x4a99</run_address>
         <size>0xdd</size>
         <input_file_ref idref="fl-4d"/>
      </object_component>
      <object_component id="oc-da">
         <name>.text</name>
         <load_address>0x4b76</load_address>
         <run_address>0x4b76</run_address>
         <size>0xcc</size>
         <input_file_ref idref="fl-41"/>
      </object_component>
      <object_component id="oc-118">
         <name>.text</name>
         <load_address>0x4c42</load_address>
         <run_address>0x4c42</run_address>
         <size>0xc2</size>
         <input_file_ref idref="fl-4f"/>
      </object_component>
      <object_component id="oc-75">
         <name>.text</name>
         <load_address>0x4d04</load_address>
         <run_address>0x4d04</run_address>
         <size>0xbf</size>
         <input_file_ref idref="fl-2b"/>
      </object_component>
      <object_component id="oc-109">
         <name>.text:CIO_breakpoint</name>
         <load_address>0x4dc3</load_address>
         <run_address>0x4dc3</run_address>
         <size>0xba</size>
         <input_file_ref idref="fl-4b"/>
      </object_component>
      <object_component id="oc-cd">
         <name>.text</name>
         <load_address>0x4e7d</load_address>
         <run_address>0x4e7d</run_address>
         <size>0xa6</size>
         <input_file_ref idref="fl-3e"/>
      </object_component>
      <object_component id="oc-c9">
         <name>.text</name>
         <load_address>0x4f23</load_address>
         <run_address>0x4f23</run_address>
         <size>0xa1</size>
         <input_file_ref idref="fl-3d"/>
      </object_component>
      <object_component id="oc-ed">
         <name>.text</name>
         <load_address>0x4fc4</load_address>
         <run_address>0x4fc4</run_address>
         <size>0x7d</size>
         <input_file_ref idref="fl-45"/>
      </object_component>
      <object_component id="oc-131">
         <name>.text</name>
         <load_address>0x5041</load_address>
         <run_address>0x5041</run_address>
         <size>0x7b</size>
         <input_file_ref idref="fl-54"/>
      </object_component>
      <object_component id="oc-d6">
         <name>.text</name>
         <load_address>0x50bc</load_address>
         <run_address>0x50bc</run_address>
         <size>0x76</size>
         <input_file_ref idref="fl-40"/>
      </object_component>
      <object_component id="oc-68">
         <name>.text</name>
         <load_address>0x5132</load_address>
         <run_address>0x5132</run_address>
         <size>0x73</size>
         <input_file_ref idref="fl-28"/>
      </object_component>
      <object_component id="oc-fd">
         <name>.text</name>
         <load_address>0x51a5</load_address>
         <run_address>0x51a5</run_address>
         <size>0x72</size>
         <input_file_ref idref="fl-49"/>
      </object_component>
      <object_component id="oc-5b">
         <name>.text</name>
         <load_address>0x5217</load_address>
         <run_address>0x5217</run_address>
         <size>0x6f</size>
         <input_file_ref idref="fl-25"/>
      </object_component>
      <object_component id="oc-106">
         <name>.text</name>
         <load_address>0x5286</load_address>
         <run_address>0x5286</run_address>
         <size>0x6d</size>
         <input_file_ref idref="fl-4b"/>
      </object_component>
      <object_component id="oc-11c">
         <name>.text</name>
         <load_address>0x52f3</load_address>
         <run_address>0x52f3</run_address>
         <size>0x6b</size>
         <input_file_ref idref="fl-50"/>
      </object_component>
      <object_component id="oc-63">
         <name>.text</name>
         <load_address>0x535e</load_address>
         <run_address>0x535e</run_address>
         <size>0x67</size>
         <input_file_ref idref="fl-27"/>
      </object_component>
      <object_component id="oc-86">
         <name>.text</name>
         <load_address>0x53c5</load_address>
         <run_address>0x53c5</run_address>
         <size>0x5f</size>
         <input_file_ref idref="fl-2f"/>
      </object_component>
      <object_component id="oc-bb">
         <name>.text</name>
         <load_address>0x5424</load_address>
         <run_address>0x5424</run_address>
         <size>0x5c</size>
         <input_file_ref idref="fl-39"/>
      </object_component>
      <object_component id="oc-82">
         <name>.text</name>
         <load_address>0x5480</load_address>
         <run_address>0x5480</run_address>
         <size>0x50</size>
         <input_file_ref idref="fl-2e"/>
      </object_component>
      <object_component id="oc-bf">
         <name>.text</name>
         <load_address>0x54d0</load_address>
         <run_address>0x54d0</run_address>
         <size>0x4d</size>
         <input_file_ref idref="fl-3a"/>
      </object_component>
      <object_component id="oc-b7">
         <name>.text</name>
         <load_address>0x551d</load_address>
         <run_address>0x551d</run_address>
         <size>0x4b</size>
         <input_file_ref idref="fl-38"/>
      </object_component>
      <object_component id="oc-f9">
         <name>.text</name>
         <load_address>0x5568</load_address>
         <run_address>0x5568</run_address>
         <size>0x4b</size>
         <input_file_ref idref="fl-48"/>
      </object_component>
      <object_component id="oc-114">
         <name>.text</name>
         <load_address>0x55b3</load_address>
         <run_address>0x55b3</run_address>
         <size>0x48</size>
         <input_file_ref idref="fl-4e"/>
      </object_component>
      <object_component id="oc-a2">
         <name>.text</name>
         <load_address>0x55fb</load_address>
         <run_address>0x55fb</run_address>
         <size>0x41</size>
         <input_file_ref idref="fl-34"/>
      </object_component>
      <object_component id="oc-f5">
         <name>.text</name>
         <load_address>0x563c</load_address>
         <run_address>0x563c</run_address>
         <size>0x3f</size>
         <input_file_ref idref="fl-47"/>
      </object_component>
      <object_component id="oc-49">
         <name>.text</name>
         <load_address>0x567b</load_address>
         <run_address>0x567b</run_address>
         <size>0x3e</size>
         <input_file_ref idref="fl-22"/>
      </object_component>
      <object_component id="oc-12">
         <name>.text</name>
         <load_address>0x56b9</load_address>
         <run_address>0x56b9</run_address>
         <size>0x34</size>
         <input_file_ref idref="fl-1c"/>
      </object_component>
      <object_component id="oc-57">
         <name>.text</name>
         <load_address>0x56ed</load_address>
         <run_address>0x56ed</run_address>
         <size>0x2a</size>
         <input_file_ref idref="fl-24"/>
      </object_component>
      <object_component id="oc-10c">
         <name>.text</name>
         <load_address>0x5717</load_address>
         <run_address>0x5717</run_address>
         <size>0x2a</size>
         <input_file_ref idref="fl-4c"/>
      </object_component>
      <object_component id="oc-f1">
         <name>.text</name>
         <load_address>0x5741</load_address>
         <run_address>0x5741</run_address>
         <size>0x23</size>
         <input_file_ref idref="fl-46"/>
      </object_component>
      <object_component id="oc-df">
         <name>.text</name>
         <load_address>0x5764</load_address>
         <run_address>0x5764</run_address>
         <size>0x1a</size>
         <input_file_ref idref="fl-42"/>
      </object_component>
      <object_component id="oc-9e">
         <name>.text</name>
         <load_address>0x577e</load_address>
         <run_address>0x577e</run_address>
         <size>0x14</size>
         <input_file_ref idref="fl-33"/>
      </object_component>
      <object_component id="oc-71">
         <name>.text</name>
         <load_address>0x5792</load_address>
         <run_address>0x5792</run_address>
         <size>0x13</size>
         <input_file_ref idref="fl-2a"/>
      </object_component>
      <object_component id="oc-ab">
         <name>.text</name>
         <load_address>0x57a5</load_address>
         <run_address>0x57a5</run_address>
         <size>0x12</size>
         <input_file_ref idref="fl-36"/>
      </object_component>
      <object_component id="oc-7e">
         <name>.text</name>
         <load_address>0x57b7</load_address>
         <run_address>0x57b7</run_address>
         <size>0x10</size>
         <input_file_ref idref="fl-2d"/>
      </object_component>
      <object_component id="oc-5f">
         <name>.text</name>
         <load_address>0x57c7</load_address>
         <run_address>0x57c7</run_address>
         <size>0xc</size>
         <input_file_ref idref="fl-26"/>
      </object_component>
      <object_component id="oc-135">
         <name>.text</name>
         <load_address>0x57d3</load_address>
         <run_address>0x57d3</run_address>
         <size>0xa</size>
         <input_file_ref idref="fl-55"/>
      </object_component>
      <object_component id="oc-4d">
         <name>.text:CIO_breakpoint</name>
         <load_address>0x57dd</load_address>
         <run_address>0x57dd</run_address>
         <size>0x7</size>
         <input_file_ref idref="fl-22"/>
      </object_component>
      <object_component id="oc-a7">
         <name>.text</name>
         <load_address>0x57e4</load_address>
         <run_address>0x57e4</run_address>
         <size>0x2</size>
         <input_file_ref idref="fl-35"/>
      </object_component>
      <object_component id="oc-2d">
         <name>.stack</name>
         <load_address>0x5800</load_address>
         <run_address>0x5800</run_address>
         <size>0x0</size>
         <input_file_ref idref="fl-1c"/>
      </object_component>
      <object_component id="oc-158">
         <name>.stack</name>
         <load_address>0x5800</load_address>
         <run_address>0x5800</run_address>
         <size>0x0</size>
      </object_component>
      <object_component id="oc-139">
         <name>.sysstack</name>
         <load_address>0x9800</load_address>
         <run_address>0x9800</run_address>
         <size>0x0</size>
         <input_file_ref idref="fl-1c"/>
      </object_component>
      <object_component id="oc-15a">
         <name>.sysstack</name>
         <load_address>0x9800</load_address>
         <run_address>0x9800</run_address>
         <size>0x0</size>
      </object_component>
      <object_component id="oc-c5">
         <name>.bss</name>
         <load_address>0xaf20</load_address>
         <run_address>0xaf20</run_address>
         <size>0x232</size>
         <input_file_ref idref="fl-3c"/>
      </object_component>
      <object_component id="oc-102">
         <name>.bss</name>
         <load_address>0xb152</load_address>
         <run_address>0xb152</run_address>
         <size>0x1a0</size>
         <input_file_ref idref="fl-4a"/>
      </object_component>
      <object_component id="oc-45">
         <name>.bss</name>
         <load_address>0xb2f2</load_address>
         <run_address>0xb2f2</run_address>
         <size>0x2</size>
         <input_file_ref idref="fl-21"/>
      </object_component>
      <object_component id="oc-e8">
         <name>.bss</name>
         <load_address>0xb2f4</load_address>
         <run_address>0xb2f4</run_address>
         <size>0xe2</size>
         <input_file_ref idref="fl-44"/>
      </object_component>
      <object_component id="oc-125">
         <name>.bss</name>
         <load_address>0xb3d6</load_address>
         <run_address>0xb3d6</run_address>
         <size>0x2</size>
         <input_file_ref idref="fl-52"/>
      </object_component>
      <object_component id="oc-27">
         <name>.bss</name>
         <load_address>0xb3d8</load_address>
         <run_address>0xb3d8</run_address>
         <size>0x20</size>
         <input_file_ref idref="fl-1b"/>
      </object_component>
      <object_component id="oc-51">
         <name>.bss</name>
         <load_address>0xb3f8</load_address>
         <run_address>0xb3f8</run_address>
         <size>0x1c</size>
         <input_file_ref idref="fl-23"/>
      </object_component>
      <object_component id="oc-36">
         <name>.bss</name>
         <load_address>0xb414</load_address>
         <run_address>0xb414</run_address>
         <size>0x10</size>
         <input_file_ref idref="fl-1e"/>
      </object_component>
      <object_component id="oc-8c">
         <name>.bss</name>
         <load_address>0xb424</load_address>
         <run_address>0xb424</run_address>
         <size>0x10</size>
         <input_file_ref idref="fl-30"/>
      </object_component>
      <object_component id="oc-12b">
         <name>.bss</name>
         <load_address>0xb434</load_address>
         <run_address>0xb434</run_address>
         <size>0xc</size>
         <input_file_ref idref="fl-53"/>
      </object_component>
      <object_component id="oc-93">
         <name>.bss</name>
         <load_address>0xb440</load_address>
         <run_address>0xb440</run_address>
         <size>0xc</size>
         <input_file_ref idref="fl-31"/>
      </object_component>
      <object_component id="oc-ac">
         <name>.bss</name>
         <load_address>0xb44c</load_address>
         <run_address>0xb44c</run_address>
         <size>0x8</size>
         <input_file_ref idref="fl-36"/>
      </object_component>
      <object_component id="oc-4a">
         <name>.bss</name>
         <load_address>0xb454</load_address>
         <run_address>0xb454</run_address>
         <size>0x8</size>
         <input_file_ref idref="fl-22"/>
      </object_component>
      <object_component id="oc-13f">
         <name>.const:__ctypes_</name>
         <load_address>0xa800</load_address>
         <run_address>0xa800</run_address>
         <size>0x202</size>
         <input_file_ref idref="fl-3b"/>
      </object_component>
      <object_component id="oc-17">
         <name>.const:.string</name>
         <load_address>0xaa04</load_address>
         <run_address>0xaa04</run_address>
         <size>0x184</size>
         <input_file_ref idref="fl-2"/>
      </object_component>
      <object_component id="oc-1e">
         <name>.const:.string</name>
         <load_address>0xab88</load_address>
         <run_address>0xab88</run_address>
         <size>0x122</size>
         <input_file_ref idref="fl-3"/>
      </object_component>
      <object_component id="oc-b4">
         <name>.const:.string</name>
         <load_address>0xacac</load_address>
         <run_address>0xacac</run_address>
         <size>0x48</size>
         <input_file_ref idref="fl-37"/>
      </object_component>
      <object_component id="oc-39">
         <name>.const</name>
         <load_address>0xacf4</load_address>
         <run_address>0xacf4</run_address>
         <size>0x2c</size>
         <input_file_ref idref="fl-1e"/>
      </object_component>
      <object_component id="oc-1d">
         <name>.const</name>
         <load_address>0xad20</load_address>
         <run_address>0xad20</run_address>
         <size>0x28</size>
         <input_file_ref idref="fl-3"/>
      </object_component>
      <object_component id="oc-8f">
         <name>.const</name>
         <load_address>0xad48</load_address>
         <run_address>0xad48</run_address>
         <size>0x28</size>
         <input_file_ref idref="fl-30"/>
      </object_component>
      <object_component id="oc-96">
         <name>.const</name>
         <load_address>0xad70</load_address>
         <run_address>0xad70</run_address>
         <size>0x28</size>
         <input_file_ref idref="fl-31"/>
      </object_component>
      <object_component id="oc-3e">
         <name>.const</name>
         <load_address>0xad98</load_address>
         <run_address>0xad98</run_address>
         <size>0x24</size>
         <input_file_ref idref="fl-1f"/>
      </object_component>
      <object_component id="oc-54">
         <name>.const</name>
         <load_address>0xadbc</load_address>
         <run_address>0xadbc</run_address>
         <size>0x24</size>
         <input_file_ref idref="fl-23"/>
      </object_component>
      <object_component id="oc-13c">
         <name>.const:_CORDIC_CTAB_CIRCULAR</name>
         <load_address>0xade0</load_address>
         <run_address>0xade0</run_address>
         <size>0x20</size>
         <input_file_ref idref="fl-2"/>
      </object_component>
      <object_component id="oc-13b">
         <name>.const:_CORDIC_CTAB_HYPERBOLIC</name>
         <load_address>0xae00</load_address>
         <run_address>0xae00</run_address>
         <size>0x20</size>
         <input_file_ref idref="fl-2"/>
      </object_component>
      <object_component id="oc-13d">
         <name>.const:_CORDIC_CTAB_LINEAR</name>
         <load_address>0xae20</load_address>
         <run_address>0xae20</run_address>
         <size>0x20</size>
         <input_file_ref idref="fl-2"/>
      </object_component>
      <object_component id="oc-13a">
         <name>.const:_CORDIC_HYPERBOLIC_STEPS</name>
         <load_address>0xae40</load_address>
         <run_address>0xae40</run_address>
         <size>0x20</size>
         <input_file_ref idref="fl-2"/>
      </object_component>
      <object_component id="oc-16">
         <name>.const</name>
         <load_address>0xae60</load_address>
         <run_address>0xae60</run_address>
         <size>0x1c</size>
         <input_file_ref idref="fl-2"/>
      </object_component>
      <object_component id="oc-b3">
         <name>.const</name>
         <load_address>0xae7c</load_address>
         <run_address>0xae7c</run_address>
         <size>0x18</size>
         <input_file_ref idref="fl-37"/>
      </object_component>
      <object_component id="oc-6e">
         <name>.const</name>
         <load_address>0xae94</load_address>
         <run_address>0xae94</run_address>
         <size>0x14</size>
         <input_file_ref idref="fl-29"/>
      </object_component>
      <object_component id="oc-9b">
         <name>.const</name>
         <load_address>0xaea8</load_address>
         <run_address>0xaea8</run_address>
         <size>0x14</size>
         <input_file_ref idref="fl-32"/>
      </object_component>
      <object_component id="oc-13e">
         <name>.const:_initial_approx$1</name>
         <load_address>0xaebc</load_address>
         <run_address>0xaebc</run_address>
         <size>0x10</size>
         <input_file_ref idref="fl-20"/>
      </object_component>
      <object_component id="oc-dc">
         <name>.const</name>
         <load_address>0xaecc</load_address>
         <run_address>0xaecc</run_address>
         <size>0x10</size>
         <input_file_ref idref="fl-41"/>
      </object_component>
      <object_component id="oc-88">
         <name>.const</name>
         <load_address>0xaedc</load_address>
         <run_address>0xaedc</run_address>
         <size>0x10</size>
         <input_file_ref idref="fl-2f"/>
      </object_component>
      <object_component id="oc-2a">
         <name>.const</name>
         <load_address>0xaeec</load_address>
         <run_address>0xaeec</run_address>
         <size>0xc</size>
         <input_file_ref idref="fl-1b"/>
      </object_component>
      <object_component id="oc-77">
         <name>.const</name>
         <load_address>0xaef8</load_address>
         <run_address>0xaef8</run_address>
         <size>0xc</size>
         <input_file_ref idref="fl-2b"/>
      </object_component>
      <object_component id="oc-a4">
         <name>.const</name>
         <load_address>0xaf04</load_address>
         <run_address>0xaf04</run_address>
         <size>0x8</size>
         <input_file_ref idref="fl-34"/>
      </object_component>
      <object_component id="oc-d3">
         <name>.const:.string</name>
         <load_address>0xaf0c</load_address>
         <run_address>0xaf0c</run_address>
         <size>0x4</size>
         <input_file_ref idref="fl-3f"/>
      </object_component>
      <object_component id="oc-65">
         <name>.const</name>
         <load_address>0xaf10</load_address>
         <run_address>0xaf10</run_address>
         <size>0x4</size>
         <input_file_ref idref="fl-27"/>
      </object_component>
      <object_component id="oc-12e">
         <name>.sysmem</name>
         <uninitialized>true</uninitialized>
         <run_address>0x7800</run_address>
         <size>0x0</size>
         <input_file_ref idref="fl-53"/>
      </object_component>
      <object_component id="oc-159">
         <name>.sysmem</name>
         <uninitialized>true</uninitialized>
         <run_address>0x7800</run_address>
         <size>0x0</size>
      </object_component>
      <object_component id="oc-ea">
         <name>.cinit</name>
         <load_address>0xb6a0</load_address>
         <run_address>0xb6a0</run_address>
         <size>0x5a</size>
         <input_file_ref idref="fl-44"/>
      </object_component>
      <object_component id="oc-c7">
         <name>.cinit</name>
         <load_address>0xb6fa</load_address>
         <run_address>0xb6fa</run_address>
         <size>0x54</size>
         <input_file_ref idref="fl-3c"/>
      </object_component>
      <object_component id="oc-29">
         <name>.cinit</name>
         <load_address>0xb74e</load_address>
         <run_address>0xb74e</run_address>
         <size>0x26</size>
         <input_file_ref idref="fl-1b"/>
      </object_component>
      <object_component id="oc-53">
         <name>.cinit</name>
         <load_address>0xb774</load_address>
         <run_address>0xb774</run_address>
         <size>0x22</size>
         <input_file_ref idref="fl-23"/>
      </object_component>
      <object_component id="oc-95">
         <name>.cinit</name>
         <load_address>0xb796</load_address>
         <run_address>0xb796</run_address>
         <size>0x18</size>
         <input_file_ref idref="fl-31"/>
      </object_component>
      <object_component id="oc-38">
         <name>.cinit</name>
         <load_address>0xb7ae</load_address>
         <run_address>0xb7ae</run_address>
         <size>0x16</size>
         <input_file_ref idref="fl-1e"/>
      </object_component>
      <object_component id="oc-8e">
         <name>.cinit</name>
         <load_address>0xb7c4</load_address>
         <run_address>0xb7c4</run_address>
         <size>0x16</size>
         <input_file_ref idref="fl-30"/>
      </object_component>
      <object_component id="oc-ae">
         <name>.cinit</name>
         <load_address>0xb7da</load_address>
         <run_address>0xb7da</run_address>
         <size>0x14</size>
         <input_file_ref idref="fl-36"/>
      </object_component>
      <object_component id="oc-4c">
         <name>.cinit</name>
         <load_address>0xb7ee</load_address>
         <run_address>0xb7ee</run_address>
         <size>0x14</size>
         <input_file_ref idref="fl-22"/>
      </object_component>
      <object_component id="oc-47">
         <name>.cinit</name>
         <load_address>0xb802</load_address>
         <run_address>0xb802</run_address>
         <size>0x8</size>
         <input_file_ref idref="fl-21"/>
      </object_component>
      <object_component id="oc-127">
         <name>.cinit</name>
         <load_address>0xb80a</load_address>
         <run_address>0xb80a</run_address>
         <size>0x8</size>
         <input_file_ref idref="fl-52"/>
      </object_component>
      <object_component id="oc-12d">
         <name>.cinit</name>
         <load_address>0xb812</load_address>
         <run_address>0xb812</run_address>
         <size>0x8</size>
         <input_file_ref idref="fl-53"/>
      </object_component>
      <object_component id="oc-108">
         <name>.cio</name>
         <load_address>0xb460</load_address>
         <run_address>0xb460</run_address>
         <size>0x240</size>
         <input_file_ref idref="fl-4b"/>
      </object_component>
      <object_component id="oc-13">
         <name>vectors</name>
         <load_address>0xfe00</load_address>
         <run_address>0xfe00</run_address>
         <size>0x100</size>
         <input_file_ref idref="fl-35"/>
      </object_component>
      <object_component id="oc-15">
         <name>.debug_info</name>
         <load_address>0x0</load_address>
         <run_address>0x0</run_address>
         <size>0x14e5</size>
         <input_file_ref idref="fl-2"/>
      </object_component>
      <object_component id="oc-1c">
         <name>.debug_info</name>
         <load_address>0x14e5</load_address>
         <run_address>0x14e5</run_address>
         <size>0x83b</size>
         <input_file_ref idref="fl-3"/>
      </object_component>
      <object_component id="oc-23">
         <name>.debug_info</name>
         <load_address>0x1d20</load_address>
         <run_address>0x1d20</run_address>
         <size>0x5ab</size>
         <input_file_ref idref="fl-1a"/>
      </object_component>
      <object_component id="oc-28">
         <name>.debug_info</name>
         <load_address>0x22cb</load_address>
         <run_address>0x22cb</run_address>
         <size>0x5b7</size>
         <input_file_ref idref="fl-1b"/>
      </object_component>
      <object_component id="oc-2e">
         <name>.debug_info</name>
         <load_address>0x2882</load_address>
         <run_address>0x2882</run_address>
         <size>0xe8</size>
         <input_file_ref idref="fl-1c"/>
      </object_component>
      <object_component id="oc-32">
         <name>.debug_info</name>
         <load_address>0x296a</load_address>
         <run_address>0x296a</run_address>
         <size>0x81f</size>
         <input_file_ref idref="fl-1d"/>
      </object_component>
      <object_component id="oc-37">
         <name>.debug_info</name>
         <load_address>0x3189</load_address>
         <run_address>0x3189</run_address>
         <size>0x716</size>
         <input_file_ref idref="fl-1e"/>
      </object_component>
      <object_component id="oc-3d">
         <name>.debug_info</name>
         <load_address>0x389f</load_address>
         <run_address>0x389f</run_address>
         <size>0x577</size>
         <input_file_ref idref="fl-1f"/>
      </object_component>
      <object_component id="oc-42">
         <name>.debug_info</name>
         <load_address>0x3e16</load_address>
         <run_address>0x3e16</run_address>
         <size>0x7e8</size>
         <input_file_ref idref="fl-20"/>
      </object_component>
      <object_component id="oc-46">
         <name>.debug_info</name>
         <load_address>0x45fe</load_address>
         <run_address>0x45fe</run_address>
         <size>0x47b</size>
         <input_file_ref idref="fl-21"/>
      </object_component>
      <object_component id="oc-4b">
         <name>.debug_info</name>
         <load_address>0x4a79</load_address>
         <run_address>0x4a79</run_address>
         <size>0x5fb</size>
         <input_file_ref idref="fl-22"/>
      </object_component>
      <object_component id="oc-52">
         <name>.debug_info</name>
         <load_address>0x5074</load_address>
         <run_address>0x5074</run_address>
         <size>0x6ff</size>
         <input_file_ref idref="fl-23"/>
      </object_component>
      <object_component id="oc-58">
         <name>.debug_info</name>
         <load_address>0x5773</load_address>
         <run_address>0x5773</run_address>
         <size>0x4cf</size>
         <input_file_ref idref="fl-24"/>
      </object_component>
      <object_component id="oc-5c">
         <name>.debug_info</name>
         <load_address>0x5c42</load_address>
         <run_address>0x5c42</run_address>
         <size>0x534</size>
         <input_file_ref idref="fl-25"/>
      </object_component>
      <object_component id="oc-60">
         <name>.debug_info</name>
         <load_address>0x6176</load_address>
         <run_address>0x6176</run_address>
         <size>0x4cf</size>
         <input_file_ref idref="fl-26"/>
      </object_component>
      <object_component id="oc-64">
         <name>.debug_info</name>
         <load_address>0x6645</load_address>
         <run_address>0x6645</run_address>
         <size>0x549</size>
         <input_file_ref idref="fl-27"/>
      </object_component>
      <object_component id="oc-69">
         <name>.debug_info</name>
         <load_address>0x6b8e</load_address>
         <run_address>0x6b8e</run_address>
         <size>0x53e</size>
         <input_file_ref idref="fl-28"/>
      </object_component>
      <object_component id="oc-6d">
         <name>.debug_info</name>
         <load_address>0x70cc</load_address>
         <run_address>0x70cc</run_address>
         <size>0x50e</size>
         <input_file_ref idref="fl-29"/>
      </object_component>
      <object_component id="oc-72">
         <name>.debug_info</name>
         <load_address>0x75da</load_address>
         <run_address>0x75da</run_address>
         <size>0xbd</size>
         <input_file_ref idref="fl-2a"/>
      </object_component>
      <object_component id="oc-76">
         <name>.debug_info</name>
         <load_address>0x7697</load_address>
         <run_address>0x7697</run_address>
         <size>0x50c</size>
         <input_file_ref idref="fl-2b"/>
      </object_component>
      <object_component id="oc-7b">
         <name>.debug_info</name>
         <load_address>0x7ba3</load_address>
         <run_address>0x7ba3</run_address>
         <size>0x55b</size>
         <input_file_ref idref="fl-2c"/>
      </object_component>
      <object_component id="oc-7f">
         <name>.debug_info</name>
         <load_address>0x80fe</load_address>
         <run_address>0x80fe</run_address>
         <size>0x4b7</size>
         <input_file_ref idref="fl-2d"/>
      </object_component>
      <object_component id="oc-83">
         <name>.debug_info</name>
         <load_address>0x85b5</load_address>
         <run_address>0x85b5</run_address>
         <size>0x76c</size>
         <input_file_ref idref="fl-2e"/>
      </object_component>
      <object_component id="oc-87">
         <name>.debug_info</name>
         <load_address>0x8d21</load_address>
         <run_address>0x8d21</run_address>
         <size>0x52e</size>
         <input_file_ref idref="fl-2f"/>
      </object_component>
      <object_component id="oc-8d">
         <name>.debug_info</name>
         <load_address>0x924f</load_address>
         <run_address>0x924f</run_address>
         <size>0x6ef</size>
         <input_file_ref idref="fl-30"/>
      </object_component>
      <object_component id="oc-94">
         <name>.debug_info</name>
         <load_address>0x993e</load_address>
         <run_address>0x993e</run_address>
         <size>0x606</size>
         <input_file_ref idref="fl-31"/>
      </object_component>
      <object_component id="oc-9a">
         <name>.debug_info</name>
         <load_address>0x9f44</load_address>
         <run_address>0x9f44</run_address>
         <size>0x7fc</size>
         <input_file_ref idref="fl-32"/>
      </object_component>
      <object_component id="oc-9f">
         <name>.debug_info</name>
         <load_address>0xa740</load_address>
         <run_address>0xa740</run_address>
         <size>0x4de</size>
         <input_file_ref idref="fl-33"/>
      </object_component>
      <object_component id="oc-a3">
         <name>.debug_info</name>
         <load_address>0xac1e</load_address>
         <run_address>0xac1e</run_address>
         <size>0x521</size>
         <input_file_ref idref="fl-34"/>
      </object_component>
      <object_component id="oc-a8">
         <name>.debug_info</name>
         <load_address>0xb13f</load_address>
         <run_address>0xb13f</run_address>
         <size>0xbc</size>
         <input_file_ref idref="fl-35"/>
      </object_component>
      <object_component id="oc-ad">
         <name>.debug_info</name>
         <load_address>0xb1fb</load_address>
         <run_address>0xb1fb</run_address>
         <size>0x5bc</size>
         <input_file_ref idref="fl-36"/>
      </object_component>
      <object_component id="oc-b2">
         <name>.debug_info</name>
         <load_address>0xb7b7</load_address>
         <run_address>0xb7b7</run_address>
         <size>0x27bd</size>
         <input_file_ref idref="fl-37"/>
      </object_component>
      <object_component id="oc-b8">
         <name>.debug_info</name>
         <load_address>0xdf74</load_address>
         <run_address>0xdf74</run_address>
         <size>0x586</size>
         <input_file_ref idref="fl-38"/>
      </object_component>
      <object_component id="oc-bc">
         <name>.debug_info</name>
         <load_address>0xe4fa</load_address>
         <run_address>0xe4fa</run_address>
         <size>0x5a4</size>
         <input_file_ref idref="fl-39"/>
      </object_component>
      <object_component id="oc-c0">
         <name>.debug_info</name>
         <load_address>0xea9e</load_address>
         <run_address>0xea9e</run_address>
         <size>0xcd</size>
         <input_file_ref idref="fl-3a"/>
      </object_component>
      <object_component id="oc-c3">
         <name>.debug_info</name>
         <load_address>0xeb6b</load_address>
         <run_address>0xeb6b</run_address>
         <size>0x498</size>
         <input_file_ref idref="fl-3b"/>
      </object_component>
      <object_component id="oc-c6">
         <name>.debug_info</name>
         <load_address>0xf003</load_address>
         <run_address>0xf003</run_address>
         <size>0x57e</size>
         <input_file_ref idref="fl-3c"/>
      </object_component>
      <object_component id="oc-ca">
         <name>.debug_info</name>
         <load_address>0xf581</load_address>
         <run_address>0xf581</run_address>
         <size>0x534</size>
         <input_file_ref idref="fl-3d"/>
      </object_component>
      <object_component id="oc-ce">
         <name>.debug_info</name>
         <load_address>0xfab5</load_address>
         <run_address>0xfab5</run_address>
         <size>0x6aa</size>
         <input_file_ref idref="fl-3e"/>
      </object_component>
      <object_component id="oc-d2">
         <name>.debug_info</name>
         <load_address>0x1015f</load_address>
         <run_address>0x1015f</run_address>
         <size>0x942</size>
         <input_file_ref idref="fl-3f"/>
      </object_component>
      <object_component id="oc-d7">
         <name>.debug_info</name>
         <load_address>0x10aa1</load_address>
         <run_address>0x10aa1</run_address>
         <size>0x4d2</size>
         <input_file_ref idref="fl-40"/>
      </object_component>
      <object_component id="oc-db">
         <name>.debug_info</name>
         <load_address>0x10f73</load_address>
         <run_address>0x10f73</run_address>
         <size>0x518</size>
         <input_file_ref idref="fl-41"/>
      </object_component>
      <object_component id="oc-e0">
         <name>.debug_info</name>
         <load_address>0x1148b</load_address>
         <run_address>0x1148b</run_address>
         <size>0x680</size>
         <input_file_ref idref="fl-42"/>
      </object_component>
      <object_component id="oc-e4">
         <name>.debug_info</name>
         <load_address>0x11b0b</load_address>
         <run_address>0x11b0b</run_address>
         <size>0x7d4</size>
         <input_file_ref idref="fl-43"/>
      </object_component>
      <object_component id="oc-e9">
         <name>.debug_info</name>
         <load_address>0x122df</load_address>
         <run_address>0x122df</run_address>
         <size>0x144b</size>
         <input_file_ref idref="fl-44"/>
      </object_component>
      <object_component id="oc-ee">
         <name>.debug_info</name>
         <load_address>0x1372a</load_address>
         <run_address>0x1372a</run_address>
         <size>0x5ad</size>
         <input_file_ref idref="fl-45"/>
      </object_component>
      <object_component id="oc-f2">
         <name>.debug_info</name>
         <load_address>0x13cd7</load_address>
         <run_address>0x13cd7</run_address>
         <size>0x574</size>
         <input_file_ref idref="fl-46"/>
      </object_component>
      <object_component id="oc-f6">
         <name>.debug_info</name>
         <load_address>0x1424b</load_address>
         <run_address>0x1424b</run_address>
         <size>0xd1</size>
         <input_file_ref idref="fl-47"/>
      </object_component>
      <object_component id="oc-fa">
         <name>.debug_info</name>
         <load_address>0x1431c</load_address>
         <run_address>0x1431c</run_address>
         <size>0x4f2</size>
         <input_file_ref idref="fl-48"/>
      </object_component>
      <object_component id="oc-fe">
         <name>.debug_info</name>
         <load_address>0x1480e</load_address>
         <run_address>0x1480e</run_address>
         <size>0x534</size>
         <input_file_ref idref="fl-49"/>
      </object_component>
      <object_component id="oc-103">
         <name>.debug_info</name>
         <load_address>0x14d42</load_address>
         <run_address>0x14d42</run_address>
         <size>0xed4</size>
         <input_file_ref idref="fl-4a"/>
      </object_component>
      <object_component id="oc-107">
         <name>.debug_info</name>
         <load_address>0x15c16</load_address>
         <run_address>0x15c16</run_address>
         <size>0x744</size>
         <input_file_ref idref="fl-4b"/>
      </object_component>
      <object_component id="oc-10d">
         <name>.debug_info</name>
         <load_address>0x1635a</load_address>
         <run_address>0x1635a</run_address>
         <size>0xef</size>
         <input_file_ref idref="fl-4c"/>
      </object_component>
      <object_component id="oc-111">
         <name>.debug_info</name>
         <load_address>0x16449</load_address>
         <run_address>0x16449</run_address>
         <size>0x662</size>
         <input_file_ref idref="fl-4d"/>
      </object_component>
      <object_component id="oc-115">
         <name>.debug_info</name>
         <load_address>0x16aab</load_address>
         <run_address>0x16aab</run_address>
         <size>0x4f2</size>
         <input_file_ref idref="fl-4e"/>
      </object_component>
      <object_component id="oc-119">
         <name>.debug_info</name>
         <load_address>0x16f9d</load_address>
         <run_address>0x16f9d</run_address>
         <size>0x706</size>
         <input_file_ref idref="fl-4f"/>
      </object_component>
      <object_component id="oc-11d">
         <name>.debug_info</name>
         <load_address>0x176a3</load_address>
         <run_address>0x176a3</run_address>
         <size>0x5f7</size>
         <input_file_ref idref="fl-50"/>
      </object_component>
      <object_component id="oc-121">
         <name>.debug_info</name>
         <load_address>0x17c9a</load_address>
         <run_address>0x17c9a</run_address>
         <size>0x64a</size>
         <input_file_ref idref="fl-51"/>
      </object_component>
      <object_component id="oc-126">
         <name>.debug_info</name>
         <load_address>0x182e4</load_address>
         <run_address>0x182e4</run_address>
         <size>0xa1c</size>
         <input_file_ref idref="fl-52"/>
      </object_component>
      <object_component id="oc-12c">
         <name>.debug_info</name>
         <load_address>0x18d00</load_address>
         <run_address>0x18d00</run_address>
         <size>0xb97</size>
         <input_file_ref idref="fl-53"/>
      </object_component>
      <object_component id="oc-132">
         <name>.debug_info</name>
         <load_address>0x19897</load_address>
         <run_address>0x19897</run_address>
         <size>0x64f</size>
         <input_file_ref idref="fl-54"/>
      </object_component>
      <object_component id="oc-136">
         <name>.debug_info</name>
         <load_address>0x19ee6</load_address>
         <run_address>0x19ee6</run_address>
         <size>0x510</size>
         <input_file_ref idref="fl-55"/>
      </object_component>
      <object_component id="oc-15c">
         <name>.debug_info</name>
         <load_address>0x1a3f6</load_address>
         <run_address>0x1a3f6</run_address>
         <size>0x6e</size>
      </object_component>
      <object_component id="oc-18">
         <name>.debug_frame</name>
         <load_address>0x0</load_address>
         <run_address>0x0</run_address>
         <size>0x23e</size>
         <input_file_ref idref="fl-2"/>
      </object_component>
      <object_component id="oc-1f">
         <name>.debug_frame</name>
         <load_address>0x23e</load_address>
         <run_address>0x23e</run_address>
         <size>0xe5</size>
         <input_file_ref idref="fl-3"/>
      </object_component>
      <object_component id="oc-19">
         <name>.debug_line</name>
         <load_address>0x0</load_address>
         <run_address>0x0</run_address>
         <size>0x2a7</size>
         <input_file_ref idref="fl-2"/>
      </object_component>
      <object_component id="oc-20">
         <name>.debug_line</name>
         <load_address>0x2a7</load_address>
         <run_address>0x2a7</run_address>
         <size>0x63</size>
         <input_file_ref idref="fl-3"/>
      </object_component>
      <object_component id="oc-24">
         <name>.debug_line</name>
         <load_address>0x30a</load_address>
         <run_address>0x30a</run_address>
         <size>0x5c</size>
         <input_file_ref idref="fl-1a"/>
      </object_component>
      <object_component id="oc-2b">
         <name>.debug_line</name>
         <load_address>0x366</load_address>
         <run_address>0x366</run_address>
         <size>0x53</size>
         <input_file_ref idref="fl-1b"/>
      </object_component>
      <object_component id="oc-2f">
         <name>.debug_line</name>
         <load_address>0x3b9</load_address>
         <run_address>0x3b9</run_address>
         <size>0x54</size>
         <input_file_ref idref="fl-1c"/>
      </object_component>
      <object_component id="oc-33">
         <name>.debug_line</name>
         <load_address>0x40d</load_address>
         <run_address>0x40d</run_address>
         <size>0xad</size>
         <input_file_ref idref="fl-1d"/>
      </object_component>
      <object_component id="oc-3a">
         <name>.debug_line</name>
         <load_address>0x4ba</load_address>
         <run_address>0x4ba</run_address>
         <size>0x54</size>
         <input_file_ref idref="fl-1e"/>
      </object_component>
      <object_component id="oc-3f">
         <name>.debug_line</name>
         <load_address>0x50e</load_address>
         <run_address>0x50e</run_address>
         <size>0x39</size>
         <input_file_ref idref="fl-1f"/>
      </object_component>
      <object_component id="oc-43">
         <name>.debug_line</name>
         <load_address>0x547</load_address>
         <run_address>0x547</run_address>
         <size>0x5b</size>
         <input_file_ref idref="fl-20"/>
      </object_component>
      <object_component id="oc-4e">
         <name>.debug_line</name>
         <load_address>0x5a2</load_address>
         <run_address>0x5a2</run_address>
         <size>0x51</size>
         <input_file_ref idref="fl-22"/>
      </object_component>
      <object_component id="oc-55">
         <name>.debug_line</name>
         <load_address>0x5f3</load_address>
         <run_address>0x5f3</run_address>
         <size>0x52</size>
         <input_file_ref idref="fl-23"/>
      </object_component>
      <object_component id="oc-59">
         <name>.debug_line</name>
         <load_address>0x645</load_address>
         <run_address>0x645</run_address>
         <size>0x3d</size>
         <input_file_ref idref="fl-24"/>
      </object_component>
      <object_component id="oc-5d">
         <name>.debug_line</name>
         <load_address>0x682</load_address>
         <run_address>0x682</run_address>
         <size>0x3d</size>
         <input_file_ref idref="fl-25"/>
      </object_component>
      <object_component id="oc-61">
         <name>.debug_line</name>
         <load_address>0x6bf</load_address>
         <run_address>0x6bf</run_address>
         <size>0x3d</size>
         <input_file_ref idref="fl-26"/>
      </object_component>
      <object_component id="oc-66">
         <name>.debug_line</name>
         <load_address>0x6fc</load_address>
         <run_address>0x6fc</run_address>
         <size>0x44</size>
         <input_file_ref idref="fl-27"/>
      </object_component>
      <object_component id="oc-6a">
         <name>.debug_line</name>
         <load_address>0x740</load_address>
         <run_address>0x740</run_address>
         <size>0x40</size>
         <input_file_ref idref="fl-28"/>
      </object_component>
      <object_component id="oc-6f">
         <name>.debug_line</name>
         <load_address>0x780</load_address>
         <run_address>0x780</run_address>
         <size>0x3a</size>
         <input_file_ref idref="fl-29"/>
      </object_component>
      <object_component id="oc-73">
         <name>.debug_line</name>
         <load_address>0x7ba</load_address>
         <run_address>0x7ba</run_address>
         <size>0x3c</size>
         <input_file_ref idref="fl-2a"/>
      </object_component>
      <object_component id="oc-78">
         <name>.debug_line</name>
         <load_address>0x7f6</load_address>
         <run_address>0x7f6</run_address>
         <size>0x3c</size>
         <input_file_ref idref="fl-2b"/>
      </object_component>
      <object_component id="oc-7c">
         <name>.debug_line</name>
         <load_address>0x832</load_address>
         <run_address>0x832</run_address>
         <size>0x3c</size>
         <input_file_ref idref="fl-2c"/>
      </object_component>
      <object_component id="oc-80">
         <name>.debug_line</name>
         <load_address>0x86e</load_address>
         <run_address>0x86e</run_address>
         <size>0x37</size>
         <input_file_ref idref="fl-2d"/>
      </object_component>
      <object_component id="oc-84">
         <name>.debug_line</name>
         <load_address>0x8a5</load_address>
         <run_address>0x8a5</run_address>
         <size>0x69</size>
         <input_file_ref idref="fl-2e"/>
      </object_component>
      <object_component id="oc-89">
         <name>.debug_line</name>
         <load_address>0x90e</load_address>
         <run_address>0x90e</run_address>
         <size>0x3a</size>
         <input_file_ref idref="fl-2f"/>
      </object_component>
      <object_component id="oc-90">
         <name>.debug_line</name>
         <load_address>0x948</load_address>
         <run_address>0x948</run_address>
         <size>0x54</size>
         <input_file_ref idref="fl-30"/>
      </object_component>
      <object_component id="oc-97">
         <name>.debug_line</name>
         <load_address>0x99c</load_address>
         <run_address>0x99c</run_address>
         <size>0x3c</size>
         <input_file_ref idref="fl-31"/>
      </object_component>
      <object_component id="oc-9c">
         <name>.debug_line</name>
         <load_address>0x9d8</load_address>
         <run_address>0x9d8</run_address>
         <size>0x53</size>
         <input_file_ref idref="fl-32"/>
      </object_component>
      <object_component id="oc-a0">
         <name>.debug_line</name>
         <load_address>0xa2b</load_address>
         <run_address>0xa2b</run_address>
         <size>0x37</size>
         <input_file_ref idref="fl-33"/>
      </object_component>
      <object_component id="oc-a5">
         <name>.debug_line</name>
         <load_address>0xa62</load_address>
         <run_address>0xa62</run_address>
         <size>0x38</size>
         <input_file_ref idref="fl-34"/>
      </object_component>
      <object_component id="oc-a9">
         <name>.debug_line</name>
         <load_address>0xa9a</load_address>
         <run_address>0xa9a</run_address>
         <size>0x37</size>
         <input_file_ref idref="fl-35"/>
      </object_component>
      <object_component id="oc-af">
         <name>.debug_line</name>
         <load_address>0xad1</load_address>
         <run_address>0xad1</run_address>
         <size>0x57</size>
         <input_file_ref idref="fl-36"/>
      </object_component>
      <object_component id="oc-b5">
         <name>.debug_line</name>
         <load_address>0xb28</load_address>
         <run_address>0xb28</run_address>
         <size>0x328</size>
         <input_file_ref idref="fl-37"/>
      </object_component>
      <object_component id="oc-b9">
         <name>.debug_line</name>
         <load_address>0xe50</load_address>
         <run_address>0xe50</run_address>
         <size>0x41</size>
         <input_file_ref idref="fl-38"/>
      </object_component>
      <object_component id="oc-bd">
         <name>.debug_line</name>
         <load_address>0xe91</load_address>
         <run_address>0xe91</run_address>
         <size>0x46</size>
         <input_file_ref idref="fl-39"/>
      </object_component>
      <object_component id="oc-c1">
         <name>.debug_line</name>
         <load_address>0xed7</load_address>
         <run_address>0xed7</run_address>
         <size>0x55</size>
         <input_file_ref idref="fl-3a"/>
      </object_component>
      <object_component id="oc-cb">
         <name>.debug_line</name>
         <load_address>0xf2c</load_address>
         <run_address>0xf2c</run_address>
         <size>0x44</size>
         <input_file_ref idref="fl-3d"/>
      </object_component>
      <object_component id="oc-cf">
         <name>.debug_line</name>
         <load_address>0xf70</load_address>
         <run_address>0xf70</run_address>
         <size>0x56</size>
         <input_file_ref idref="fl-3e"/>
      </object_component>
      <object_component id="oc-d4">
         <name>.debug_line</name>
         <load_address>0xfc6</load_address>
         <run_address>0xfc6</run_address>
         <size>0xa8</size>
         <input_file_ref idref="fl-3f"/>
      </object_component>
      <object_component id="oc-d8">
         <name>.debug_line</name>
         <load_address>0x106e</load_address>
         <run_address>0x106e</run_address>
         <size>0x3a</size>
         <input_file_ref idref="fl-40"/>
      </object_component>
      <object_component id="oc-dd">
         <name>.debug_line</name>
         <load_address>0x10a8</load_address>
         <run_address>0x10a8</run_address>
         <size>0x3a</size>
         <input_file_ref idref="fl-41"/>
      </object_component>
      <object_component id="oc-e1">
         <name>.debug_line</name>
         <load_address>0x10e2</load_address>
         <run_address>0x10e2</run_address>
         <size>0x38</size>
         <input_file_ref idref="fl-42"/>
      </object_component>
      <object_component id="oc-e5">
         <name>.debug_line</name>
         <load_address>0x111a</load_address>
         <run_address>0x111a</run_address>
         <size>0xa8</size>
         <input_file_ref idref="fl-43"/>
      </object_component>
      <object_component id="oc-eb">
         <name>.debug_line</name>
         <load_address>0x11c2</load_address>
         <run_address>0x11c2</run_address>
         <size>0x1b0</size>
         <input_file_ref idref="fl-44"/>
      </object_component>
      <object_component id="oc-ef">
         <name>.debug_line</name>
         <load_address>0x1372</load_address>
         <run_address>0x1372</run_address>
         <size>0x40</size>
         <input_file_ref idref="fl-45"/>
      </object_component>
      <object_component id="oc-f3">
         <name>.debug_line</name>
         <load_address>0x13b2</load_address>
         <run_address>0x13b2</run_address>
         <size>0x3c</size>
         <input_file_ref idref="fl-46"/>
      </object_component>
      <object_component id="oc-f7">
         <name>.debug_line</name>
         <load_address>0x13ee</load_address>
         <run_address>0x13ee</run_address>
         <size>0x4d</size>
         <input_file_ref idref="fl-47"/>
      </object_component>
      <object_component id="oc-fb">
         <name>.debug_line</name>
         <load_address>0x143b</load_address>
         <run_address>0x143b</run_address>
         <size>0x3c</size>
         <input_file_ref idref="fl-48"/>
      </object_component>
      <object_component id="oc-ff">
         <name>.debug_line</name>
         <load_address>0x1477</load_address>
         <run_address>0x1477</run_address>
         <size>0x44</size>
         <input_file_ref idref="fl-49"/>
      </object_component>
      <object_component id="oc-104">
         <name>.debug_line</name>
         <load_address>0x14bb</load_address>
         <run_address>0x14bb</run_address>
         <size>0x15d</size>
         <input_file_ref idref="fl-4a"/>
      </object_component>
      <object_component id="oc-10a">
         <name>.debug_line</name>
         <load_address>0x1618</load_address>
         <run_address>0x1618</run_address>
         <size>0x6a</size>
         <input_file_ref idref="fl-4b"/>
      </object_component>
      <object_component id="oc-10e">
         <name>.debug_line</name>
         <load_address>0x1682</load_address>
         <run_address>0x1682</run_address>
         <size>0x58</size>
         <input_file_ref idref="fl-4c"/>
      </object_component>
      <object_component id="oc-112">
         <name>.debug_line</name>
         <load_address>0x16da</load_address>
         <run_address>0x16da</run_address>
         <size>0x57</size>
         <input_file_ref idref="fl-4d"/>
      </object_component>
      <object_component id="oc-116">
         <name>.debug_line</name>
         <load_address>0x1731</load_address>
         <run_address>0x1731</run_address>
         <size>0x3c</size>
         <input_file_ref idref="fl-4e"/>
      </object_component>
      <object_component id="oc-11a">
         <name>.debug_line</name>
         <load_address>0x176d</load_address>
         <run_address>0x176d</run_address>
         <size>0x5b</size>
         <input_file_ref idref="fl-4f"/>
      </object_component>
      <object_component id="oc-11e">
         <name>.debug_line</name>
         <load_address>0x17c8</load_address>
         <run_address>0x17c8</run_address>
         <size>0x3c</size>
         <input_file_ref idref="fl-50"/>
      </object_component>
      <object_component id="oc-122">
         <name>.debug_line</name>
         <load_address>0x1804</load_address>
         <run_address>0x1804</run_address>
         <size>0x3f</size>
         <input_file_ref idref="fl-51"/>
      </object_component>
      <object_component id="oc-128">
         <name>.debug_line</name>
         <load_address>0x1843</load_address>
         <run_address>0x1843</run_address>
         <size>0xd7</size>
         <input_file_ref idref="fl-52"/>
      </object_component>
      <object_component id="oc-12f">
         <name>.debug_line</name>
         <load_address>0x191a</load_address>
         <run_address>0x191a</run_address>
         <size>0x112</size>
         <input_file_ref idref="fl-53"/>
      </object_component>
      <object_component id="oc-133">
         <name>.debug_line</name>
         <load_address>0x1a2c</load_address>
         <run_address>0x1a2c</run_address>
         <size>0x3d</size>
         <input_file_ref idref="fl-54"/>
      </object_component>
      <object_component id="oc-137">
         <name>.debug_line</name>
         <load_address>0x1a69</load_address>
         <run_address>0x1a69</run_address>
         <size>0x39</size>
         <input_file_ref idref="fl-55"/>
      </object_component>
      <object_component id="oc-1a">
         <name>.debug_abbrev</name>
         <load_address>0x0</load_address>
         <run_address>0x0</run_address>
         <size>0x150</size>
         <input_file_ref idref="fl-2"/>
      </object_component>
      <object_component id="oc-21">
         <name>.debug_abbrev</name>
         <load_address>0x150</load_address>
         <run_address>0x150</run_address>
         <size>0xae</size>
         <input_file_ref idref="fl-3"/>
      </object_component>
      <object_component id="oc-25">
         <name>.debug_abbrev</name>
         <load_address>0x1fe</load_address>
         <run_address>0x1fe</run_address>
         <size>0xd4</size>
         <input_file_ref idref="fl-1a"/>
      </object_component>
      <object_component id="oc-2c">
         <name>.debug_abbrev</name>
         <load_address>0x2d2</load_address>
         <run_address>0x2d2</run_address>
         <size>0xac</size>
         <input_file_ref idref="fl-1b"/>
      </object_component>
      <object_component id="oc-30">
         <name>.debug_abbrev</name>
         <load_address>0x37e</load_address>
         <run_address>0x37e</run_address>
         <size>0x3a</size>
         <input_file_ref idref="fl-1c"/>
      </object_component>
      <object_component id="oc-34">
         <name>.debug_abbrev</name>
         <load_address>0x3b8</load_address>
         <run_address>0x3b8</run_address>
         <size>0xb7</size>
         <input_file_ref idref="fl-1d"/>
      </object_component>
      <object_component id="oc-3b">
         <name>.debug_abbrev</name>
         <load_address>0x46f</load_address>
         <run_address>0x46f</run_address>
         <size>0xcc</size>
         <input_file_ref idref="fl-1e"/>
      </object_component>
      <object_component id="oc-40">
         <name>.debug_abbrev</name>
         <load_address>0x53b</load_address>
         <run_address>0x53b</run_address>
         <size>0xb6</size>
         <input_file_ref idref="fl-1f"/>
      </object_component>
      <object_component id="oc-44">
         <name>.debug_abbrev</name>
         <load_address>0x5f1</load_address>
         <run_address>0x5f1</run_address>
         <size>0x112</size>
         <input_file_ref idref="fl-20"/>
      </object_component>
      <object_component id="oc-48">
         <name>.debug_abbrev</name>
         <load_address>0x703</load_address>
         <run_address>0x703</run_address>
         <size>0x44</size>
         <input_file_ref idref="fl-21"/>
      </object_component>
      <object_component id="oc-4f">
         <name>.debug_abbrev</name>
         <load_address>0x747</load_address>
         <run_address>0x747</run_address>
         <size>0xf7</size>
         <input_file_ref idref="fl-22"/>
      </object_component>
      <object_component id="oc-56">
         <name>.debug_abbrev</name>
         <load_address>0x83e</load_address>
         <run_address>0x83e</run_address>
         <size>0xd3</size>
         <input_file_ref idref="fl-23"/>
      </object_component>
      <object_component id="oc-5a">
         <name>.debug_abbrev</name>
         <load_address>0x911</load_address>
         <run_address>0x911</run_address>
         <size>0x8f</size>
         <input_file_ref idref="fl-24"/>
      </object_component>
      <object_component id="oc-5e">
         <name>.debug_abbrev</name>
         <load_address>0x9a0</load_address>
         <run_address>0x9a0</run_address>
         <size>0xb7</size>
         <input_file_ref idref="fl-25"/>
      </object_component>
      <object_component id="oc-62">
         <name>.debug_abbrev</name>
         <load_address>0xa57</load_address>
         <run_address>0xa57</run_address>
         <size>0x8f</size>
         <input_file_ref idref="fl-26"/>
      </object_component>
      <object_component id="oc-67">
         <name>.debug_abbrev</name>
         <load_address>0xae6</load_address>
         <run_address>0xae6</run_address>
         <size>0xc2</size>
         <input_file_ref idref="fl-27"/>
      </object_component>
      <object_component id="oc-6b">
         <name>.debug_abbrev</name>
         <load_address>0xba8</load_address>
         <run_address>0xba8</run_address>
         <size>0x9a</size>
         <input_file_ref idref="fl-28"/>
      </object_component>
      <object_component id="oc-70">
         <name>.debug_abbrev</name>
         <load_address>0xc42</load_address>
         <run_address>0xc42</run_address>
         <size>0x9f</size>
         <input_file_ref idref="fl-29"/>
      </object_component>
      <object_component id="oc-74">
         <name>.debug_abbrev</name>
         <load_address>0xce1</load_address>
         <run_address>0xce1</run_address>
         <size>0x38</size>
         <input_file_ref idref="fl-2a"/>
      </object_component>
      <object_component id="oc-79">
         <name>.debug_abbrev</name>
         <load_address>0xd19</load_address>
         <run_address>0xd19</run_address>
         <size>0x98</size>
         <input_file_ref idref="fl-2b"/>
      </object_component>
      <object_component id="oc-7d">
         <name>.debug_abbrev</name>
         <load_address>0xdb1</load_address>
         <run_address>0xdb1</run_address>
         <size>0xdc</size>
         <input_file_ref idref="fl-2c"/>
      </object_component>
      <object_component id="oc-81">
[...]
         <object_component_ref idref="oc-14"/>
      </symbol>
      <symbol id="sm-98">
         <name>_cordic_rec2pol</name>
         <value>0x1b07</value>
         <object_component_ref idref="oc-14"/>
      </symbol>
      <symbol id="sm-99">
         <name>_cordic_sin</name>
         <value>0x18a4</value>
         <object_component_ref idref="oc-14"/>
      </symbol>
      <symbol id="sm-9a">
         <name>___d</name>
         <value>0x1e83</value>
         <object_component_ref idref="oc-14"/>
      </symbol>
      <symbol id="sm-9b">
         <name>_cordic_sinh</name>
         <value>0x197e</value>
         <object_component_ref idref="oc-14"/>
      </symbol>
      <symbol id="sm-9c">
         <name>_cordic_pol2rec</name>
         <value>0x1a58</value>
         <object_component_ref idref="oc-14"/>
      </symbol>
      <symbol id="sm-9d">
         <name>_cordic_divide</name>
         <value>0x1c38</value>
         <object_component_ref idref="oc-14"/>
      </symbol>
      <symbol id="sm-9e">
         <name>_cordic_multiply</name>
         <value>0x1bcb</value>
         <object_component_ref idref="oc-14"/>
      </symbol>
      <symbol id="sm-be">
         <name>_main</name>
         <value>0x434b</value>
         <object_component_ref idref="oc-1b"/>
      </symbol>
      <symbol id="sm-c8">
         <name>__addd</name>
         <value>0x3684</value>
         <object_component_ref idref="oc-22"/>
      </symbol>
      <symbol id="sm-d9">
         <name>_atan</name>
         <value>0x48d5</value>
         <object_component_ref idref="oc-26"/>
      </symbol>
      <symbol id="sm-e5">
         <name>__sysstack</name>
         <value>0x9800</value>
         <object_component_ref idref="oc-139"/>
      </symbol>
      <symbol id="sm-e6">
         <name>_c_int00</name>
         <value>0x56b9</value>
         <object_component_ref idref="oc-12"/>
      </symbol>
      <symbol id="sm-e7">
         <name>__stack</name>
         <value>0x5800</value>
         <object_component_ref idref="oc-2d"/>
      </symbol>
      <symbol id="sm-f1">
         <name>__eqld</name>
         <value>0x3e46</value>
         <object_component_ref idref="oc-31"/>
      </symbol>
      <symbol id="sm-f2">
         <name>__cmpd</name>
         <value>0x3e7a</value>
         <object_component_ref idref="oc-31"/>
      </symbol>
      <symbol id="sm-f3">
         <name>__neqd</name>
         <value>0x3ce8</value>
         <object_component_ref idref="oc-31"/>
      </symbol>
      <symbol id="sm-f4">
         <name>__gtrd</name>
         <value>0x3db1</value>
         <object_component_ref idref="oc-31"/>
      </symbol>
      <symbol id="sm-f5">
         <name>__geqd</name>
         <value>0x3dfc</value>
         <object_component_ref idref="oc-31"/>
      </symbol>
      <symbol id="sm-f6">
         <name>__leqd</name>
         <value>0x3d64</value>
         <object_component_ref idref="oc-31"/>
      </symbol>
      <symbol id="sm-f7">
         <name>__lssd</name>
         <value>0x3d1c</value>
         <object_component_ref idref="oc-31"/>
      </symbol>
      <symbol id="sm-108">
         <name>_cos</name>
         <value>0x38de</value>
         <object_component_ref idref="oc-35"/>
      </symbol>
      <symbol id="sm-114">
         <name>_cosh</name>
         <value>0x49b9</value>
         <object_component_ref idref="oc-3c"/>
      </symbol>
      <symbol id="sm-120">
         <name>__divd</name>
         <value>0x2ddb</value>
         <object_component_ref idref="oc-41"/>
      </symbol>
      <symbol id="sm-12a">
         <name>_errno</name>
         <value>0xb2f2</value>
         <object_component_ref idref="oc-45"/>
      </symbol>
      <symbol id="sm-13a">
         <name>C$$EXIT</name>
         <value>0x57de</value>
         <object_component_ref idref="oc-4d"/>
      </symbol>
      <symbol id="sm-13b">
         <name>_exit</name>
         <value>0x567b</value>
         <object_component_ref idref="oc-49"/>
      </symbol>
      <symbol id="sm-13c">
         <name>_abort</name>
         <value>0x57dd</value>
         <object_component_ref idref="oc-4d"/>
      </symbol>
      <symbol id="sm-13d">
         <name>__cleanup_ptr</name>
         <value>0xb454</value>
         <object_component_ref idref="oc-4a"/>
      </symbol>
      <symbol id="sm-13e">
         <name>__dtors_ptr</name>
         <value>0xb458</value>
         <object_component_ref idref="oc-4a"/>
      </symbol>
      <symbol id="sm-14f">
         <name>_exp</name>
         <value>0x3ed2</value>
         <object_component_ref idref="oc-50"/>
      </symbol>
      <symbol id="sm-159">
         <name>__fixdi</name>
         <value>0x56ed</value>
         <object_component_ref idref="oc-57"/>
      </symbol>
      <symbol id="sm-163">
         <name>__fixdli</name>
         <value>0x5217</value>
         <object_component_ref idref="oc-5b"/>
      </symbol>
      <symbol id="sm-16d">
         <name>__fltid</name>
         <value>0x57c7</value>
         <object_component_ref idref="oc-5f"/>
      </symbol>
      <symbol id="sm-179">
         <name>__fltlid</name>
         <value>0x535e</value>
         <object_component_ref idref="oc-63"/>
      </symbol>
      <symbol id="sm-183">
         <name>__frcmpyd_div</name>
         <value>0x5132</value>
         <object_component_ref idref="oc-68"/>
      </symbol>
      <symbol id="sm-18f">
         <name>_ldexp</name>
         <value>0x46fd</value>
         <object_component_ref idref="oc-6c"/>
      </symbol>
      <symbol id="sm-197">
         <name>__mpyli</name>
         <value>0x5792</value>
         <object_component_ref idref="oc-71"/>
      </symbol>
      <symbol id="sm-198">
         <name>I$$LMPY</name>
         <value>0x5792</value>
         <object_component_ref idref="oc-71"/>
      </symbol>
      <symbol id="sm-1a4">
         <name>_modf</name>
         <value>0x4d04</value>
         <object_component_ref idref="oc-75"/>
      </symbol>
      <symbol id="sm-1ae">
         <name>__mpyd</name>
         <value>0x449b</value>
         <object_component_ref idref="oc-7a"/>
      </symbol>
      <symbol id="sm-1b8">
         <name>__negd</name>
         <value>0x57b7</value>
         <object_component_ref idref="oc-7e"/>
      </symbol>
      <symbol id="sm-1c2">
         <name>_printf</name>
         <value>0x5480</value>
         <object_component_ref idref="oc-82"/>
      </symbol>
      <symbol id="sm-1ce">
         <name>__nround</name>
         <value>0x53c5</value>
         <object_component_ref idref="oc-86"/>
      </symbol>
      <symbol id="sm-1df">
         <name>_sin</name>
         <value>0x3af6</value>
         <object_component_ref idref="oc-8b"/>
      </symbol>
      <symbol id="sm-1ef">
         <name>_sinh</name>
         <value>0x41eb</value>
         <object_component_ref idref="oc-92"/>
      </symbol>
      <symbol id="sm-1fc">
         <name>_sqrt</name>
         <value>0x45e7</value>
         <object_component_ref idref="oc-99"/>
      </symbol>
      <symbol id="sm-206">
         <name>__subd</name>
         <value>0x577e</value>
         <object_component_ref idref="oc-9e"/>
      </symbol>
      <symbol id="sm-212">
         <name>__trunc</name>
         <value>0x55fb</value>
         <object_component_ref idref="oc-a2"/>
      </symbol>
      <symbol id="sm-21c">
         <name>_Reset</name>
         <value>0xfe00</value>
         <object_component_ref idref="oc-13"/>
      </symbol>
      <symbol id="sm-22a">
         <name>__unlock</name>
         <value>0xb450</value>
         <object_component_ref idref="oc-ac"/>
      </symbol>
      <symbol id="sm-22b">
         <name>__lock</name>
         <value>0xb44c</value>
         <object_component_ref idref="oc-ac"/>
      </symbol>
      <symbol id="sm-22c">
         <name>__register_lock</name>
         <value>0x57ad</value>
         <object_component_ref idref="oc-ab"/>
      </symbol>
      <symbol id="sm-22d">
         <name>__nop</name>
         <value>0x57b5</value>
         <object_component_ref idref="oc-ab"/>
      </symbol>
      <symbol id="sm-22e">
         <name>__register_unlock</name>
         <value>0x57a5</value>
         <object_component_ref idref="oc-ab"/>
      </symbol>
      <symbol id="sm-240">
         <name>__printfi</name>
         <value>0x1662</value>
         <object_component_ref idref="oc-b1"/>
      </symbol>
      <symbol id="sm-24a">
         <name>__args_main</name>
         <value>0x551d</value>
         <object_component_ref idref="oc-b7"/>
      </symbol>
      <symbol id="sm-24b">
         <name>__TI_args_main</name>
         <value>0x1</value>
      </symbol>
      <symbol id="sm-255">
         <name>_atoi</name>
         <value>0x5424</value>
         <object_component_ref idref="oc-bb"/>
      </symbol>
      <symbol id="sm-25d">
         <name>_auto_init</name>
         <value>0x54d0</value>
         <object_component_ref idref="oc-bf"/>
      </symbol>
      <symbol id="sm-265">
         <name>__ctypes_</name>
         <value>0xa800</value>
         <object_component_ref idref="oc-13f"/>
      </symbol>
      <symbol id="sm-26f">
         <name>__tmpnams</name>
         <value>0xb010</value>
         <object_component_ref idref="oc-c5"/>
      </symbol>
      <symbol id="sm-270">
         <name>__ft_end</name>
         <value>0xb150</value>
         <object_component_ref idref="oc-c5"/>
      </symbol>
      <symbol id="sm-271">
         <name>__ftable</name>
         <value>0xaf20</value>
         <object_component_ref idref="oc-c5"/>
      </symbol>
      <symbol id="sm-27c">
         <name>__divul</name>
         <value>0x4f23</value>
         <object_component_ref idref="oc-c9"/>
      </symbol>
      <symbol id="sm-286">
         <name>_putchar</name>
         <value>0x4f14</value>
         <object_component_ref idref="oc-cd"/>
      </symbol>
      <symbol id="sm-287">
         <name>_putc</name>
         <value>0x4e7d</value>
         <object_component_ref idref="oc-cd"/>
      </symbol>
      <symbol id="sm-288">
         <name>_fputc</name>
         <value>0x4e7d</value>
         <object_component_ref idref="oc-cd"/>
      </symbol>
      <symbol id="sm-296">
         <name>_puts</name>
         <value>0x41bd</value>
         <object_component_ref idref="oc-d1"/>
      </symbol>
      <symbol id="sm-297">
         <name>_fputs</name>
         <value>0x4088</value>
         <object_component_ref idref="oc-d1"/>
      </symbol>
      <symbol id="sm-2a1">
         <name>__frcmpyd</name>
         <value>0x50bc</value>
         <object_component_ref idref="oc-d6"/>
      </symbol>
      <symbol id="sm-2ad">
         <name>_frexp</name>
         <value>0x4b76</value>
         <object_component_ref idref="oc-da"/>
      </symbol>
      <symbol id="sm-2b7">
         <name>___isinf</name>
         <value>0x5764</value>
         <object_component_ref idref="oc-df"/>
      </symbol>
      <symbol id="sm-2c1">
         <name>__divull</name>
         <value>0x355b</value>
         <object_component_ref idref="oc-e3"/>
      </symbol>
      <symbol id="sm-2c2">
         <name>__mpylli</name>
         <value>0x34a3</value>
         <object_component_ref idref="oc-e3"/>
      </symbol>
      <symbol id="sm-2c3">
         <name>__remlli</name>
         <value>0x3474</value>
         <object_component_ref idref="oc-e3"/>
      </symbol>
      <symbol id="sm-2c4">
         <name>__divlli</name>
         <value>0x364f</value>
         <object_component_ref idref="oc-e3"/>
      </symbol>
      <symbol id="sm-2c5">
         <name>__remull</name>
         <value>0x3426</value>
         <object_component_ref idref="oc-e3"/>
      </symbol>
      <symbol id="sm-2d7">
         <name>_add_device</name>
         <value>0x230e</value>
         <object_component_ref idref="oc-e7"/>
      </symbol>
      <symbol id="sm-2d8">
         <name>_rename</name>
         <value>0x2030</value>
         <object_component_ref idref="oc-e7"/>
      </symbol>
      <symbol id="sm-2d9">
         <name>_read</name>
         <value>0x20bf</value>
         <object_component_ref idref="oc-e7"/>
      </symbol>
      <symbol id="sm-2da">
         <name>_unlink</name>
         <value>0x1ffd</value>
         <object_component_ref idref="oc-e7"/>
      </symbol>
      <symbol id="sm-2db">
         <name>_remove_device</name>
         <value>0x2089</value>
         <object_component_ref idref="oc-e7"/>
      </symbol>
      <symbol id="sm-2dc">
         <name>_open</name>
         <value>0x216d</value>
         <object_component_ref idref="oc-e7"/>
      </symbol>
      <symbol id="sm-2dd">
         <name>_find_registered_device</name>
         <value>0x2292</value>
         <object_component_ref idref="oc-e7"/>
      </symbol>
      <symbol id="sm-2de">
         <name>_lseek</name>
         <value>0x222c</value>
         <object_component_ref idref="oc-e7"/>
      </symbol>
      <symbol id="sm-2df">
         <name>_close</name>
         <value>0x229b</value>
         <object_component_ref idref="oc-e7"/>
      </symbol>
      <symbol id="sm-2e0">
         <name>_write</name>
         <value>0x1ebb</value>
         <object_component_ref idref="oc-e7"/>
      </symbol>
      <symbol id="sm-2ea">
         <name>_ltoa</name>
         <value>0x4fc4</value>
         <object_component_ref idref="oc-ed"/>
      </symbol>
      <symbol id="sm-2f5">
         <name>_memccpy</name>
         <value>0x5741</value>
         <object_component_ref idref="oc-f1"/>
      </symbol>
      <symbol id="sm-2fd">
         <name>_memcpy</name>
         <value>0x563c</value>
         <object_component_ref idref="oc-f5"/>
      </symbol>
      <symbol id="sm-307">
         <name>__remli</name>
         <value>0x5568</value>
         <object_component_ref idref="oc-f9"/>
      </symbol>
      <symbol id="sm-312">
         <name>__remul</name>
         <value>0x51a5</value>
         <object_component_ref idref="oc-fd"/>
      </symbol>
      <symbol id="sm-31e">
         <name>_HOSTopen</name>
         <value>0x2709</value>
         <object_component_ref idref="oc-101"/>
      </symbol>
      <symbol id="sm-31f">
         <name>_HOSTread</name>
         <value>0x267c</value>
         <object_component_ref idref="oc-101"/>
      </symbol>
      <symbol id="sm-320">
         <name>_HOSTtime</name>
         <value>0x2570</value>
         <object_component_ref idref="oc-101"/>
      </symbol>
      <symbol id="sm-321">
         <name>_getenv</name>
         <value>0x23fe</value>
         <object_component_ref idref="oc-101"/>
      </symbol>
      <symbol id="sm-322">
         <name>_HOSTrename</name>
         <value>0x25ce</value>
         <object_component_ref idref="oc-101"/>
      </symbol>
      <symbol id="sm-323">
         <name>_HOSTclock</name>
         <value>0x28c8</value>
         <object_component_ref idref="oc-101"/>
      </symbol>
      <symbol id="sm-324">
         <name>_HOSTwrite</name>
         <value>0x2479</value>
         <object_component_ref idref="oc-101"/>
      </symbol>
      <symbol id="sm-325">
         <name>_HOSTlseek</name>
         <value>0x27a8</value>
         <object_component_ref idref="oc-101"/>
      </symbol>
      <symbol id="sm-326">
         <name>_HOSTunlink</name>
         <value>0x2506</value>
         <object_component_ref idref="oc-101"/>
      </symbol>
      <symbol id="sm-327">
         <name>_HOSTclose</name>
         <value>0x285d</value>
         <object_component_ref idref="oc-101"/>
      </symbol>
      <symbol id="sm-339">
         <name>C$$IO$$</name>
         <value>0x4e78</value>
         <object_component_ref idref="oc-109"/>
      </symbol>
      <symbol id="sm-33a">
         <name>__CIOBUF_</name>
         <value>0xb460</value>
         <object_component_ref idref="oc-108"/>
      </symbol>
      <symbol id="sm-33b">
         <name>_readmsg</name>
         <value>0x5286</value>
         <object_component_ref idref="oc-106"/>
      </symbol>
      <symbol id="sm-33c">
         <name>_writemsg</name>
         <value>0x4dc3</value>
         <object_component_ref idref="oc-109"/>
      </symbol>
      <symbol id="sm-344">
         <name>__remu</name>
         <value>0x572c</value>
         <object_component_ref idref="oc-10c"/>
      </symbol>
      <symbol id="sm-345">
         <name>__divu</name>
         <value>0x5717</value>
         <object_component_ref idref="oc-10c"/>
      </symbol>
      <symbol id="sm-346">
         <name>I$$UMOD</name>
         <value>0x572c</value>
         <object_component_ref idref="oc-10c"/>
      </symbol>
      <symbol id="sm-347">
         <name>I$$UDIV</name>
         <value>0x5717</value>
         <object_component_ref idref="oc-10c"/>
      </symbol>
      <symbol id="sm-351">
         <name>__rd_ok</name>
         <value>0x4b19</value>
         <object_component_ref idref="oc-110"/>
      </symbol>
      <symbol id="sm-352">
         <name>__wrt_ok</name>
         <value>0x4a99</value>
         <object_component_ref idref="oc-110"/>
      </symbol>
      <symbol id="sm-35c">
         <name>__divli</name>
         <value>0x55b3</value>
         <object_component_ref idref="oc-114"/>
      </symbol>
      <symbol id="sm-366">
         <name>__doflush</name>
         <value>0x4c42</value>
         <object_component_ref idref="oc-118"/>
      </symbol>
      <symbol id="sm-367">
         <name>_fflush</name>
         <value>0x4cab</value>
         <object_component_ref idref="oc-118"/>
      </symbol>
      <symbol id="sm-371">
         <name>_fseek</name>
         <value>0x52f3</value>
         <object_component_ref idref="oc-11c"/>
      </symbol>
      <symbol id="sm-37b">
         <name>_setvbuf</name>
         <value>0x47ef</value>
         <object_component_ref idref="oc-120"/>
      </symbol>
      <symbol id="sm-38a">
         <name>__cleanup</name>
         <value>0x32c8</value>
         <object_component_ref idref="oc-124"/>
      </symbol>
      <symbol id="sm-38b">
         <name>_fopen</name>
         <value>0x33eb</value>
         <object_component_ref idref="oc-124"/>
      </symbol>
      <symbol id="sm-38c">
         <name>_freopen</name>
         <value>0x3322</value>
         <object_component_ref idref="oc-124"/>
      </symbol>
      <symbol id="sm-39c">
         <name>__sys_memory</name>
         <value>0x7800</value>
         <object_component_ref idref="oc-12e"/>
      </symbol>
      <symbol id="sm-39d">
         <name>_chkheap</name>
         <value>0x2dad</value>
         <object_component_ref idref="oc-12a"/>
      </symbol>
      <symbol id="sm-39e">
         <name>_realloc</name>
         <value>0x2b4c</value>
         <object_component_ref idref="oc-12a"/>
      </symbol>
      <symbol id="sm-39f">
         <name>_free_memory</name>
         <value>0x2d57</value>
         <object_component_ref idref="oc-12a"/>
      </symbol>
      <symbol id="sm-3a0">
         <name>_max_free</name>
         <value>0x2cfd</value>
         <object_component_ref idref="oc-12a"/>
      </symbol>
      <symbol id="sm-3a1">
         <name>_free</name>
         <value>0x2926</value>
         <object_component_ref idref="oc-12a"/>
      </symbol>
      <symbol id="sm-3a2">
         <name>_calloc</name>
         <value>0x2db5</value>
         <object_component_ref idref="oc-12a"/>
      </symbol>
      <symbol id="sm-3a3">
         <name>_malloc</name>
         <value>0x2a57</value>
         <object_component_ref idref="oc-12a"/>
      </symbol>
      <symbol id="sm-3a4">
         <name>_minit</name>
         <value>0x29f2</value>
         <object_component_ref idref="oc-12a"/>
      </symbol>
      <symbol id="sm-3ae">
         <name>_fclose</name>
         <value>0x5041</value>
         <object_component_ref idref="oc-131"/>
      </symbol>
      <symbol id="sm-3b8">
         <name>_remove</name>
         <value>0x57d3</value>
         <object_component_ref idref="oc-135"/>
      </symbol>
   </symbol_table>
</link_info>
